Archive member included to satisfy reference by file (symbol)

c:/ac6/systemworkbench/plugins/fr.ac6.mcu.externaltools.arm-none.win32_1.17.0.201812190825/tools/compiler/bin/../lib/gcc/arm-none-eabi/7.3.1/thumb/v7e-m/fpv4-sp/hard\libgcc.a(_aeabi_uldivmod.o)
                              Drivers/STM32F4xx_HAL_Driver/Src/stm32f4xx_hal_rcc.o (__aeabi_uldivmod)
c:/ac6/systemworkbench/plugins/fr.ac6.mcu.externaltools.arm-none.win32_1.17.0.201812190825/tools/compiler/bin/../lib/gcc/arm-none-eabi/7.3.1/thumb/v7e-m/fpv4-sp/hard\libgcc.a(_udivmoddi4.o)
                              c:/ac6/systemworkbench/plugins/fr.ac6.mcu.externaltools.arm-none.win32_1.17.0.201812190825/tools/compiler/bin/../lib/gcc/arm-none-eabi/7.3.1/thumb/v7e-m/fpv4-sp/hard\libgcc.a(_aeabi_uldivmod.o) (__udivmoddi4)
c:/ac6/systemworkbench/plugins/fr.ac6.mcu.externaltools.arm-none.win32_1.17.0.201812190825/tools/compiler/bin/../lib/gcc/arm-none-eabi/7.3.1/thumb/v7e-m/fpv4-sp/hard\libgcc.a(_dvmd_tls.o)
                              c:/ac6/systemworkbench/plugins/fr.ac6.mcu.externaltools.arm-none.win32_1.17.0.201812190825/tools/compiler/bin/../lib/gcc/arm-none-eabi/7.3.1/thumb/v7e-m/fpv4-sp/hard\libgcc.a(_aeabi_uldivmod.o) (__aeabi_ldiv0)
c:/ac6/systemworkbench/plugins/fr.ac6.mcu.externaltools.arm-none.win32_1.17.0.201812190825/tools/compiler/bin/../lib/gcc/arm-none-eabi/7.3.1/../../../../arm-none-eabi/lib/thumb/v7e-m/fpv4-sp/hard\libc_nano.a(lib_a-errno.o)
                              Core/Src/syscalls.o (__errno)
c:/ac6/systemworkbench/plugins/fr.ac6.mcu.externaltools.arm-none.win32_1.17.0.201812190825/tools/compiler/bin/../lib/gcc/arm-none-eabi/7.3.1/../../../../arm-none-eabi/lib/thumb/v7e-m/fpv4-sp/hard\libc_nano.a(lib_a-exit.o)
                              c:/ac6/systemworkbench/plugins/fr.ac6.mcu.externaltools.arm-none.win32_1.17.0.201812190825/tools/compiler/bin/../lib/gcc/arm-none-eabi/7.3.1/../../../../arm-none-eabi/lib/thumb/v7e-m/fpv4-sp/hard/crt0.o (exit)
c:/ac6/systemworkbench/plugins/fr.ac6.mcu.externaltools.arm-none.win32_1.17.0.201812190825/tools/compiler/bin/../lib/gcc/arm-none-eabi/7.3.1/../../../../arm-none-eabi/lib/thumb/v7e-m/fpv4-sp/hard\libc_nano.a(lib_a-impure.o)
                              c:/ac6/systemworkbench/plugins/fr.ac6.mcu.externaltools.arm-none.win32_1.17.0.201812190825/tools/compiler/bin/../lib/gcc/arm-none-eabi/7.3.1/../../../../arm-none-eabi/lib/thumb/v7e-m/fpv4-sp/hard\libc_nano.a(lib_a-exit.o) (_global_impure_ptr)
c:/ac6/systemworkbench/plugins/fr.ac6.mcu.externaltools.arm-none.win32_1.17.0.201812190825/tools/compiler/bin/../lib/gcc/arm-none-eabi/7.3.1/../../../../arm-none-eabi/lib/thumb/v7e-m/fpv4-sp/hard\libc_nano.a(lib_a-init.o)
                              c:/ac6/systemworkbench/plugins/fr.ac6.mcu.externaltools.arm-none.win32_1.17.0.201812190825/tools/compiler/bin/../lib/gcc/arm-none-eabi/7.3.1/../../../../arm-none-eabi/lib/thumb/v7e-m/fpv4-sp/hard/crt0.o (__libc_init_array)
c:/ac6/systemworkbench/plugins/fr.ac6.mcu.externaltools.arm-none.win32_1.17.0.201812190825/tools/compiler/bin/../lib/gcc/arm-none-eabi/7.3.1/../../../../arm-none-eabi/lib/thumb/v7e-m/fpv4-sp/hard\libc_nano.a(lib_a-memset.o)
                              c:/ac6/systemworkbench/plugins/fr.ac6.mcu.externaltools.arm-none.win32_1.17.0.201812190825/tools/compiler/bin/../lib/gcc/arm-none-eabi/7.3.1/../../../../arm-none-eabi/lib/thumb/v7e-m/fpv4-sp/hard/crt0.o (memset)
c:/ac6/systemworkbench/plugins/fr.ac6.mcu.externaltools.arm-none.win32_1.17.0.201812190825/tools/compiler/bin/../lib/gcc/arm-none-eabi/7.3.1/../../../../arm-none-eabi/lib/thumb/v7e-m/fpv4-sp/hard\libc_nano.a(lib_a-strlen.o)
                              Core/Src/main.o (strlen)

Allocating common symbols
Common symbol       size              file

buffer_receive      0x64              Core/Src/main.o
uwTick              0x4               Drivers/STM32F4xx_HAL_Driver/Src/stm32f4xx_hal.o
pFlash              0x20              Drivers/STM32F4xx_HAL_Driver/Src/stm32f4xx_hal_flash.o
igpio               0x14              Core/Src/main.o
temp_rev            0x1               Core/Src/main.o
huart2              0x40              Core/Src/main.o
htime2              0x40              Core/Src/main.o

Discarded input sections

 .text          0x00000000        0x0 c:/ac6/systemworkbench/plugins/fr.ac6.mcu.externaltools.arm-none.win32_1.17.0.201812190825/tools/compiler/bin/../lib/gcc/arm-none-eabi/7.3.1/thumb/v7e-m/fpv4-sp/hard/crti.o
 .data          0x00000000        0x0 c:/ac6/systemworkbench/plugins/fr.ac6.mcu.externaltools.arm-none.win32_1.17.0.201812190825/tools/compiler/bin/../lib/gcc/arm-none-eabi/7.3.1/thumb/v7e-m/fpv4-sp/hard/crti.o
 .bss           0x00000000        0x0 c:/ac6/systemworkbench/plugins/fr.ac6.mcu.externaltools.arm-none.win32_1.17.0.201812190825/tools/compiler/bin/../lib/gcc/arm-none-eabi/7.3.1/thumb/v7e-m/fpv4-sp/hard/crti.o
[...]
Memory Configuration

Name             Origin             Length             Attributes
RAM              0x20000000         0x00020000         xrw
CCMRAM           0x10000000         0x00010000         xrw
FLASH            0x08000000         0x00100000         xr
*default*        0x00000000         0xffffffff

Linker script and memory map

LOAD c:/ac6/systemworkbench/plugins/fr.ac6.mcu.externaltools.arm-none.win32_1.17.0.201812190825/tools/compiler/bin/../lib/gcc/arm-none-eabi/7.3.1/thumb/v7e-m/fpv4-sp/hard/crti.o
LOAD c:/ac6/systemworkbench/plugins/fr.ac6.mcu.externaltools.arm-none.win32_1.17.0.201812190825/tools/compiler/bin/../lib/gcc/arm-none-eabi/7.3.1/thumb/v7e-m/fpv4-sp/hard/crtbegin.o
LOAD c:/ac6/systemworkbench/plugins/fr.ac6.mcu.externaltools.arm-none.win32_1.17.0.201812190825/tools/compiler/bin/../lib/gcc/arm-none-eabi/7.3.1/../../../../arm-none-eabi/lib/thumb/v7e-m/fpv4-sp/hard/crt0.o
LOAD Core/Src/it.o
LOAD Core/Src/main.o
LOAD Core/Src/msp.o
LOAD Core/Src/syscalls.o
LOAD Core/Src/system_stm32f4xx.o
LOAD Drivers/STM32F4xx_HAL_Driver/Src/stm32f4xx_hal.o
LOAD Drivers/STM32F4xx_HAL_Driver/Src/stm32f4xx_hal_cortex.o
LOAD Drivers/STM32F4xx_HAL_Driver/Src/stm32f4xx_hal_dma.o
LOAD Drivers/STM32F4xx_HAL_Driver/Src/stm32f4xx_hal_dma_ex.o
LOAD Drivers/STM32F4xx_HAL_Driver/Src/stm32f4xx_hal_exti.o
LOAD Drivers/STM32F4xx_HAL_Driver/Src/stm32f4xx_hal_flash.o
LOAD Drivers/STM32F4xx_HAL_Driver/Src/stm32f4xx_hal_flash_ex.o
LOAD Drivers/STM32F4xx_HAL_Driver/Src/stm32f4xx_hal_flash_ramfunc.o
LOAD Drivers/STM32F4xx_HAL_Driver/Src/stm32f4xx_hal_gpio.o
LOAD Drivers/STM32F4xx_HAL_Driver/Src/stm32f4xx_hal_hcd.o
LOAD Drivers/STM32F4xx_HAL_Driver/Src/stm32f4xx_hal_i2c.o
LOAD Drivers/STM32F4xx_HAL_Driver/Src/stm32f4xx_hal_i2c_ex.o
LOAD Drivers/STM32F4xx_HAL_Driver/Src/stm32f4xx_hal_i2s.o
LOAD Drivers/STM32F4xx_HAL_Driver/Src/stm32f4xx_hal_i2s_ex.o
LOAD Drivers/STM32F4xx_HAL_Driver/Src/stm32f4xx_hal_pwr.o
LOAD Drivers/STM32F4xx_HAL_Driver/Src/stm32f4xx_hal_pwr_ex.o
LOAD Drivers/STM32F4xx_HAL_Driver/Src/stm32f4xx_hal_rcc.o
LOAD Drivers/STM32F4xx_HAL_Driver/Src/stm32f4xx_hal_rcc_ex.o
LOAD Drivers/STM32F4xx_HAL_Driver/Src/stm32f4xx_hal_spi.o
LOAD Drivers/STM32F4xx_HAL_Driver/Src/stm32f4xx_hal_tim.o
LOAD Drivers/STM32F4xx_HAL_Driver/Src/stm32f4xx_hal_tim_ex.o
LOAD Drivers/STM32F4xx_HAL_Driver/Src/stm32f4xx_hal_uart.o
LOAD Drivers/STM32F4xx_HAL_Driver/Src/stm32f4xx_ll_usb.o
LOAD startup/startup_stm32f407xx.o
LOAD c:/ac6/systemworkbench/plugins/fr.ac6.mcu.externaltools.arm-none.win32_1.17.0.201812190825/tools/compiler/bin/../lib/gcc/arm-none-eabi/7.3.1/../../../../arm-none-eabi/lib/thumb/v7e-m/fpv4-sp/hard\libm.a
START GROUP
LOAD c:/ac6/systemworkbench/plugins/fr.ac6.mcu.externaltools.arm-none.win32_1.17.0.201812190825/tools/compiler/bin/../lib/gcc/arm-none-eabi/7.3.1/thumb/v7e-m/fpv4-sp/hard\libgcc.a
LOAD c:/ac6/systemworkbench/plugins/fr.ac6.mcu.externaltools.arm-none.win32_1.17.0.201812190825/tools/compiler/bin/../lib/gcc/arm-none-eabi/7.3.1/../../../../arm-none-eabi/lib/thumb/v7e-m/fpv4-sp/hard\libc_nano.a
END GROUP
START GROUP
LOAD c:/ac6/systemworkbench/plugins/fr.ac6.mcu.externaltools.arm-none.win32_1.17.0.201812190825/tools/compiler/bin/../lib/gcc/arm-none-eabi/7.3.1/thumb/v7e-m/fpv4-sp/hard\libgcc.a
LOAD c:/ac6/systemworkbench/plugins/fr.ac6.mcu.externaltools.arm-none.win32_1.17.0.201812190825/tools/compiler/bin/../lib/gcc/arm-none-eabi/7.3.1/../../../../arm-none-eabi/lib/thumb/v7e-m/fpv4-sp/hard\libc_nano.a
LOAD c:/ac6/systemworkbench/plugins/fr.ac6.mcu.externaltools.arm-none.win32_1.17.0.201812190825/tools/compiler/bin/../lib/gcc/arm-none-eabi/7.3.1/../../../../arm-none-eabi/lib/thumb/v7e-m/fpv4-sp/hard\libnosys.a
END GROUP
START GROUP
LOAD c:/ac6/systemworkbench/plugins/fr.ac6.mcu.externaltools.arm-none.win32_1.17.0.201812190825/tools/compiler/bin/../lib/gcc/arm-none-eabi/7.3.1/thumb/v7e-m/fpv4-sp/hard\libgcc.a
LOAD c:/ac6/systemworkbench/plugins/fr.ac6.mcu.externaltools.arm-none.win32_1.17.0.201812190825/tools/compiler/bin/../lib/gcc/arm-none-eabi/7.3.1/../../../../arm-none-eabi/lib/thumb/v7e-m/fpv4-sp/hard\libc_nano.a
LOAD c:/ac6/systemworkbench/plugins/fr.ac6.mcu.externaltools.arm-none.win32_1.17.0.201812190825/tools/compiler/bin/../lib/gcc/arm-none-eabi/7.3.1/../../../../arm-none-eabi/lib/thumb/v7e-m/fpv4-sp/hard\libnosys.a
END GROUP
LOAD c:/ac6/systemworkbench/plugins/fr.ac6.mcu.externaltools.arm-none.win32_1.17.0.201812190825/tools/compiler/bin/../lib/gcc/arm-none-eabi/7.3.1/thumb/v7e-m/fpv4-sp/hard/crtend.o
LOAD c:/ac6/systemworkbench/plugins/fr.ac6.mcu.externaltools.arm-none.win32_1.17.0.201812190825/tools/compiler/bin/../lib/gcc/arm-none-eabi/7.3.1/thumb/v7e-m/fpv4-sp/hard/crtn.o
                0x20020000                _estack = 0x20020000
                0x00000200                _Min_Heap_Size = 0x200
                0x00000400                _Min_Stack_Size = 0x400

.isr_vector     0x08000000      0x188
                0x08000000                . = ALIGN (0x4)
 *(.isr_vector)
 .isr_vector    0x08000000      0x188 startup/startup_stm32f407xx.o
                0x08000000                g_pfnVectors
                0x08000188                . = ALIGN (0x4)

.text           0x08000188     0x1db8
                0x08000188                . = ALIGN (0x4)
 *(.text)
 .text          0x08000188       0x40 c:/ac6/systemworkbench/plugins/fr.ac6.mcu.externaltools.arm-none.win32_1.17.0.201812190825/tools/compiler/bin/../lib/gcc/arm-none-eabi/7.3.1/thumb/v7e-m/fpv4-sp/hard/crtbegin.o
 .text          0x080001c8       0x30 c:/ac6/systemworkbench/plugins/fr.ac6.mcu.externaltools.arm-none.win32_1.17.0.201812190825/tools/compiler/bin/../lib/gcc/arm-none-eabi/7.3.1/thumb/v7e-m/fpv4-sp/hard\libgcc.a(_aeabi_uldivmod.o)
                0x080001c8                __aeabi_uldivmod
 .text          0x080001f8      0x2cc c:/ac6/systemworkbench/plugins/fr.ac6.mcu.externaltools.arm-none.win32_1.17.0.201812190825/tools/compiler/bin/../lib/gcc/arm-none-eabi/7.3.1/thumb/v7e-m/fpv4-sp/hard\libgcc.a(_udivmoddi4.o)
                0x080001f8                __udivmoddi4
 .text          0x080004c4        0x4 c:/ac6/systemworkbench/plugins/fr.ac6.mcu.externaltools.arm-none.win32_1.17.0.201812190825/tools/compiler/bin/../lib/gcc/arm-none-eabi/7.3.1/thumb/v7e-m/fpv4-sp/hard\libgcc.a(_dvmd_tls.o)
                0x080004c4                __aeabi_idiv0
                0x080004c4                __aeabi_ldiv0
 .text          0x080004c8       0x10 c:/ac6/systemworkbench/plugins/fr.ac6.mcu.externaltools.arm-none.win32_1.17.0.201812190825/tools/compiler/bin/../lib/gcc/arm-none-eabi/7.3.1/../../../../arm-none-eabi/lib/thumb/v7e-m/fpv4-sp/hard\libc_nano.a(lib_a-strlen.o)
                0x080004c8                strlen
 *(.text*)
 .text.SysTick_Handler
                0x080004d8        0xc Core/Src/it.o
                0x080004d8                SysTick_Handler
 .text.USART2_IRQHandler
                0x080004e4       0x10 Core/Src/it.o
                0x080004e4                USART2_IRQHandler
 .text.TIM2_IRQHandler
                0x080004f4       0x10 Core/Src/it.o
                0x080004f4                TIM2_IRQHandler
 .text.HAL_TIM_PeriodElapsedCallback
                0x08000504       0x1c Core/Src/it.o
                0x08000504                HAL_TIM_PeriodElapsedCallback
 .text.settingClockfromPLL
                0x08000520       0x42 Core/Src/main.o
 .text.Error_handler
                0x08000562        0x2 Core/Src/main.o
                0x08000562                Error_handler
 .text.UART2_Init
                0x08000564       0x30 Core/Src/main.o
                0x08000564                UART2_Init
 .text.SystemClockConfig
                0x08000594       0x88 Core/Src/main.o
                0x08000594                SystemClockConfig
 .text.TIM2_Init
                0x0800061c       0xa8 Core/Src/main.o
                0x0800061c                TIM2_Init
 .text.HAL_TIM_OC_DelayElapsedCallback
                0x080006c4       0x4a Core/Src/main.o
                0x080006c4                HAL_TIM_OC_DelayElapsedCallback
 *fill*         0x0800070e        0x2 
 .text.GPIO_Init
                0x08000710       0x24 Core/Src/main.o
                0x08000710                GPIO_Init
 .text.main     0x08000734       0x80 Core/Src/main.o
                0x08000734                main
 .text.HAL_MspInit
                0x080007b4       0x3c Core/Src/msp.o
                0x080007b4                HAL_MspInit
 .text.HAL_UART_MspInit
                0x080007f0       0x88 Core/Src/msp.o
                0x080007f0                HAL_UART_MspInit
 .text.HAL_TIM_OC_MspInit
                0x08000878       0x88 Core/Src/msp.o
                0x08000878                HAL_TIM_OC_MspInit
 .text.SystemInit
                0x08000900       0x1c Core/Src/system_stm32f4xx.o
                0x08000900                SystemInit
 .text.HAL_InitTick
                0x0800091c       0x48 Drivers/STM32F4xx_HAL_Driver/Src/stm32f4xx_hal.o
                0x0800091c                HAL_InitTick
 .text.HAL_Init
                0x08000964       0x34 Drivers/STM32F4xx_HAL_Driver/Src/stm32f4xx_hal.o
                0x08000964                HAL_Init
 .text.HAL_IncTick
                0x08000998       0x18 Drivers/STM32F4xx_HAL_Driver/Src/stm32f4xx_hal.o
                0x08000998                HAL_IncTick
 .text.HAL_GetTick
                0x080009b0        0xc Drivers/STM32F4xx_HAL_Driver/Src/stm32f4xx_hal.o
                0x080009b0                HAL_GetTick
 .text.HAL_NVIC_SetPriorityGrouping
                0x080009bc       0x24 Drivers/STM32F4xx_HAL_Driver/Src/stm32f4xx_hal_cortex.o
                0x080009bc                HAL_NVIC_SetPriorityGrouping
 .text.HAL_NVIC_SetPriority
                0x080009e0       0x68 Drivers/STM32F4xx_HAL_Driver/Src/stm32f4xx_hal_cortex.o
                0x080009e0                HAL_NVIC_SetPriority
 .text.HAL_NVIC_EnableIRQ
                0x08000a48       0x1c Drivers/STM32F4xx_HAL_Driver/Src/stm32f4xx_hal_cortex.o
                0x08000a48                HAL_NVIC_EnableIRQ
 .text.HAL_SYSTICK_Config
                0x08000a64       0x2c Drivers/STM32F4xx_HAL_Driver/Src/stm32f4xx_hal_cortex.o
                0x08000a64                HAL_SYSTICK_Config
 .text.HAL_SYSTICK_CLKSourceConfig
                0x08000a90       0x20 Drivers/STM32F4xx_HAL_Driver/Src/stm32f4xx_hal_cortex.o
                0x08000a90                HAL_SYSTICK_CLKSourceConfig
 .text.HAL_SYSTICK_Callback
                0x08000ab0        0x2 Drivers/STM32F4xx_HAL_Driver/Src/stm32f4xx_hal_cortex.o
                0x08000ab0                HAL_SYSTICK_Callback
 .text.HAL_SYSTICK_IRQHandler
                0x08000ab2        0x8 Drivers/STM32F4xx_HAL_Driver/Src/stm32f4xx_hal_cortex.o
                0x08000ab2                HAL_SYSTICK_IRQHandler
 .text.HAL_DMA_Abort_IT
                0x08000aba       0x26 Drivers/STM32F4xx_HAL_Driver/Src/stm32f4xx_hal_dma.o
                0x08000aba                HAL_DMA_Abort_IT
 .text.HAL_GPIO_Init
                0x08000ae0      0x1c8 Drivers/STM32F4xx_HAL_Driver/Src/stm32f4xx_hal_gpio.o
                0x08000ae0                HAL_GPIO_Init
 .text.HAL_GPIO_TogglePin
                0x08000ca8       0x12 Drivers/STM32F4xx_HAL_Driver/Src/stm32f4xx_hal_gpio.o
                0x08000ca8                HAL_GPIO_TogglePin
 *fill*         0x08000cba        0x2 
 .text.HAL_RCC_OscConfig
                0x08000cbc      0x3ec Drivers/STM32F4xx_HAL_Driver/Src/stm32f4xx_hal_rcc.o
                0x08000cbc                HAL_RCC_OscConfig
 .text.HAL_RCC_GetSysClockFreq
                0x080010a8       0xd8 Drivers/STM32F4xx_HAL_Driver/Src/stm32f4xx_hal_rcc.o
                0x080010a8                HAL_RCC_GetSysClockFreq
 .text.HAL_RCC_ClockConfig
                0x08001180      0x160 Drivers/STM32F4xx_HAL_Driver/Src/stm32f4xx_hal_rcc.o
                0x08001180                HAL_RCC_ClockConfig
 .text.HAL_RCC_GetHCLKFreq
                0x080012e0        0xc Drivers/STM32F4xx_HAL_Driver/Src/stm32f4xx_hal_rcc.o
                0x080012e0                HAL_RCC_GetHCLKFreq
 .text.HAL_RCC_GetPCLK1Freq
                0x080012ec       0x20 Drivers/STM32F4xx_HAL_Driver/Src/stm32f4xx_hal_rcc.o
                0x080012ec                HAL_RCC_GetPCLK1Freq
 .text.HAL_RCC_GetPCLK2Freq
                0x0800130c       0x20 Drivers/STM32F4xx_HAL_Driver/Src/stm32f4xx_hal_rcc.o
                0x0800130c                HAL_RCC_GetPCLK2Freq
 .text.TIM_OC1_SetConfig
                0x0800132c       0x68 Drivers/STM32F4xx_HAL_Driver/Src/stm32f4xx_hal_tim.o
 .text.TIM_OC3_SetConfig
                0x08001394       0x70 Drivers/STM32F4xx_HAL_Driver/Src/stm32f4xx_hal_tim.o
 .text.TIM_OC4_SetConfig
                0x08001404       0x50 Drivers/STM32F4xx_HAL_Driver/Src/stm32f4xx_hal_tim.o
 .text.HAL_TIM_IC_CaptureCallback
                0x08001454        0x2 Drivers/STM32F4xx_HAL_Driver/Src/stm32f4xx_hal_tim.o
                0x08001454                HAL_TIM_IC_CaptureCallback
 .text.HAL_TIM_PWM_PulseFinishedCallback
                0x08001456        0x2 Drivers/STM32F4xx_HAL_Driver/Src/stm32f4xx_hal_tim.o
                0x08001456                HAL_TIM_PWM_PulseFinishedCallback
 .text.HAL_TIM_TriggerCallback
                0x08001458        0x2 Drivers/STM32F4xx_HAL_Driver/Src/stm32f4xx_hal_tim.o
                0x08001458                HAL_TIM_TriggerCallback
 .text.HAL_TIM_IRQHandler
                0x0800145a      0x17a Drivers/STM32F4xx_HAL_Driver/Src/stm32f4xx_hal_tim.o
                0x0800145a                HAL_TIM_IRQHandler
 .text.TIM_Base_SetConfig
                0x080015d4       0xc8 Drivers/STM32F4xx_HAL_Driver/Src/stm32f4xx_hal_tim.o
                0x080015d4                TIM_Base_SetConfig
 .text.HAL_TIM_OC_Init
                0x0800169c       0x32 Drivers/STM32F4xx_HAL_Driver/Src/stm32f4xx_hal_tim.o
                0x0800169c                HAL_TIM_OC_Init
 *fill*         0x080016ce        0x2 
 .text.TIM_OC2_SetConfig
                0x080016d0       0x70 Drivers/STM32F4xx_HAL_Driver/Src/stm32f4xx_hal_tim.o
                0x080016d0                TIM_OC2_SetConfig
 .text.HAL_TIM_OC_ConfigChannel
                0x08001740       0x5e Drivers/STM32F4xx_HAL_Driver/Src/stm32f4xx_hal_tim.o
                0x08001740                HAL_TIM_OC_ConfigChannel
 .text.TIM_CCxChannelCmd
                0x0800179e       0x22 Drivers/STM32F4xx_HAL_Driver/Src/stm32f4xx_hal_tim.o
                0x0800179e                TIM_CCxChannelCmd
 .text.HAL_TIM_OC_Start_IT
                0x080017c0       0x84 Drivers/STM32F4xx_HAL_Driver/Src/stm32f4xx_hal_tim.o
                0x080017c0                HAL_TIM_OC_Start_IT
 .text.HAL_TIMEx_CommutCallback
                0x08001844        0x2 Drivers/STM32F4xx_HAL_Driver/Src/stm32f4xx_hal_tim_ex.o
                0x08001844                HAL_TIMEx_CommutCallback
 .text.HAL_TIMEx_BreakCallback
                0x08001846        0x2 Drivers/STM32F4xx_HAL_Driver/Src/stm32f4xx_hal_tim_ex.o
                0x08001846                HAL_TIMEx_BreakCallback
 .text.UART_EndRxTransfer
                0x08001848       0x1c Drivers/STM32F4xx_HAL_Driver/Src/stm32f4xx_hal_uart.o
 .text.UART_Transmit_IT
                0x08001864       0x68 Drivers/STM32F4xx_HAL_Driver/Src/stm32f4xx_hal_uart.o
 .text.UART_SetConfig
                0x080018cc      0x218 Drivers/STM32F4xx_HAL_Driver/Src/stm32f4xx_hal_uart.o
 .text.UART_WaitOnFlagUntilTimeout
                0x08001ae4       0x62 Drivers/STM32F4xx_HAL_Driver/Src/stm32f4xx_hal_uart.o
 .text.HAL_UART_Init
                0x08001b46       0x5e Drivers/STM32F4xx_HAL_Driver/Src/stm32f4xx_hal_uart.o
                0x08001b46                HAL_UART_Init
 .text.HAL_UART_Transmit
                0x08001ba4       0xe2 Drivers/STM32F4xx_HAL_Driver/Src/stm32f4xx_hal_uart.o
                0x08001ba4                HAL_UART_Transmit
 .text.HAL_UART_TxCpltCallback
                0x08001c86        0x2 Drivers/STM32F4xx_HAL_Driver/Src/stm32f4xx_hal_uart.o
                0x08001c86                HAL_UART_TxCpltCallback
 .text.UART_EndTransmit_IT
                0x08001c88       0x1a Drivers/STM32F4xx_HAL_Driver/Src/stm32f4xx_hal_uart.o
 .text.HAL_UART_RxCpltCallback
                0x08001ca2        0x2 Drivers/STM32F4xx_HAL_Driver/Src/stm32f4xx_hal_uart.o
                0x08001ca2                HAL_UART_RxCpltCallback
 .text.UART_Receive_IT
                0x08001ca4       0x9c Drivers/STM32F4xx_HAL_Driver/Src/stm32f4xx_hal_uart.o
 .text.HAL_UART_ErrorCallback
                0x08001d40        0x2 Drivers/STM32F4xx_HAL_Driver/Src/stm32f4xx_hal_uart.o
                0x08001d40                HAL_UART_ErrorCallback
 *fill*         0x08001d42        0x2 
 .text.HAL_UART_IRQHandler
                0x08001d44      0x128 Drivers/STM32F4xx_HAL_Driver/Src/stm32f4xx_hal_uart.o
                0x08001d44                HAL_UART_IRQHandler
 .text.UART_DMAAbortOnError
                0x08001e6c       0x10 Drivers/STM32F4xx_HAL_Driver/Src/stm32f4xx_hal_uart.o
 .text.Reset_Handler
                0x08001e7c       0x50 startup/startup_stm32f407xx.o
                0x08001e7c                Reset_Handler
 .text.Default_Handler
                0x08001ecc        0x2 startup/startup_stm32f407xx.o
                0x08001ecc                RTC_Alarm_IRQHandler
                0x08001ecc                HASH_RNG_IRQHandler
                0x08001ecc                EXTI2_IRQHandler
                0x08001ecc                TIM8_CC_IRQHandler
                0x08001ecc                DebugMon_Handler
                0x08001ecc                TIM1_CC_IRQHandler
                0x08001ecc                DMA2_Stream5_IRQHandler
                0x08001ecc                HardFault_Handler
                0x08001ecc                DMA1_Stream5_IRQHandler
                0x08001ecc                PVD_IRQHandler
                0x08001ecc                SDIO_IRQHandler
                0x08001ecc                TAMP_STAMP_IRQHandler
                0x08001ecc                PendSV_Handler
                0x08001ecc                NMI_Handler
                0x08001ecc                CAN2_RX1_IRQHandler
                0x08001ecc                EXTI3_IRQHandler
                0x08001ecc                TIM8_TRG_COM_TIM14_IRQHandler
                0x08001ecc                TIM1_UP_TIM10_IRQHandler
                0x08001ecc                TIM8_UP_TIM13_IRQHandler
                0x08001ecc                I2C3_ER_IRQHandler
                0x08001ecc                EXTI0_IRQHandler
                0x08001ecc                I2C2_EV_IRQHandler
                0x08001ecc                DMA1_Stream2_IRQHandler
                0x08001ecc                CAN1_RX0_IRQHandler
                0x08001ecc                FPU_IRQHandler
                0x08001ecc                OTG_HS_WKUP_IRQHandler
                0x08001ecc                UsageFault_Handler
                0x08001ecc                CAN2_SCE_IRQHandler
                0x08001ecc                DMA2_Stream2_IRQHandler
                0x08001ecc                SPI1_IRQHandler
                0x08001ecc                TIM6_DAC_IRQHandler
                0x08001ecc                TIM1_BRK_TIM9_IRQHandler
                0x08001ecc                DCMI_IRQHandler
                0x08001ecc                CAN2_RX0_IRQHandler
                0x08001ecc                DMA2_Stream3_IRQHandler
                0x08001ecc                USART6_IRQHandler
                0x08001ecc                USART3_IRQHandler
                0x08001ecc                CAN1_RX1_IRQHandler
                0x08001ecc                UART5_IRQHandler
                0x08001ecc                DMA2_Stream0_IRQHandler
                0x08001ecc                TIM4_IRQHandler
                0x08001ecc                I2C1_EV_IRQHandler
                0x08001ecc                DMA1_Stream6_IRQHandler
                0x08001ecc                DMA1_Stream1_IRQHandler
                0x08001ecc                UART4_IRQHandler
                0x08001ecc                TIM3_IRQHandler
                0x08001ecc                RCC_IRQHandler
                0x08001ecc                TIM8_BRK_TIM12_IRQHandler
                0x08001ecc                Default_Handler
                0x08001ecc                EXTI15_10_IRQHandler
                0x08001ecc                ADC_IRQHandler
                0x08001ecc                DMA1_Stream7_IRQHandler
                0x08001ecc                TIM7_IRQHandler
                0x08001ecc                CAN2_TX_IRQHandler
                0x08001ecc                TIM5_IRQHandler
                0x08001ecc                DMA2_Stream7_IRQHandler
                0x08001ecc                I2C3_EV_IRQHandler
                0x08001ecc                EXTI9_5_IRQHandler
                0x08001ecc                RTC_WKUP_IRQHandler
                0x08001ecc                ETH_WKUP_IRQHandler
                0x08001ecc                SPI2_IRQHandler
                0x08001ecc                OTG_HS_EP1_IN_IRQHandler
                0x08001ecc                MemManage_Handler
                0x08001ecc                DMA1_Stream0_IRQHandler
                0x08001ecc                CAN1_TX_IRQHandler
                0x08001ecc                SVC_Handler
                0x08001ecc                EXTI4_IRQHandler
                0x08001ecc                FSMC_IRQHandler
                0x08001ecc                ETH_IRQHandler
                0x08001ecc                OTG_HS_EP1_OUT_IRQHandler
                0x08001ecc                WWDG_IRQHandler
                0x08001ecc                OTG_FS_WKUP_IRQHandler
                0x08001ecc                TIM1_TRG_COM_TIM11_IRQHandler
                0x08001ecc                OTG_HS_IRQHandler
                0x08001ecc                EXTI1_IRQHandler
                0x08001ecc                I2C2_ER_IRQHandler
                0x08001ecc                DMA2_Stream1_IRQHandler
                0x08001ecc                CAN1_SCE_IRQHandler
                0x08001ecc                FLASH_IRQHandler
                0x08001ecc                DMA2_Stream4_IRQHandler
                0x08001ecc                BusFault_Handler
                0x08001ecc                USART1_IRQHandler
                0x08001ecc                OTG_FS_IRQHandler
                0x08001ecc                SPI3_IRQHandler
                0x08001ecc                DMA1_Stream4_IRQHandler
                0x08001ecc                I2C1_ER_IRQHandler
                0x08001ecc                DMA2_Stream6_IRQHandler
                0x08001ecc                DMA1_Stream3_IRQHandler
 *fill*         0x08001ece        0x2 
 .text.__libc_init_array
                0x08001ed0       0x48 c:/ac6/systemworkbench/plugins/fr.ac6.mcu.externaltools.arm-none.win32_1.17.0.201812190825/tools/compiler/bin/../lib/gcc/arm-none-eabi/7.3.1/../../../../arm-none-eabi/lib/thumb/v7e-m/fpv4-sp/hard\libc_nano.a(lib_a-init.o)
                0x08001ed0                __libc_init_array
 .text.memset   0x08001f18       0x10 c:/ac6/systemworkbench/plugins/fr.ac6.mcu.externaltools.arm-none.win32_1.17.0.201812190825/tools/compiler/bin/../lib/gcc/arm-none-eabi/7.3.1/../../../../arm-none-eabi/lib/thumb/v7e-m/fpv4-sp/hard\libc_nano.a(lib_a-memset.o)
                0x08001f18                memset
 *(.glue_7)
 .glue_7        0x08001f28        0x0 linker stubs
 *(.glue_7t)
 .glue_7t       0x08001f28        0x0 linker stubs
 *(.eh_frame)
 .eh_frame      0x08001f28        0x0 c:/ac6/systemworkbench/plugins/fr.ac6.mcu.externaltools.arm-none.win32_1.17.0.201812190825/tools/compiler/bin/../lib/gcc/arm-none-eabi/7.3.1/thumb/v7e-m/fpv4-sp/hard/crtbegin.o
 *(.init)
 .init          0x08001f28        0x4 c:/ac6/systemworkbench/plugins/fr.ac6.mcu.externaltools.arm-none.win32_1.17.0.201812190825/tools/compiler/bin/../lib/gcc/arm-none-eabi/7.3.1/thumb/v7e-m/fpv4-sp/hard/crti.o
                0x08001f28                _init
 .init          0x08001f2c        0x8 c:/ac6/systemworkbench/plugins/fr.ac6.mcu.externaltools.arm-none.win32_1.17.0.201812190825/tools/compiler/bin/../lib/gcc/arm-none-eabi/7.3.1/thumb/v7e-m/fpv4-sp/hard/crtn.o
 *(.fini)
 .fini          0x08001f34        0x4 c:/ac6/systemworkbench/plugins/fr.ac6.mcu.externaltools.arm-none.win32_1.17.0.201812190825/tools/compiler/bin/../lib/gcc/arm-none-eabi/7.3.1/thumb/v7e-m/fpv4-sp/hard/crti.o
                0x08001f34                _fini
 .fini          0x08001f38        0x8 c:/ac6/systemworkbench/plugins/fr.ac6.mcu.externaltools.arm-none.win32_1.17.0.201812190825/tools/compiler/bin/../lib/gcc/arm-none-eabi/7.3.1/thumb/v7e-m/fpv4-sp/hard/crtn.o
                0x08001f40                . = ALIGN (0x4)
                0x08001f40                _etext = .

.vfp11_veneer   0x08001f40        0x0
 .vfp11_veneer  0x08001f40        0x0 linker stubs

.v4_bx          0x08001f40        0x0
 .v4_bx         0x08001f40        0x0 linker stubs

.iplt           0x08001f40        0x0
 .iplt          0x08001f40        0x0 c:/ac6/systemworkbench/plugins/fr.ac6.mcu.externaltools.arm-none.win32_1.17.0.201812190825/tools/compiler/bin/../lib/gcc/arm-none-eabi/7.3.1/thumb/v7e-m/fpv4-sp/hard/crtbegin.o

.rodata         0x08001f40       0x40
                0x08001f40                . = ALIGN (0x4)
 *(.rodata)
 .rodata        0x08001f40       0x18 Core/Src/system_stm32f4xx.o
                0x08001f40                AHBPrescTable
                0x08001f50                APBPrescTable
 *(.rodata*)
 .rodata.str1.4
                0x08001f58       0x28 Core/Src/main.o
                0x08001f80                . = ALIGN (0x4)

.ARM.extab
 *(.ARM.extab* .gnu.linkonce.armextab.*)

.ARM            0x08001f80        0x8
                0x08001f80                __exidx_start = .
 *(.ARM.exidx*)
 .ARM.exidx     0x08001f80        0x8 c:/ac6/systemworkbench/plugins/fr.ac6.mcu.externaltools.arm-none.win32_1.17.0.201812190825/tools/compiler/bin/../lib/gcc/arm-none-eabi/7.3.1/thumb/v7e-m/fpv4-sp/hard\libgcc.a(_udivmoddi4.o)
                0x08001f88                __exidx_end = .

.rel.dyn        0x08001f88        0x0
 .rel.iplt      0x08001f88        0x0 c:/ac6/systemworkbench/plugins/fr.ac6.mcu.externaltools.arm-none.win32_1.17.0.201812190825/tools/compiler/bin/../lib/gcc/arm-none-eabi/7.3.1/thumb/v7e-m/fpv4-sp/hard/crtbegin.o

.preinit_array  0x08001f88        0x0
                0x08001f88                PROVIDE (__preinit_array_start = .)
 *(.preinit_array*)
                0x08001f88                PROVIDE (__preinit_array_end = .)

.init_array     0x08001f88        0x4
                0x08001f88                PROVIDE (__init_array_start = .)
 *(SORT_BY_NAME(.init_array.*))
 *(.init_array*)
 .init_array    0x08001f88        0x4 c:/ac6/systemworkbench/plugins/fr.ac6.mcu.externaltools.arm-none.win32_1.17.0.201812190825/tools/compiler/bin/../lib/gcc/arm-none-eabi/7.3.1/thumb/v7e-m/fpv4-sp/hard/crtbegin.o
                0x08001f8c                PROVIDE (__init_array_end = .)

.fini_array     0x08001f8c        0x4
                [!provide]                PROVIDE (__fini_array_start = .)
 *(SORT_BY_NAME(.fini_array.*))
 *(.fini_array*)
 .fini_array    0x08001f8c        0x4 c:/ac6/systemworkbench/plugins/fr.ac6.mcu.externaltools.arm-none.win32_1.17.0.201812190825/tools/compiler/bin/../lib/gcc/arm-none-eabi/7.3.1/thumb/v7e-m/fpv4-sp/hard/crtbegin.o
                [!provide]                PROVIDE (__fini_array_end = .)
                0x08001f90                _sidata = LOADADDR (.data)

.data           0x20000000       0x10 load address 0x08001f90
                0x20000000                . = ALIGN (0x4)
                0x20000000                _sdata = .
 *(.data)
 .data          0x20000000        0x4 Core/Src/main.o
                0x20000000                user_data
 .data          0x20000004        0x4 Core/Src/system_stm32f4xx.o
                0x20000004                SystemCoreClock
 .data          0x20000008        0x8 Drivers/STM32F4xx_HAL_Driver/Src/stm32f4xx_hal.o
                0x20000008                uwTickFreq
                0x2000000c                uwTickPrio
 *(.data*)
                0x20000010                . = ALIGN (0x4)
                0x20000010                _edata = .
                0x08001fa0                _siccmram = LOADADDR (.ccmram)

.igot.plt       0x20000010        0x0 load address 0x08001fa0
 .igot.plt      0x20000010        0x0 c:/ac6/systemworkbench/plugins/fr.ac6.mcu.externaltools.arm-none.win32_1.17.0.201812190825/tools/compiler/bin/../lib/gcc/arm-none-eabi/7.3.1/thumb/v7e-m/fpv4-sp/hard/crtbegin.o

.ccmram         0x10000000        0x0 load address 0x08001fa0
                0x10000000                . = ALIGN (0x4)
                0x10000000                _sccmram = .
 *(.ccmram)
 *(.ccmram*)
                0x10000000                . = ALIGN (0x4)
                0x10000000                _eccmram = .
                0x10000000                . = ALIGN (0x4)

.bss            0x20000010      0x11c
                0x20000010                _sbss = .
                0x20000010                __bss_start__ = _sbss
 *(.bss)
 .bss           0x20000010       0x1c c:/ac6/systemworkbench/plugins/fr.ac6.mcu.externaltools.arm-none.win32_1.17.0.201812190825/tools/compiler/bin/../lib/gcc/arm-none-eabi/7.3.1/thumb/v7e-m/fpv4-sp/hard/crtbegin.o
 *(.bss*)
 *(COMMON)
 COMMON         0x2000002c       0xfc Core/Src/main.o
                0x2000002c                buffer_receive
                0x20000090                igpio
                0x200000a4                temp_rev
                0x200000a8                huart2
                0x200000e8                htime2
 COMMON         0x20000128        0x4 Drivers/STM32F4xx_HAL_Driver/Src/stm32f4xx_hal.o
                0x20000128                uwTick
                0x2000012c                . = ALIGN (0x4)
                0x2000012c                _ebss = .
                0x2000012c                __bss_end__ = _ebss

._user_heap_stack
                0x2000012c      0x604
                0x20000130                . = ALIGN (0x8)
 *fill*         0x2000012c        0x4 
                0x20000130                PROVIDE (end = .)
                [!provide]                PROVIDE (_end = .)
                0x20000330                . = (. + _Min_Heap_Size)
 *fill*         0x20000130      0x200 
                0x20000730                . = (. + _Min_Stack_Size)
 *fill*         0x20000330      0x400 
                0x20000730                . = ALIGN (0x8)

/DISCARD/
 libc.a(*)
 libm.a(*)
 libgcc.a(*)

.ARM.attributes
                0x00000000       0x30
 *(.ARM.attributes)
 .ARM.attributes
                0x00000000       0x22 c:/ac6/systemworkbench/plugins/fr.ac6.mcu.externaltools.arm-none.win32_1.17.0.201812190825/tools/compiler/bin/../lib/gcc/arm-none-eabi/7.3.1/thumb/v7e-m/fpv4-sp/hard/crti.o
 .ARM.attributes
                0x00000022       0x34 c:/ac6/systemworkbench/plugins/fr.ac6.mcu.externaltools.arm-none.win32_1.17.0.201812190825/tools/compiler/bin/../lib/gcc/arm-none-eabi/7.3.1/thumb/v7e-m/fpv4-sp/hard/crtbegin.o
 .ARM.attributes
                0x00000056       0x39 Core/Src/it.o
 .ARM.attributes
                0x0000008f       0x39 Core/Src/main.o
 .ARM.attributes
                0x000000c8       0x39 Core/Src/msp.o
 .ARM.attributes
                0x00000101       0x39 Core/Src/system_stm32f4xx.o
 .ARM.attributes
                0x0000013a       0x39 Drivers/STM32F4xx_HAL_Driver/Src/stm32f4xx_hal.o
 .ARM.attributes
                0x00000173       0x39 Drivers/STM32F4xx_HAL_Driver/Src/stm32f4xx_hal_cortex.o
 .ARM.attributes
                0x000001ac       0x39 Drivers/STM32F4xx_HAL_Driver/Src/stm32f4xx_hal_dma.o
 .ARM.attributes
                0x000001e5       0x39 Drivers/STM32F4xx_HAL_Driver/Src/stm32f4xx_hal_gpio.o
 .ARM.attributes
                0x0000021e       0x39 Drivers/STM32F4xx_HAL_Driver/Src/stm32f4xx_hal_rcc.o
 .ARM.attributes
                0x00000257       0x39 Drivers/STM32F4xx_HAL_Driver/Src/stm32f4xx_hal_tim.o
 .ARM.attributes
                0x00000290       0x39 Drivers/STM32F4xx_HAL_Driver/Src/stm32f4xx_hal_tim_ex.o
 .ARM.attributes
                0x000002c9       0x39 Drivers/STM32F4xx_HAL_Driver/Src/stm32f4xx_hal_uart.o
 .ARM.attributes
                0x00000302       0x21 startup/startup_stm32f407xx.o
 .ARM.attributes
                0x00000323       0x22 c:/ac6/systemworkbench/plugins/fr.ac6.mcu.externaltools.arm-none.win32_1.17.0.201812190825/tools/compiler/bin/../lib/gcc/arm-none-eabi/7.3.1/thumb/v7e-m/fpv4-sp/hard\libgcc.a(_aeabi_uldivmod.o)
 .ARM.attributes
                0x00000345       0x34 c:/ac6/systemworkbench/plugins/fr.ac6.mcu.externaltools.arm-none.win32_1.17.0.201812190825/tools/compiler/bin/../lib/gcc/arm-none-eabi/7.3.1/thumb/v7e-m/fpv4-sp/hard\libgcc.a(_udivmoddi4.o)
 .ARM.attributes
                0x00000379       0x22 c:/ac6/systemworkbench/plugins/fr.ac6.mcu.externaltools.arm-none.win32_1.17.0.201812190825/tools/compiler/bin/../lib/gcc/arm-none-eabi/7.3.1/thumb/v7e-m/fpv4-sp/hard\libgcc.a(_dvmd_tls.o)
 .ARM.attributes
                0x0000039b       0x34 c:/ac6/systemworkbench/plugins/fr.ac6.mcu.externaltools.arm-none.win32_1.17.0.201812190825/tools/compiler/bin/../lib/gcc/arm-none-eabi/7.3.1/../../../../arm-none-eabi/lib/thumb/v7e-m/fpv4-sp/hard\libc_nano.a(lib_a-init.o)
 .ARM.attributes
                0x000003cf       0x34 c:/ac6/systemworkbench/plugins/fr.ac6.mcu.externaltools.arm-none.win32_1.17.0.201812190825/tools/compiler/bin/../lib/gcc/arm-none-eabi/7.3.1/../../../../arm-none-eabi/lib/thumb/v7e-m/fpv4-sp/hard\libc_nano.a(lib_a-memset.o)
 .ARM.attributes
                0x00000403       0x1b c:/ac6/systemworkbench/plugins/fr.ac6.mcu.externaltools.arm-none.win32_1.17.0.201812190825/tools/compiler/bin/../lib/gcc/arm-none-eabi/7.3.1/../../../../arm-none-eabi/lib/thumb/v7e-m/fpv4-sp/hard\libc_nano.a(lib_a-strlen.o)
 .ARM.attributes
                0x0000041e       0x22 c:/ac6/systemworkbench/plugins/fr.ac6.mcu.externaltools.arm-none.win32_1.17.0.201812190825/tools/compiler/bin/../lib/gcc/arm-none-eabi/7.3.1/thumb/v7e-m/fpv4-sp/hard/crtn.o
OUTPUT(6.Timer_Output_compare.elf elf32-littlearm)

.debug_info     0x00000000     0xcdaa
 .debug_info    0x00000000      0x9dd Core/Src/it.o
 .debug_info    0x000009dd     0x185c Core/Src/main.o
 .debug_info    0x00002239     0x11b7 Core/Src/msp.o
 .debug_info    0x000033f0      0x559 Core/Src/system_stm32f4xx.o
 .debug_info    0x00003949      0x9f1 Drivers/STM32F4xx_HAL_Driver/Src/stm32f4xx_hal.o
 .debug_info    0x0000433a      0xf8c Drivers/STM32F4xx_HAL_Driver/Src/stm32f4xx_hal_cortex.o
 .debug_info    0x000052c6      0xaad Drivers/STM32F4xx_HAL_Driver/Src/stm32f4xx_hal_dma.o
 .debug_info    0x00005d73      0x7c2 Drivers/STM32F4xx_HAL_Driver/Src/stm32f4xx_hal_gpio.o
 .debug_info    0x00006535      0xa94 Drivers/STM32F4xx_HAL_Driver/Src/stm32f4xx_hal_rcc.o
 .debug_info    0x00006fc9     0x31db Drivers/STM32F4xx_HAL_Driver/Src/stm32f4xx_hal_tim.o
 .debug_info    0x0000a1a4     0x14e9 Drivers/STM32F4xx_HAL_Driver/Src/stm32f4xx_hal_tim_ex.o
 .debug_info    0x0000b68d     0x171d Drivers/STM32F4xx_HAL_Driver/Src/stm32f4xx_hal_uart.o

.debug_abbrev   0x00000000     0x1a9f
 .debug_abbrev  0x00000000      0x1af Core/Src/it.o
 .debug_abbrev  0x000001af      0x316 Core/Src/main.o
 .debug_abbrev  0x000004c5      0x1cb Core/Src/msp.o
 .debug_abbrev  0x00000690      0x12b Core/Src/system_stm32f4xx.o
 .debug_abbrev  0x000007bb      0x1ed Drivers/STM32F4xx_HAL_Driver/Src/stm32f4xx_hal.o
 .debug_abbrev  0x000009a8      0x328 Drivers/STM32F4xx_HAL_Driver/Src/stm32f4xx_hal_cortex.o
 .debug_abbrev  0x00000cd0      0x290 Drivers/STM32F4xx_HAL_Driver/Src/stm32f4xx_hal_dma.o
 .debug_abbrev  0x00000f60      0x1e7 Drivers/STM32F4xx_HAL_Driver/Src/stm32f4xx_hal_gpio.o
 .debug_abbrev  0x00001147      0x273 Drivers/STM32F4xx_HAL_Driver/Src/stm32f4xx_hal_rcc.o
 .debug_abbrev  0x000013ba      0x226 Drivers/STM32F4xx_HAL_Driver/Src/stm32f4xx_hal_tim.o
 .debug_abbrev  0x000015e0      0x237 Drivers/STM32F4xx_HAL_Driver/Src/stm32f4xx_hal_tim_ex.o
 .debug_abbrev  0x00001817      0x288 Drivers/STM32F4xx_HAL_Driver/Src/stm32f4xx_hal_uart.o

.debug_loc      0x00000000     0x7d54
 .debug_loc     0x00000000       0x21 Core/Src/it.o
 .debug_loc     0x00000021      0x115 Core/Src/main.o
 .debug_loc     0x00000136       0x63 Core/Src/msp.o
 .debug_loc     0x00000199      0x13e Core/Src/system_stm32f4xx.o
 .debug_loc     0x000002d7      0x11b Drivers/STM32F4xx_HAL_Driver/Src/stm32f4xx_hal.o
 .debug_loc     0x000003f2      0x5ce Drivers/STM32F4xx_HAL_Driver/Src/stm32f4xx_hal_cortex.o
 .debug_loc     0x000009c0      0xb4e Drivers/STM32F4xx_HAL_Driver/Src/stm32f4xx_hal_dma.o
 .debug_loc     0x0000150e      0x476 Drivers/STM32F4xx_HAL_Driver/Src/stm32f4xx_hal_gpio.o
 .debug_loc     0x00001984      0x40f Drivers/STM32F4xx_HAL_Driver/Src/stm32f4xx_hal_rcc.o
 .debug_loc     0x00001d93     0x3888 Drivers/STM32F4xx_HAL_Driver/Src/stm32f4xx_hal_tim.o
 .debug_loc     0x0000561b     0x11a0 Drivers/STM32F4xx_HAL_Driver/Src/stm32f4xx_hal_tim_ex.o
 .debug_loc     0x000067bb     0x1599 Drivers/STM32F4xx_HAL_Driver/Src/stm32f4xx_hal_uart.o

.debug_aranges  0x00000000      0xac0
 .debug_aranges
                0x00000000       0x38 Core/Src/it.o
 .debug_aranges
                0x00000038       0x58 Core/Src/main.o
 .debug_aranges
                0x00000090       0x38 Core/Src/msp.o
 .debug_aranges
                0x000000c8       0x28 Core/Src/system_stm32f4xx.o
 .debug_aranges
                0x000000f0       0xf0 Drivers/STM32F4xx_HAL_Driver/Src/stm32f4xx_hal.o
 .debug_aranges
                0x000001e0       0xa8 Drivers/STM32F4xx_HAL_Driver/Src/stm32f4xx_hal_cortex.o
 .debug_aranges
                0x00000288       0x90 Drivers/STM32F4xx_HAL_Driver/Src/stm32f4xx_hal_dma.o
 .debug_aranges
                0x00000318       0x58 Drivers/STM32F4xx_HAL_Driver/Src/stm32f4xx_hal_gpio.o
 .debug_aranges
                0x00000370       0x88 Drivers/STM32F4xx_HAL_Driver/Src/stm32f4xx_hal_rcc.o
 .debug_aranges
                0x000003f8      0x3a8 Drivers/STM32F4xx_HAL_Driver/Src/stm32f4xx_hal_tim.o
 .debug_aranges
                0x000007a0      0x150 Drivers/STM32F4xx_HAL_Driver/Src/stm32f4xx_hal_tim_ex.o
 .debug_aranges
                0x000008f0      0x1d0 Drivers/STM32F4xx_HAL_Driver/Src/stm32f4xx_hal_uart.o

.debug_ranges   0x00000000      0xa78
 .debug_ranges  0x00000000       0x28 Core/Src/it.o
 .debug_ranges  0x00000028       0x48 Core/Src/main.o
 .debug_ranges  0x00000070       0x28 Core/Src/msp.o
 .debug_ranges  0x00000098       0x18 Core/Src/system_stm32f4xx.o
 .debug_ranges  0x000000b0       0xe0 Drivers/STM32F4xx_HAL_Driver/Src/stm32f4xx_hal.o
 .debug_ranges  0x00000190       0xf8 Drivers/STM32F4xx_HAL_Driver/Src/stm32f4xx_hal_cortex.o
 .debug_ranges  0x00000288       0x80 Drivers/STM32F4xx_HAL_Driver/Src/stm32f4xx_hal_dma.o
 .debug_ranges  0x00000308       0x48 Drivers/STM32F4xx_HAL_Driver/Src/stm32f4xx_hal_gpio.o
 .debug_ranges  0x00000350       0x90 Drivers/STM32F4xx_HAL_Driver/Src/stm32f4xx_hal_rcc.o
 .debug_ranges  0x000003e0      0x398 Drivers/STM32F4xx_HAL_Driver/Src/stm32f4xx_hal_tim.o
 .debug_ranges  0x00000778      0x140 Drivers/STM32F4xx_HAL_Driver/Src/stm32f4xx_hal_tim_ex.o
 .debug_ranges  0x000008b8      0x1c0 Drivers/STM32F4xx_HAL_Driver/Src/stm32f4xx_hal_uart.o

.debug_macro    0x00000000    0x214e5
 .debug_macro   0x00000000      0x233 Core/Src/it.o
 .debug_macro   0x00000233      0xa54 Core/Src/it.o
 .debug_macro   0x00000c87      0x2ac Core/Src/it.o
 .debug_macro   0x00000f33       0x2e Core/Src/it.o
 .debug_macro   0x00000f61       0x2f Core/Src/it.o
 .debug_macro   0x00000f90       0x22 Core/Src/it.o
 .debug_macro   0x00000fb2       0x8e Core/Src/it.o
 .debug_macro   0x00001040       0x51 Core/Src/it.o
 .debug_macro   0x00001091       0xef Core/Src/it.o
 .debug_macro   0x00001180       0x6a Core/Src/it.o
 .debug_macro   0x000011ea      0x1df Core/Src/it.o
 .debug_macro   0x000013c9       0x1c Core/Src/it.o
 .debug_macro   0x000013e5       0x22 Core/Src/it.o
 .debug_macro   0x00001407       0xdf Core/Src/it.o
 .debug_macro   0x000014e6     0x102d Core/Src/it.o
 .debug_macro   0x00002513      0x11f Core/Src/it.o
 .debug_macro   0x00002632    0x15e3c Core/Src/it.o
 .debug_macro   0x0001846e       0x43 Core/Src/it.o
 .debug_macro   0x000184b1     0x3659 Core/Src/it.o
 .debug_macro   0x0001bb0a      0x174 Core/Src/it.o
 .debug_macro   0x0001bc7e       0x5a Core/Src/it.o
 .debug_macro   0x0001bcd8      0x96b Core/Src/it.o
 .debug_macro   0x0001c643      0x9fe Core/Src/it.o
 .debug_macro   0x0001d041      0x117 Core/Src/it.o
 .debug_macro   0x0001d158      0x13e Core/Src/it.o
 .debug_macro   0x0001d296       0x27 Core/Src/it.o
 .debug_macro   0x0001d2bd      0x174 Core/Src/it.o
 .debug_macro   0x0001d431      0x287 Core/Src/it.o
 .debug_macro   0x0001d6b8       0x5f Core/Src/it.o
 .debug_macro   0x0001d717      0x236 Core/Src/it.o
 .debug_macro   0x0001d94d      0x12c Core/Src/it.o
 .debug_macro   0x0001da79      0x21e Core/Src/it.o
 .debug_macro   0x0001dc97       0x2e Core/Src/it.o
 .debug_macro   0x0001dcc5      0x1b5 Core/Src/it.o
 .debug_macro   0x0001de7a       0xd6 Core/Src/it.o
 .debug_macro   0x0001df50      0x1a7 Core/Src/it.o
 .debug_macro   0x0001e0f7       0x46 Core/Src/it.o
 .debug_macro   0x0001e13d       0x4a Core/Src/it.o
 .debug_macro   0x0001e187      0x11a Core/Src/it.o
 .debug_macro   0x0001e2a1       0x7e Core/Src/it.o
 .debug_macro   0x0001e31f       0x89 Core/Src/it.o
 .debug_macro   0x0001e3a8      0x225 Core/Src/it.o
 .debug_macro   0x0001e5cd      0x8a0 Core/Src/it.o
 .debug_macro   0x0001ee6d       0x47 Core/Src/it.o
 .debug_macro   0x0001eeb4      0x287 Core/Src/it.o
 .debug_macro   0x0001f13b      0x21e Core/Src/it.o
 .debug_macro   0x0001f359       0x68 Core/Src/it.o
 .debug_macro   0x0001f3c1      0x12d Core/Src/it.o
 .debug_macro   0x0001f4ee       0x16 Core/Src/it.o
 .debug_macro   0x0001f504      0x2fb Core/Src/main.o
 .debug_macro   0x0001f7ff       0x5e Core/Src/main.o
 .debug_macro   0x0001f85d       0x18 Core/Src/main.o
 .debug_macro   0x0001f875       0x35 Core/Src/main.o
 .debug_macro   0x0001f8aa       0x34 Core/Src/main.o
 .debug_macro   0x0001f8de       0x58 Core/Src/main.o
 .debug_macro   0x0001f936       0x1f Core/Src/main.o
 .debug_macro   0x0001f955       0x43 Core/Src/main.o
 .debug_macro   0x0001f998       0x20 Core/Src/main.o
 .debug_macro   0x0001f9b8      0x18e Core/Src/main.o
 .debug_macro   0x0001fb46      0x32a Core/Src/main.o
 .debug_macro   0x0001fe70       0x10 Core/Src/main.o
 .debug_macro   0x0001fe80       0x35 Core/Src/main.o
 .debug_macro   0x0001feb5      0x224 Core/Src/msp.o
 .debug_macro   0x000200d9      0x22a Core/Src/system_stm32f4xx.o
 .debug_macro   0x00020303      0x284 Drivers/STM32F4xx_HAL_Driver/Src/stm32f4xx_hal.o
 .debug_macro   0x00020587      0x224 Drivers/STM32F4xx_HAL_Driver/Src/stm32f4xx_hal_cortex.o
 .debug_macro   0x000207ab      0x22a Drivers/STM32F4xx_HAL_Driver/Src/stm32f4xx_hal_dma.o
 .debug_macro   0x000209d5      0x25a Drivers/STM32F4xx_HAL_Driver/Src/stm32f4xx_hal_gpio.o
 .debug_macro   0x00020c2f      0x248 Drivers/STM32F4xx_HAL_Driver/Src/stm32f4xx_hal_rcc.o
 .debug_macro   0x00020e77      0x225 Drivers/STM32F4xx_HAL_Driver/Src/stm32f4xx_hal_tim.o
 .debug_macro   0x0002109c      0x224 Drivers/STM32F4xx_HAL_Driver/Src/stm32f4xx_hal_tim_ex.o
 .debug_macro   0x000212c0      0x225 Drivers/STM32F4xx_HAL_Driver/Src/stm32f4xx_hal_uart.o

.debug_line     0x00000000     0x8cd4
 .debug_line    0x00000000      0x7f6 Core/Src/it.o
 .debug_line    0x000007f6      0x954 Core/Src/main.o
 .debug_line    0x0000114a      0x80d Core/Src/msp.o
 .debug_line    0x00001957      0x7f3 Core/Src/system_stm32f4xx.o
 .debug_line    0x0000214a      0x9d0 Drivers/STM32F4xx_HAL_Driver/Src/stm32f4xx_hal.o
 .debug_line    0x00002b1a      0xa22 Drivers/STM32F4xx_HAL_Driver/Src/stm32f4xx_hal_cortex.o
 .debug_line    0x0000353c      0xaf8 Drivers/STM32F4xx_HAL_Driver/Src/stm32f4xx_hal_dma.o
 .debug_line    0x00004034      0x958 Drivers/STM32F4xx_HAL_Driver/Src/stm32f4xx_hal_gpio.o
 .debug_line    0x0000498c      0xa63 Drivers/STM32F4xx_HAL_Driver/Src/stm32f4xx_hal_rcc.o
 .debug_line    0x000053ef     0x19bb Drivers/STM32F4xx_HAL_Driver/Src/stm32f4xx_hal_tim.o
 .debug_line    0x00006daa      0xe0b Drivers/STM32F4xx_HAL_Driver/Src/stm32f4xx_hal_tim_ex.o
 .debug_line    0x00007bb5     0x111f Drivers/STM32F4xx_HAL_Driver/Src/stm32f4xx_hal_uart.o

.debug_str      0x00000000    0xcd5c7
 .debug_str     0x00000000    0xc7973 Core/Src/it.o
                              0xc7c8b (size before relaxing)
 .debug_str     0x000c7973     0x2e9c Core/Src/main.o
                              0xcaaea (size before relaxing)
 .debug_str     0x000ca80f      0x6cf Core/Src/msp.o
                              0xc82a8 (size before relaxing)
 .debug_str     0x000caede       0x70 Core/Src/system_stm32f4xx.o
                              0xc7723 (size before relaxing)
 .debug_str     0x000caf4e      0x578 Drivers/STM32F4xx_HAL_Driver/Src/stm32f4xx_hal.o
                              0xc8235 (size before relaxing)
 .debug_str     0x000cb4c6      0x32a Drivers/STM32F4xx_HAL_Driver/Src/stm32f4xx_hal_cortex.o
                              0xc7fdf (size before relaxing)
 .debug_str     0x000cb7f0      0x31d Drivers/STM32F4xx_HAL_Driver/Src/stm32f4xx_hal_dma.o
                              0xc7b44 (size before relaxing)
 .debug_str     0x000cbb0d      0x202 Drivers/STM32F4xx_HAL_Driver/Src/stm32f4xx_hal_gpio.o
                              0xc7962 (size before relaxing)
 .debug_str     0x000cbd0f      0x25b Drivers/STM32F4xx_HAL_Driver/Src/stm32f4xx_hal_rcc.o
                              0xc7b37 (size before relaxing)
 .debug_str     0x000cbf6a      0xc94 Drivers/STM32F4xx_HAL_Driver/Src/stm32f4xx_hal_tim.o
                              0xc8882 (size before relaxing)
 .debug_str     0x000ccbfe      0x4d4 Drivers/STM32F4xx_HAL_Driver/Src/stm32f4xx_hal_tim_ex.o
                              0xc809a (size before relaxing)
 .debug_str     0x000cd0d2      0x4f5 Drivers/STM32F4xx_HAL_Driver/Src/stm32f4xx_hal_uart.o
                              0xc7fe6 (size before relaxing)

.comment        0x00000000       0x7f
 .comment       0x00000000       0x7f Core/Src/it.o
                                 0x80 (size before relaxing)
 .comment       0x0000007f       0x80 Core/Src/main.o
 .comment       0x0000007f       0x80 Core/Src/msp.o
 .comment       0x0000007f       0x80 Core/Src/system_stm32f4xx.o
 .comment       0x0000007f       0x80 Drivers/STM32F4xx_HAL_Driver/Src/stm32f4xx_hal.o
 .comment       0x0000007f       0x80 Drivers/STM32F4xx_HAL_Driver/Src/stm32f4xx_hal_cortex.o
 .comment       0x0000007f       0x80 Drivers/STM32F4xx_HAL_Driver/Src/stm32f4xx_hal_dma.o
 .comment       0x0000007f       0x80 Drivers/STM32F4xx_HAL_Driver/Src/stm32f4xx_hal_gpio.o
 .comment       0x0000007f       0x80 Drivers/STM32F4xx_HAL_Driver/Src/stm32f4xx_hal_rcc.o
 .comment       0x0000007f       0x80 Drivers/STM32F4xx_HAL_Driver/Src/stm32f4xx_hal_tim.o
 .comment       0x0000007f       0x80 Drivers/STM32F4xx_HAL_Driver/Src/stm32f4xx_hal_tim_ex.o
 .comment       0x0000007f       0x80 Drivers/STM32F4xx_HAL_Driver/Src/stm32f4xx_hal_uart.o

.debug_frame    0x00000000     0x1cf4
 .debug_frame   0x00000000       0x70 Core/Src/it.o
 .debug_frame   0x00000070       0xd0 Core/Src/main.o
 .debug_frame   0x00000140       0x8c Core/Src/msp.o
 .debug_frame   0x000001cc       0x30 Core/Src/system_stm32f4xx.o
 .debug_frame   0x000001fc      0x1ec Drivers/STM32F4xx_HAL_Driver/Src/stm32f4xx_hal.o
 .debug_frame   0x000003e8      0x15c Drivers/STM32F4xx_HAL_Driver/Src/stm32f4xx_hal_cortex.o
 .debug_frame   0x00000544      0x188 Drivers/STM32F4xx_HAL_Driver/Src/stm32f4xx_hal_dma.o
 .debug_frame   0x000006cc       0xd8 Drivers/STM32F4xx_HAL_Driver/Src/stm32f4xx_hal_gpio.o
 .debug_frame   0x000007a4      0x184 Drivers/STM32F4xx_HAL_Driver/Src/stm32f4xx_hal_rcc.o
 .debug_frame   0x00000928      0xa7c Drivers/STM32F4xx_HAL_Driver/Src/stm32f4xx_hal_tim.o
 .debug_frame   0x000013a4      0x3b4 Drivers/STM32F4xx_HAL_Driver/Src/stm32f4xx_hal_tim_ex.o
 .debug_frame   0x00001758      0x4f0 Drivers/STM32F4xx_HAL_Driver/Src/stm32f4xx_hal_uart.o
 .debug_frame   0x00001c48       0x2c c:/ac6/systemworkbench/plugins/fr.ac6.mcu.externaltools.arm-none.win32_1.17.0.201812190825/tools/compiler/bin/../lib/gcc/arm-none-eabi/7.3.1/thumb/v7e-m/fpv4-sp/hard\libgcc.a(_aeabi_uldivmod.o)
 .debug_frame   0x00001c74       0x34 c:/ac6/systemworkbench/plugins/fr.ac6.mcu.externaltools.arm-none.win32_1.17.0.201812190825/tools/compiler/bin/../lib/gcc/arm-none-eabi/7.3.1/thumb/v7e-m/fpv4-sp/hard\libgcc.a(_udivmoddi4.o)
 .debug_frame   0x00001ca8       0x2c c:/ac6/systemworkbench/plugins/fr.ac6.mcu.externaltools.arm-none.win32_1.17.0.201812190825/tools/compiler/bin/../lib/gcc/arm-none-eabi/7.3.1/../../../../arm-none-eabi/lib/thumb/v7e-m/fpv4-sp/hard\libc_nano.a(lib_a-init.o)
 .debug_frame   0x00001cd4       0x20 c:/ac6/systemworkbench/plugins/fr.ac6.mcu.externaltools.arm-none.win32_1.17.0.201812190825/tools/compiler/bin/../lib/gcc/arm-none-eabi/7.3.1/../../../../arm-none-eabi/lib/thumb/v7e-m/fpv4-sp/hard\libc_nano.a(lib_a-memset.o)
