Archive member included to satisfy reference by file (symbol)

c:/ac6/systemworkbench/plugins/fr.ac6.mcu.externaltools.arm-none.win32_1.17.0.201812190825/tools/compiler/bin/../lib/gcc/arm-none-eabi/7.3.1/thumb/v7e-m/fpv4-sp/hard\libgcc.a(_aeabi_uldivmod.o)
                              Drivers/STM32F4xx_HAL_Driver/Src/stm32f4xx_hal_rcc.o (__aeabi_uldivmod)
c:/ac6/systemworkbench/plugins/fr.ac6.mcu.externaltools.arm-none.win32_1.17.0.201812190825/tools/compiler/bin/../lib/gcc/arm-none-eabi/7.3.1/thumb/v7e-m/fpv4-sp/hard\libgcc.a(_udivmoddi4.o)
                              c:/ac6/systemworkbench/plugins/fr.ac6.mcu.externaltools.arm-none.win32_1.17.0.201812190825/tools/compiler/bin/../lib/gcc/arm-none-eabi/7.3.1/thumb/v7e-m/fpv4-sp/hard\libgcc.a(_aeabi_uldivmod.o) (__udivmoddi4)
c:/ac6/systemworkbench/plugins/fr.ac6.mcu.externaltools.arm-none.win32_1.17.0.201812190825/tools/compiler/bin/../lib/gcc/arm-none-eabi/7.3.1/thumb/v7e-m/fpv4-sp/hard\libgcc.a(_dvmd_tls.o)
                              c:/ac6/systemworkbench/plugins/fr.ac6.mcu.externaltools.arm-none.win32_1.17.0.201812190825/tools/compiler/bin/../lib/gcc/arm-none-eabi/7.3.1/thumb/v7e-m/fpv4-sp/hard\libgcc.a(_aeabi_uldivmod.o) (__aeabi_ldiv0)
c:/ac6/systemworkbench/plugins/fr.ac6.mcu.externaltools.arm-none.win32_1.17.0.201812190825/tools/compiler/bin/../lib/gcc/arm-none-eabi/7.3.1/../../../../arm-none-eabi/lib/thumb/v7e-m/fpv4-sp/hard\libc_nano.a(lib_a-errno.o)
                              Core/Src/syscalls.o (__errno)
c:/ac6/systemworkbench/plugins/fr.ac6.mcu.externaltools.arm-none.win32_1.17.0.201812190825/tools/compiler/bin/../lib/gcc/arm-none-eabi/7.3.1/../../../../arm-none-eabi/lib/thumb/v7e-m/fpv4-sp/hard\libc_nano.a(lib_a-exit.o)
                              c:/ac6/systemworkbench/plugins/fr.ac6.mcu.externaltools.arm-none.win32_1.17.0.201812190825/tools/compiler/bin/../lib/gcc/arm-none-eabi/7.3.1/../../../../arm-none-eabi/lib/thumb/v7e-m/fpv4-sp/hard/crt0.o (exit)
c:/ac6/systemworkbench/plugins/fr.ac6.mcu.externaltools.arm-none.win32_1.17.0.201812190825/tools/compiler/bin/../lib/gcc/arm-none-eabi/7.3.1/../../../../arm-none-eabi/lib/thumb/v7e-m/fpv4-sp/hard\libc_nano.a(lib_a-impure.o)
                              c:/ac6/systemworkbench/plugins/fr.ac6.mcu.externaltools.arm-none.win32_1.17.0.201812190825/tools/compiler/bin/../lib/gcc/arm-none-eabi/7.3.1/../../../../arm-none-eabi/lib/thumb/v7e-m/fpv4-sp/hard\libc_nano.a(lib_a-exit.o) (_global_impure_ptr)
c:/ac6/systemworkbench/plugins/fr.ac6.mcu.externaltools.arm-none.win32_1.17.0.201812190825/tools/compiler/bin/../lib/gcc/arm-none-eabi/7.3.1/../../../../arm-none-eabi/lib/thumb/v7e-m/fpv4-sp/hard\libc_nano.a(lib_a-init.o)
                              c:/ac6/systemworkbench/plugins/fr.ac6.mcu.externaltools.arm-none.win32_1.17.0.201812190825/tools/compiler/bin/../lib/gcc/arm-none-eabi/7.3.1/../../../../arm-none-eabi/lib/thumb/v7e-m/fpv4-sp/hard/crt0.o (__libc_init_array)
c:/ac6/systemworkbench/plugins/fr.ac6.mcu.externaltools.arm-none.win32_1.17.0.201812190825/tools/compiler/bin/../lib/gcc/arm-none-eabi/7.3.1/../../../../arm-none-eabi/lib/thumb/v7e-m/fpv4-sp/hard\libc_nano.a(lib_a-malloc.o)
                              Middlewares/ST/STM32_USB_Host_Library/Class/CDC/Src/usbh_cdc.o (malloc)
c:/ac6/systemworkbench/plugins/fr.ac6.mcu.externaltools.arm-none.win32_1.17.0.201812190825/tools/compiler/bin/../lib/gcc/arm-none-eabi/7.3.1/../../../../arm-none-eabi/lib/thumb/v7e-m/fpv4-sp/hard\libc_nano.a(lib_a-memset.o)
                              c:/ac6/systemworkbench/plugins/fr.ac6.mcu.externaltools.arm-none.win32_1.17.0.201812190825/tools/compiler/bin/../lib/gcc/arm-none-eabi/7.3.1/../../../../arm-none-eabi/lib/thumb/v7e-m/fpv4-sp/hard/crt0.o (memset)
c:/ac6/systemworkbench/plugins/fr.ac6.mcu.externaltools.arm-none.win32_1.17.0.201812190825/tools/compiler/bin/../lib/gcc/arm-none-eabi/7.3.1/../../../../arm-none-eabi/lib/thumb/v7e-m/fpv4-sp/hard\libc_nano.a(lib_a-nano-freer.o)
                              c:/ac6/systemworkbench/plugins/fr.ac6.mcu.externaltools.arm-none.win32_1.17.0.201812190825/tools/compiler/bin/../lib/gcc/arm-none-eabi/7.3.1/../../../../arm-none-eabi/lib/thumb/v7e-m/fpv4-sp/hard\libc_nano.a(lib_a-malloc.o) (_free_r)
c:/ac6/systemworkbench/plugins/fr.ac6.mcu.externaltools.arm-none.win32_1.17.0.201812190825/tools/compiler/bin/../lib/gcc/arm-none-eabi/7.3.1/../../../../arm-none-eabi/lib/thumb/v7e-m/fpv4-sp/hard\libc_nano.a(lib_a-nano-mallocr.o)
                              c:/ac6/systemworkbench/plugins/fr.ac6.mcu.externaltools.arm-none.win32_1.17.0.201812190825/tools/compiler/bin/../lib/gcc/arm-none-eabi/7.3.1/../../../../arm-none-eabi/lib/thumb/v7e-m/fpv4-sp/hard\libc_nano.a(lib_a-malloc.o) (_malloc_r)
c:/ac6/systemworkbench/plugins/fr.ac6.mcu.externaltools.arm-none.win32_1.17.0.201812190825/tools/compiler/bin/../lib/gcc/arm-none-eabi/7.3.1/../../../../arm-none-eabi/lib/thumb/v7e-m/fpv4-sp/hard\libc_nano.a(lib_a-sbrkr.o)
[...]
Memory Configuration

Name             Origin             Length             Attributes
RAM              0x20000000         0x00020000         xrw
CCMRAM           0x10000000         0x00010000         xrw
FLASH            0x08000000         0x00100000         xr
*default*        0x00000000         0xffffffff

Linker script and memory map

LOAD c:/ac6/systemworkbench/plugins/fr.ac6.mcu.externaltools.arm-none.win32_1.17.0.201812190825/tools/compiler/bin/../lib/gcc/arm-none-eabi/7.3.1/thumb/v7e-m/fpv4-sp/hard/crti.o
LOAD c:/ac6/systemworkbench/plugins/fr.ac6.mcu.externaltools.arm-none.win32_1.17.0.201812190825/tools/compiler/bin/../lib/gcc/arm-none-eabi/7.3.1/thumb/v7e-m/fpv4-sp/hard/crtbegin.o
LOAD c:/ac6/systemworkbench/plugins/fr.ac6.mcu.externaltools.arm-none.win32_1.17.0.201812190825/tools/compiler/bin/../lib/gcc/arm-none-eabi/7.3.1/../../../../arm-none-eabi/lib/thumb/v7e-m/fpv4-sp/hard/crt0.o
LOAD Core/Src/main.o
LOAD Core/Src/stm32f4xx_hal_msp.o
LOAD Core/Src/stm32f4xx_it.o
LOAD Core/Src/syscalls.o
LOAD Core/Src/system_stm32f4xx.o
LOAD Drivers/STM32F4xx_HAL_Driver/Src/stm32f4xx_hal.o
LOAD Drivers/STM32F4xx_HAL_Driver/Src/stm32f4xx_hal_cortex.o
LOAD Drivers/STM32F4xx_HAL_Driver/Src/stm32f4xx_hal_dma.o
LOAD Drivers/STM32F4xx_HAL_Driver/Src/stm32f4xx_hal_dma_ex.o
LOAD Drivers/STM32F4xx_HAL_Driver/Src/stm32f4xx_hal_exti.o
LOAD Drivers/STM32F4xx_HAL_Driver/Src/stm32f4xx_hal_flash.o
LOAD Drivers/STM32F4xx_HAL_Driver/Src/stm32f4xx_hal_flash_ex.o
LOAD Drivers/STM32F4xx_HAL_Driver/Src/stm32f4xx_hal_flash_ramfunc.o
LOAD Drivers/STM32F4xx_HAL_Driver/Src/stm32f4xx_hal_gpio.o
LOAD Drivers/STM32F4xx_HAL_Driver/Src/stm32f4xx_hal_hcd.o
LOAD Drivers/STM32F4xx_HAL_Driver/Src/stm32f4xx_hal_i2c.o
LOAD Drivers/STM32F4xx_HAL_Driver/Src/stm32f4xx_hal_i2c_ex.o
LOAD Drivers/STM32F4xx_HAL_Driver/Src/stm32f4xx_hal_i2s.o
LOAD Drivers/STM32F4xx_HAL_Driver/Src/stm32f4xx_hal_i2s_ex.o
LOAD Drivers/STM32F4xx_HAL_Driver/Src/stm32f4xx_hal_pwr.o
LOAD Drivers/STM32F4xx_HAL_Driver/Src/stm32f4xx_hal_pwr_ex.o
LOAD Drivers/STM32F4xx_HAL_Driver/Src/stm32f4xx_hal_rcc.o
LOAD Drivers/STM32F4xx_HAL_Driver/Src/stm32f4xx_hal_rcc_ex.o
LOAD Drivers/STM32F4xx_HAL_Driver/Src/stm32f4xx_hal_spi.o
LOAD Drivers/STM32F4xx_HAL_Driver/Src/stm32f4xx_hal_tim.o
LOAD Drivers/STM32F4xx_HAL_Driver/Src/stm32f4xx_hal_tim_ex.o
LOAD Drivers/STM32F4xx_HAL_Driver/Src/stm32f4xx_hal_uart.o
LOAD Drivers/STM32F4xx_HAL_Driver/Src/stm32f4xx_ll_usb.o
LOAD Middlewares/ST/STM32_USB_Host_Library/Class/CDC/Src/usbh_cdc.o
LOAD Middlewares/ST/STM32_USB_Host_Library/Core/Src/usbh_core.o
LOAD Middlewares/ST/STM32_USB_Host_Library/Core/Src/usbh_ctlreq.o
LOAD Middlewares/ST/STM32_USB_Host_Library/Core/Src/usbh_ioreq.o
LOAD Middlewares/ST/STM32_USB_Host_Library/Core/Src/usbh_pipes.o
LOAD USB_HOST/App/usb_host.o
LOAD USB_HOST/Target/usbh_conf.o
LOAD USB_HOST/Target/usbh_platform.o
LOAD startup/startup_stm32f407xx.o
LOAD c:/ac6/systemworkbench/plugins/fr.ac6.mcu.externaltools.arm-none.win32_1.17.0.201812190825/tools/compiler/bin/../lib/gcc/arm-none-eabi/7.3.1/../../../../arm-none-eabi/lib/thumb/v7e-m/fpv4-sp/hard\libm.a
START GROUP
LOAD c:/ac6/systemworkbench/plugins/fr.ac6.mcu.externaltools.arm-none.win32_1.17.0.201812190825/tools/compiler/bin/../lib/gcc/arm-none-eabi/7.3.1/thumb/v7e-m/fpv4-sp/hard\libgcc.a
LOAD c:/ac6/systemworkbench/plugins/fr.ac6.mcu.externaltools.arm-none.win32_1.17.0.201812190825/tools/compiler/bin/../lib/gcc/arm-none-eabi/7.3.1/../../../../arm-none-eabi/lib/thumb/v7e-m/fpv4-sp/hard\libc_nano.a
END GROUP
START GROUP
LOAD c:/ac6/systemworkbench/plugins/fr.ac6.mcu.externaltools.arm-none.win32_1.17.0.201812190825/tools/compiler/bin/../lib/gcc/arm-none-eabi/7.3.1/thumb/v7e-m/fpv4-sp/hard\libgcc.a
LOAD c:/ac6/systemworkbench/plugins/fr.ac6.mcu.externaltools.arm-none.win32_1.17.0.201812190825/tools/compiler/bin/../lib/gcc/arm-none-eabi/7.3.1/../../../../arm-none-eabi/lib/thumb/v7e-m/fpv4-sp/hard\libc_nano.a
LOAD c:/ac6/systemworkbench/plugins/fr.ac6.mcu.externaltools.arm-none.win32_1.17.0.201812190825/tools/compiler/bin/../lib/gcc/arm-none-eabi/7.3.1/../../../../arm-none-eabi/lib/thumb/v7e-m/fpv4-sp/hard\libnosys.a
END GROUP
START GROUP
LOAD c:/ac6/systemworkbench/plugins/fr.ac6.mcu.externaltools.arm-none.win32_1.17.0.201812190825/tools/compiler/bin/../lib/gcc/arm-none-eabi/7.3.1/thumb/v7e-m/fpv4-sp/hard\libgcc.a
LOAD c:/ac6/systemworkbench/plugins/fr.ac6.mcu.externaltools.arm-none.win32_1.17.0.201812190825/tools/compiler/bin/../lib/gcc/arm-none-eabi/7.3.1/../../../../arm-none-eabi/lib/thumb/v7e-m/fpv4-sp/hard\libc_nano.a
LOAD c:/ac6/systemworkbench/plugins/fr.ac6.mcu.externaltools.arm-none.win32_1.17.0.201812190825/tools/compiler/bin/../lib/gcc/arm-none-eabi/7.3.1/../../../../arm-none-eabi/lib/thumb/v7e-m/fpv4-sp/hard\libnosys.a
END GROUP
LOAD c:/ac6/systemworkbench/plugins/fr.ac6.mcu.externaltools.arm-none.win32_1.17.0.201812190825/tools/compiler/bin/../lib/gcc/arm-none-eabi/7.3.1/thumb/v7e-m/fpv4-sp/hard/crtend.o
LOAD c:/ac6/systemworkbench/plugins/fr.ac6.mcu.externaltools.arm-none.win32_1.17.0.201812190825/tools/compiler/bin/../lib/gcc/arm-none-eabi/7.3.1/thumb/v7e-m/fpv4-sp/hard/crtn.o
                0x20020000                _estack = 0x20020000
                0x00000200                _Min_Heap_Size = 0x200
                0x00000400                _Min_Stack_Size = 0x400

.isr_vector     0x08000000      0x188
                0x08000000                . = ALIGN (0x4)
 *(.isr_vector)
 .isr_vector    0x08000000      0x188 startup/startup_stm32f407xx.o
                0x08000000                g_pfnVectors
                0x08000188                . = ALIGN (0x4)

.text           0x08000188     0x4940
                0x08000188                . = ALIGN (0x4)
 *(.text)
 .text          0x08000188       0x40 c:/ac6/systemworkbench/plugins/fr.ac6.mcu.externaltools.arm-none.win32_1.17.0.201812190825/tools/compiler/bin/../lib/gcc/arm-none-eabi/7.3.1/thumb/v7e-m/fpv4-sp/hard/crtbegin.o
 .text          0x080001c8       0x30 c:/ac6/systemworkbench/plugins/fr.ac6.mcu.externaltools.arm-none.win32_1.17.0.201812190825/tools/compiler/bin/../lib/gcc/arm-none-eabi/7.3.1/thumb/v7e-m/fpv4-sp/hard\libgcc.a(_aeabi_uldivmod.o)
                0x080001c8                __aeabi_uldivmod
 .text          0x080001f8      0x2cc c:/ac6/systemworkbench/plugins/fr.ac6.mcu.externaltools.arm-none.win32_1.17.0.201812190825/tools/compiler/bin/../lib/gcc/arm-none-eabi/7.3.1/thumb/v7e-m/fpv4-sp/hard\libgcc.a(_udivmoddi4.o)
                0x080001f8                __udivmoddi4
 .text          0x080004c4        0x4 c:/ac6/systemworkbench/plugins/fr.ac6.mcu.externaltools.arm-none.win32_1.17.0.201812190825/tools/compiler/bin/../lib/gcc/arm-none-eabi/7.3.1/thumb/v7e-m/fpv4-sp/hard\libgcc.a(_dvmd_tls.o)
                0x080004c4                __aeabi_idiv0
                0x080004c4                __aeabi_ldiv0
 *(.text*)
 .text.MX_GPIO_Init
                0x080004c8      0x18c Core/Src/main.o
 .text.Error_Handler
                0x08000654        0x4 Core/Src/main.o
                0x08000654                Error_Handler
 .text.MX_I2C1_Init
                0x08000658       0x38 Core/Src/main.o
 .text.MX_I2S3_Init
                0x08000690       0x38 Core/Src/main.o
 .text.MX_SPI1_Init
                0x080006c8       0x40 Core/Src/main.o
 .text.MX_USART2_UART_Init
                0x08000708       0x34 Core/Src/main.o
 .text.SystemClock_Config
                0x0800073c       0xcc Core/Src/main.o
                0x0800073c                SystemClock_Config
 .text.main     0x08000808       0x38 Core/Src/main.o
                0x08000808                main
 .text.HAL_MspInit
                0x08000840       0x40 Core/Src/stm32f4xx_hal_msp.o
                0x08000840                HAL_MspInit
 .text.HAL_I2C_MspInit
                0x08000880       0x70 Core/Src/stm32f4xx_hal_msp.o
                0x08000880                HAL_I2C_MspInit
 .text.HAL_I2S_MspInit
                0x080008f0       0x98 Core/Src/stm32f4xx_hal_msp.o
                0x080008f0                HAL_I2S_MspInit
 .text.HAL_SPI_MspInit
                0x08000988       0x6c Core/Src/stm32f4xx_hal_msp.o
                0x08000988                HAL_SPI_MspInit
 .text.HAL_UART_MspInit
                0x080009f4       0x70 Core/Src/stm32f4xx_hal_msp.o
                0x080009f4                HAL_UART_MspInit
 .text.NMI_Handler
                0x08000a64        0x2 Core/Src/stm32f4xx_it.o
                0x08000a64                NMI_Handler
 .text.HardFault_Handler
                0x08000a66        0x2 Core/Src/stm32f4xx_it.o
                0x08000a66                HardFault_Handler
 .text.MemManage_Handler
                0x08000a68        0x2 Core/Src/stm32f4xx_it.o
                0x08000a68                MemManage_Handler
 .text.BusFault_Handler
                0x08000a6a        0x2 Core/Src/stm32f4xx_it.o
                0x08000a6a                BusFault_Handler
 .text.UsageFault_Handler
                0x08000a6c        0x2 Core/Src/stm32f4xx_it.o
                0x08000a6c                UsageFault_Handler
 .text.SVC_Handler
                0x08000a6e        0x2 Core/Src/stm32f4xx_it.o
                0x08000a6e                SVC_Handler
 .text.DebugMon_Handler
                0x08000a70        0x2 Core/Src/stm32f4xx_it.o
                0x08000a70                DebugMon_Handler
 .text.PendSV_Handler
                0x08000a72        0x2 Core/Src/stm32f4xx_it.o
                0x08000a72                PendSV_Handler
 .text.SysTick_Handler
                0x08000a74        0x8 Core/Src/stm32f4xx_it.o
                0x08000a74                SysTick_Handler
 .text.OTG_FS_IRQHandler
                0x08000a7c       0x10 Core/Src/stm32f4xx_it.o
                0x08000a7c                OTG_FS_IRQHandler
 .text._sbrk    0x08000a8c       0x3c Core/Src/syscalls.o
                0x08000a8c                _sbrk
 .text.SystemInit
                0x08000ac8       0x1c Core/Src/system_stm32f4xx.o
                0x08000ac8                SystemInit
 .text.HAL_InitTick
                0x08000ae4       0x48 Drivers/STM32F4xx_HAL_Driver/Src/stm32f4xx_hal.o
                0x08000ae4                HAL_InitTick
 .text.HAL_Init
                0x08000b2c       0x34 Drivers/STM32F4xx_HAL_Driver/Src/stm32f4xx_hal.o
                0x08000b2c                HAL_Init
 .text.HAL_IncTick
                0x08000b60       0x18 Drivers/STM32F4xx_HAL_Driver/Src/stm32f4xx_hal.o
                0x08000b60                HAL_IncTick
 .text.HAL_GetTick
                0x08000b78        0xc Drivers/STM32F4xx_HAL_Driver/Src/stm32f4xx_hal.o
                0x08000b78                HAL_GetTick
 .text.HAL_Delay
                0x08000b84       0x28 Drivers/STM32F4xx_HAL_Driver/Src/stm32f4xx_hal.o
                0x08000b84                HAL_Delay
 .text.HAL_NVIC_SetPriorityGrouping
                0x08000bac       0x24 Drivers/STM32F4xx_HAL_Driver/Src/stm32f4xx_hal_cortex.o
                0x08000bac                HAL_NVIC_SetPriorityGrouping
 .text.HAL_NVIC_SetPriority
                0x08000bd0       0x68 Drivers/STM32F4xx_HAL_Driver/Src/stm32f4xx_hal_cortex.o
                0x08000bd0                HAL_NVIC_SetPriority
 .text.HAL_NVIC_EnableIRQ
                0x08000c38       0x1c Drivers/STM32F4xx_HAL_Driver/Src/stm32f4xx_hal_cortex.o
                0x08000c38                HAL_NVIC_EnableIRQ
 .text.HAL_SYSTICK_Config
                0x08000c54       0x2c Drivers/STM32F4xx_HAL_Driver/Src/stm32f4xx_hal_cortex.o
                0x08000c54                HAL_SYSTICK_Config
 .text.HAL_GPIO_Init
                0x08000c80      0x1c8 Drivers/STM32F4xx_HAL_Driver/Src/stm32f4xx_hal_gpio.o
                0x08000c80                HAL_GPIO_Init
 .text.HAL_GPIO_WritePin
                0x08000e48        0xc Drivers/STM32F4xx_HAL_Driver/Src/stm32f4xx_hal_gpio.o
                0x08000e48                HAL_GPIO_WritePin
 .text.HCD_RXQLVL_IRQHandler
                0x08000e54       0x7c Drivers/STM32F4xx_HAL_Driver/Src/stm32f4xx_hal_hcd.o
 .text.HAL_HCD_HC_Init
                0x08000ed0       0xa0 Drivers/STM32F4xx_HAL_Driver/Src/stm32f4xx_hal_hcd.o
                0x08000ed0                HAL_HCD_HC_Init
 .text.HAL_HCD_HC_Halt
                0x08000f70       0x24 Drivers/STM32F4xx_HAL_Driver/Src/stm32f4xx_hal_hcd.o
                0x08000f70                HAL_HCD_HC_Halt
 .text.HAL_HCD_Init
                0x08000f94       0x94 Drivers/STM32F4xx_HAL_Driver/Src/stm32f4xx_hal_hcd.o
                0x08000f94                HAL_HCD_Init
 .text.HAL_HCD_HC_SubmitRequest
                0x08001028      0x196 Drivers/STM32F4xx_HAL_Driver/Src/stm32f4xx_hal_hcd.o
                0x08001028                HAL_HCD_HC_SubmitRequest
 .text.HCD_Port_IRQHandler
                0x080011be       0xb0 Drivers/STM32F4xx_HAL_Driver/Src/stm32f4xx_hal_hcd.o
 .text.HCD_HC_IN_IRQHandler
                0x0800126e      0x32c Drivers/STM32F4xx_HAL_Driver/Src/stm32f4xx_hal_hcd.o
 .text.HCD_HC_OUT_IRQHandler
                0x0800159a      0x2b4 Drivers/STM32F4xx_HAL_Driver/Src/stm32f4xx_hal_hcd.o
 .text.HAL_HCD_IRQHandler
                0x0800184e      0x146 Drivers/STM32F4xx_HAL_Driver/Src/stm32f4xx_hal_hcd.o
                0x0800184e                HAL_HCD_IRQHandler
 .text.HAL_HCD_Start
                0x08001994       0x2c Drivers/STM32F4xx_HAL_Driver/Src/stm32f4xx_hal_hcd.o
                0x08001994                HAL_HCD_Start
 .text.HAL_HCD_Stop
                0x080019c0       0x24 Drivers/STM32F4xx_HAL_Driver/Src/stm32f4xx_hal_hcd.o
                0x080019c0                HAL_HCD_Stop
 .text.HAL_HCD_ResetPort
                0x080019e4        0xa Drivers/STM32F4xx_HAL_Driver/Src/stm32f4xx_hal_hcd.o
                0x080019e4                HAL_HCD_ResetPort
 .text.HAL_HCD_HC_GetURBState
                0x080019ee        0xe Drivers/STM32F4xx_HAL_Driver/Src/stm32f4xx_hal_hcd.o
                0x080019ee                HAL_HCD_HC_GetURBState
 .text.HAL_HCD_HC_GetXferCount
                0x080019fc        0xc Drivers/STM32F4xx_HAL_Driver/Src/stm32f4xx_hal_hcd.o
                0x080019fc                HAL_HCD_HC_GetXferCount
 .text.HAL_HCD_GetCurrentFrame
                0x08001a08        0xa Drivers/STM32F4xx_HAL_Driver/Src/stm32f4xx_hal_hcd.o
                0x08001a08                HAL_HCD_GetCurrentFrame
 .text.HAL_HCD_GetCurrentSpeed
                0x08001a12        0xa Drivers/STM32F4xx_HAL_Driver/Src/stm32f4xx_hal_hcd.o
                0x08001a12                HAL_HCD_GetCurrentSpeed
 .text.HAL_I2C_Init
                0x08001a1c      0x1b4 Drivers/STM32F4xx_HAL_Driver/Src/stm32f4xx_hal_i2c.o
                0x08001a1c                HAL_I2C_Init
 .text.HAL_I2S_Init
                0x08001bd0      0x19c Drivers/STM32F4xx_HAL_Driver/Src/stm32f4xx_hal_i2s.o
                0x08001bd0                HAL_I2S_Init
 .text.HAL_I2S_TxCpltCallback
                0x08001d6c        0x2 Drivers/STM32F4xx_HAL_Driver/Src/stm32f4xx_hal_i2s.o
                0x08001d6c                HAL_I2S_TxCpltCallback
 .text.I2S_Transmit_IT
                0x08001d6e       0x36 Drivers/STM32F4xx_HAL_Driver/Src/stm32f4xx_hal_i2s.o
 .text.HAL_I2S_RxCpltCallback
                0x08001da4        0x2 Drivers/STM32F4xx_HAL_Driver/Src/stm32f4xx_hal_i2s.o
                0x08001da4                HAL_I2S_RxCpltCallback
 .text.I2S_Receive_IT
                0x08001da6       0x36 Drivers/STM32F4xx_HAL_Driver/Src/stm32f4xx_hal_i2s.o
 .text.HAL_I2S_ErrorCallback
                0x08001ddc        0x2 Drivers/STM32F4xx_HAL_Driver/Src/stm32f4xx_hal_i2s.o
                0x08001ddc                HAL_I2S_ErrorCallback
 .text.I2S_IRQHandler
                0x08001dde       0xd0 Drivers/STM32F4xx_HAL_Driver/Src/stm32f4xx_hal_i2s.o
 .text.HAL_I2SEx_TxRxCpltCallback
                0x08001eae        0x2 Drivers/STM32F4xx_HAL_Driver/Src/stm32f4xx_hal_i2s_ex.o
                0x08001eae                HAL_I2SEx_TxRxCpltCallback
 .text.I2SEx_TxISR_I2S
                0x08001eb0       0x3a Drivers/STM32F4xx_HAL_Driver/Src/stm32f4xx_hal_i2s_ex.o
 *fill*         0x08001eea        0x2 
 .text.I2SEx_RxISR_I2SExt
                0x08001eec       0x60 Drivers/STM32F4xx_HAL_Driver/Src/stm32f4xx_hal_i2s_ex.o
 .text.I2SEx_TxISR_I2SExt
                0x08001f4c       0x60 Drivers/STM32F4xx_HAL_Driver/Src/stm32f4xx_hal_i2s_ex.o
 .text.I2SEx_RxISR_I2S
                0x08001fac       0x3a Drivers/STM32F4xx_HAL_Driver/Src/stm32f4xx_hal_i2s_ex.o
 *fill*         0x08001fe6        0x2 
 .text.HAL_I2SEx_FullDuplex_IRQHandler
                0x08001fe8      0x1d8 Drivers/STM32F4xx_HAL_Driver/Src/stm32f4xx_hal_i2s_ex.o
                0x08001fe8                HAL_I2SEx_FullDuplex_IRQHandler
 .text.HAL_RCC_OscConfig
                0x080021c0      0x3ec Drivers/STM32F4xx_HAL_Driver/Src/stm32f4xx_hal_rcc.o
                0x080021c0                HAL_RCC_OscConfig
 .text.HAL_RCC_GetSysClockFreq
                0x080025ac       0xd8 Drivers/STM32F4xx_HAL_Driver/Src/stm32f4xx_hal_rcc.o
                0x080025ac                HAL_RCC_GetSysClockFreq
 .text.HAL_RCC_ClockConfig
                0x08002684      0x160 Drivers/STM32F4xx_HAL_Driver/Src/stm32f4xx_hal_rcc.o
                0x08002684                HAL_RCC_ClockConfig
 .text.HAL_RCC_GetHCLKFreq
                0x080027e4        0xc Drivers/STM32F4xx_HAL_Driver/Src/stm32f4xx_hal_rcc.o
                0x080027e4                HAL_RCC_GetHCLKFreq
 .text.HAL_RCC_GetPCLK1Freq
                0x080027f0       0x20 Drivers/STM32F4xx_HAL_Driver/Src/stm32f4xx_hal_rcc.o
                0x080027f0                HAL_RCC_GetPCLK1Freq
 .text.HAL_RCC_GetPCLK2Freq
                0x08002810       0x20 Drivers/STM32F4xx_HAL_Driver/Src/stm32f4xx_hal_rcc.o
                0x08002810                HAL_RCC_GetPCLK2Freq
 .text.HAL_RCCEx_PeriphCLKConfig
                0x08002830      0x154 Drivers/STM32F4xx_HAL_Driver/Src/stm32f4xx_hal_rcc_ex.o
                0x08002830                HAL_RCCEx_PeriphCLKConfig
 .text.HAL_RCCEx_GetPeriphCLKFreq
                0x08002984       0x74 Drivers/STM32F4xx_HAL_Driver/Src/stm32f4xx_hal_rcc_ex.o
                0x08002984                HAL_RCCEx_GetPeriphCLKFreq
 .text.HAL_SPI_Init
                0x080029f8       0x80 Drivers/STM32F4xx_HAL_Driver/Src/stm32f4xx_hal_spi.o
                0x080029f8                HAL_SPI_Init
 .text.UART_SetConfig
                0x08002a78      0x218 Drivers/STM32F4xx_HAL_Driver/Src/stm32f4xx_hal_uart.o
 .text.HAL_UART_Init
                0x08002c90       0x5e Drivers/STM32F4xx_HAL_Driver/Src/stm32f4xx_hal_uart.o
                0x08002c90                HAL_UART_Init
 *fill*         0x08002cee        0x2 
 .text.USB_CoreReset
                0x08002cf0       0x3c Drivers/STM32F4xx_HAL_Driver/Src/stm32f4xx_ll_usb.o
 .text.USB_CoreInit
                0x08002d2c       0x8a Drivers/STM32F4xx_HAL_Driver/Src/stm32f4xx_ll_usb.o
                0x08002d2c                USB_CoreInit
 .text.USB_EnableGlobalInt
                0x08002db6        0xc Drivers/STM32F4xx_HAL_Driver/Src/stm32f4xx_ll_usb.o
                0x08002db6                USB_EnableGlobalInt
 .text.USB_DisableGlobalInt
                0x08002dc2        0xc Drivers/STM32F4xx_HAL_Driver/Src/stm32f4xx_ll_usb.o
                0x08002dc2                USB_DisableGlobalInt
 .text.USB_SetCurrentMode
                0x08002dce       0x30 Drivers/STM32F4xx_HAL_Driver/Src/stm32f4xx_ll_usb.o
                0x08002dce                USB_SetCurrentMode
 *fill*         0x08002dfe        0x2 
 .text.USB_FlushTxFifo
                0x08002e00       0x28 Drivers/STM32F4xx_HAL_Driver/Src/stm32f4xx_ll_usb.o
                0x08002e00                USB_FlushTxFifo
 .text.USB_FlushRxFifo
                0x08002e28       0x24 Drivers/STM32F4xx_HAL_Driver/Src/stm32f4xx_ll_usb.o
                0x08002e28                USB_FlushRxFifo
 .text.USB_WritePacket
                0x08002e4c       0x28 Drivers/STM32F4xx_HAL_Driver/Src/stm32f4xx_ll_usb.o
                0x08002e4c                USB_WritePacket
 .text.USB_ReadPacket
                0x08002e74       0x28 Drivers/STM32F4xx_HAL_Driver/Src/stm32f4xx_ll_usb.o
                0x08002e74                USB_ReadPacket
 .text.USB_ReadInterrupts
                0x08002e9c        0x8 Drivers/STM32F4xx_HAL_Driver/Src/stm32f4xx_ll_usb.o
                0x08002e9c                USB_ReadInterrupts
 .text.USB_GetMode
                0x08002ea4        0x8 Drivers/STM32F4xx_HAL_Driver/Src/stm32f4xx_ll_usb.o
                0x08002ea4                USB_GetMode
 .text.USB_InitFSLSPClkSel
                0x08002eac       0x40 Drivers/STM32F4xx_HAL_Driver/Src/stm32f4xx_ll_usb.o
                0x08002eac                USB_InitFSLSPClkSel
 .text.USB_ResetPort
                0x08002eec       0x3e Drivers/STM32F4xx_HAL_Driver/Src/stm32f4xx_ll_usb.o
                0x08002eec                USB_ResetPort
 .text.USB_DriveVbus
                0x08002f2a       0x46 Drivers/STM32F4xx_HAL_Driver/Src/stm32f4xx_ll_usb.o
                0x08002f2a                USB_DriveVbus
 .text.USB_HostInit
                0x08002f70       0xfc Drivers/STM32F4xx_HAL_Driver/Src/stm32f4xx_ll_usb.o
                0x08002f70                USB_HostInit
 .text.USB_GetHostSpeed
                0x0800306c       0x16 Drivers/STM32F4xx_HAL_Driver/Src/stm32f4xx_ll_usb.o
                0x0800306c                USB_GetHostSpeed
 .text.USB_GetCurrentFrame
                0x08003082        0xa Drivers/STM32F4xx_HAL_Driver/Src/stm32f4xx_ll_usb.o
                0x08003082                USB_GetCurrentFrame
 .text.USB_HC_Init
                0x0800308c      0x108 Drivers/STM32F4xx_HAL_Driver/Src/stm32f4xx_ll_usb.o
                0x0800308c                USB_HC_Init
 .text.USB_HC_ReadInterrupt
                0x08003194        0xa Drivers/STM32F4xx_HAL_Driver/Src/stm32f4xx_ll_usb.o
                0x08003194                USB_HC_ReadInterrupt
 .text.USB_HC_Halt
                0x0800319e       0xd0 Drivers/STM32F4xx_HAL_Driver/Src/stm32f4xx_ll_usb.o
                0x0800319e                USB_HC_Halt
 *fill*         0x0800326e        0x2 
 .text.USB_DoPing
                0x08003270       0x24 Drivers/STM32F4xx_HAL_Driver/Src/stm32f4xx_ll_usb.o
                0x08003270                USB_DoPing
 .text.USB_HC_StartXfer
                0x08003294      0x158 Drivers/STM32F4xx_HAL_Driver/Src/stm32f4xx_ll_usb.o
                0x08003294                USB_HC_StartXfer
 .text.USB_StopHost
                0x080033ec       0x7e Drivers/STM32F4xx_HAL_Driver/Src/stm32f4xx_ll_usb.o
                0x080033ec                USB_StopHost
 .text.USBH_CDC_SOFProcess
                0x0800346a        0x4 Middlewares/ST/STM32_USB_Host_Library/Class/CDC/Src/usbh_cdc.o
 .text.SetLineCoding
                0x0800346e       0x1a Middlewares/ST/STM32_USB_Host_Library/Class/CDC/Src/usbh_cdc.o
 .text.GetLineCoding
                0x08003488       0x1a Middlewares/ST/STM32_USB_Host_Library/Class/CDC/Src/usbh_cdc.o
 .text.USBH_CDC_ClassRequest
                0x080034a2       0x22 Middlewares/ST/STM32_USB_Host_Library/Class/CDC/Src/usbh_cdc.o
 .text.USBH_CDC_InterfaceDeInit
                0x080034c4       0x68 Middlewares/ST/STM32_USB_Host_Library/Class/CDC/Src/usbh_cdc.o
 .text.USBH_CDC_InterfaceInit
                0x0800352c      0x17e Middlewares/ST/STM32_USB_Host_Library/Class/CDC/Src/usbh_cdc.o
 .text.USBH_CDC_TransmitCallback
                0x080036aa        0x2 Middlewares/ST/STM32_USB_Host_Library/Class/CDC/Src/usbh_cdc.o
                0x080036aa                USBH_CDC_TransmitCallback
 .text.CDC_ProcessTransmission
                0x080036ac       0x94 Middlewares/ST/STM32_USB_Host_Library/Class/CDC/Src/usbh_cdc.o
 .text.USBH_CDC_ReceiveCallback
                0x08003740        0x2 Middlewares/ST/STM32_USB_Host_Library/Class/CDC/Src/usbh_cdc.o
                0x08003740                USBH_CDC_ReceiveCallback
 .text.CDC_ProcessReception
                0x08003742       0x68 Middlewares/ST/STM32_USB_Host_Library/Class/CDC/Src/usbh_cdc.o
 .text.USBH_CDC_LineCodingChanged
                0x080037aa        0x2 Middlewares/ST/STM32_USB_Host_Library/Class/CDC/Src/usbh_cdc.o
                0x080037aa                USBH_CDC_LineCodingChanged
 .text.USBH_CDC_Process
                0x080037ac       0xb8 Middlewares/ST/STM32_USB_Host_Library/Class/CDC/Src/usbh_cdc.o
 .text.DeInitStateMachine
                0x08003864       0x54 Middlewares/ST/STM32_USB_Host_Library/Core/Src/usbh_core.o
 .text.USBH_HandleSof
                0x080038b8       0x1a Middlewares/ST/STM32_USB_Host_Library/Core/Src/usbh_core.o
 .text.USBH_HandleEnum
                0x080038d2      0x276 Middlewares/ST/STM32_USB_Host_Library/Core/Src/usbh_core.o
 .text.USBH_Init
                0x08003b48       0x3e Middlewares/ST/STM32_USB_Host_Library/Core/Src/usbh_core.o
                0x08003b48                USBH_Init
 .text.USBH_RegisterClass
                0x08003b86       0x22 Middlewares/ST/STM32_USB_Host_Library/Core/Src/usbh_core.o
                0x08003b86                USBH_RegisterClass
 .text.USBH_SelectInterface
                0x08003ba8       0x14 Middlewares/ST/STM32_USB_Host_Library/Core/Src/usbh_core.o
                0x08003ba8                USBH_SelectInterface
 .text.USBH_FindInterface
                0x08003bbc       0x50 Middlewares/ST/STM32_USB_Host_Library/Core/Src/usbh_core.o
                0x08003bbc                USBH_FindInterface
 .text.USBH_Start
                0x08003c0c       0x14 Middlewares/ST/STM32_USB_Host_Library/Core/Src/usbh_core.o
                0x08003c0c                USBH_Start
 .text.USBH_Process
                0x08003c20      0x27e Middlewares/ST/STM32_USB_Host_Library/Core/Src/usbh_core.o
                0x08003c20                USBH_Process
 .text.USBH_LL_SetTimer
                0x08003e9e        0x6 Middlewares/ST/STM32_USB_Host_Library/Core/Src/usbh_core.o
                0x08003e9e                USBH_LL_SetTimer
 .text.USBH_LL_IncTimer
                0x08003ea4       0x12 Middlewares/ST/STM32_USB_Host_Library/Core/Src/usbh_core.o
                0x08003ea4                USBH_LL_IncTimer
 .text.USBH_LL_PortEnabled
                0x08003eb6        0x8 Middlewares/ST/STM32_USB_Host_Library/Core/Src/usbh_core.o
                0x08003eb6                USBH_LL_PortEnabled
 .text.USBH_LL_PortDisabled
                0x08003ebe        0x8 Middlewares/ST/STM32_USB_Host_Library/Core/Src/usbh_core.o
                0x08003ebe                USBH_LL_PortDisabled
 .text.USBH_LL_Connect
                0x08003ec6       0x14 Middlewares/ST/STM32_USB_Host_Library/Core/Src/usbh_core.o
                0x08003ec6                USBH_LL_Connect
 .text.USBH_LL_Disconnect
                0x08003eda       0x2c Middlewares/ST/STM32_USB_Host_Library/Core/Src/usbh_core.o
                0x08003eda                USBH_LL_Disconnect
 .text.USBH_ParseDevDesc
                0x08003f06       0x5c Middlewares/ST/STM32_USB_Host_Library/Core/Src/usbh_ctlreq.o
 .text.USBH_ParseInterfaceDesc
                0x08003f62       0x26 Middlewares/ST/STM32_USB_Host_Library/Core/Src/usbh_ctlreq.o
 .text.USBH_ParseEPDesc
                0x08003f88       0x20 Middlewares/ST/STM32_USB_Host_Library/Core/Src/usbh_ctlreq.o
 .text.USBH_ParseStringDesc
                0x08003fa8       0x3c Middlewares/ST/STM32_USB_Host_Library/Core/Src/usbh_ctlreq.o
 .text.USBH_HandleControl
                0x08003fe4      0x1de Middlewares/ST/STM32_USB_Host_Library/Core/Src/usbh_ctlreq.o
 .text.USBH_GetNextDesc
                0x080041c2        0xe Middlewares/ST/STM32_USB_Host_Library/Core/Src/usbh_ctlreq.o
                0x080041c2                USBH_GetNextDesc
 .text.USBH_ParseCfgDesc
                0x080041d0       0xc2 Middlewares/ST/STM32_USB_Host_Library/Core/Src/usbh_ctlreq.o
 .text.USBH_CtlReq
                0x08004292       0x44 Middlewares/ST/STM32_USB_Host_Library/Core/Src/usbh_ctlreq.o
                0x08004292                USBH_CtlReq
 .text.USBH_GetDescriptor
                0x080042d6       0x3c Middlewares/ST/STM32_USB_Host_Library/Core/Src/usbh_ctlreq.o
                0x080042d6                USBH_GetDescriptor
 .text.USBH_Get_DevDesc
                0x08004312       0x32 Middlewares/ST/STM32_USB_Host_Library/Core/Src/usbh_ctlreq.o
                0x08004312                USBH_Get_DevDesc
 .text.USBH_Get_CfgDesc
                0x08004344       0x32 Middlewares/ST/STM32_USB_Host_Library/Core/Src/usbh_ctlreq.o
                0x08004344                USBH_Get_CfgDesc
 .text.USBH_Get_StringDesc
                0x08004376       0x30 Middlewares/ST/STM32_USB_Host_Library/Core/Src/usbh_ctlreq.o
                0x08004376                USBH_Get_StringDesc
 .text.USBH_SetAddress
                0x080043a6       0x22 Middlewares/ST/STM32_USB_Host_Library/Core/Src/usbh_ctlreq.o
                0x080043a6                USBH_SetAddress
 .text.USBH_SetCfg
                0x080043c8       0x22 Middlewares/ST/STM32_USB_Host_Library/Core/Src/usbh_ctlreq.o
                0x080043c8                USBH_SetCfg
 .text.USBH_SetFeature
                0x080043ea       0x22 Middlewares/ST/STM32_USB_Host_Library/Core/Src/usbh_ctlreq.o
                0x080043ea                USBH_SetFeature
 .text.USBH_ClrFeature
                0x0800440c       0x24 Middlewares/ST/STM32_USB_Host_Library/Core/Src/usbh_ctlreq.o
                0x0800440c                USBH_ClrFeature
 .text.USBH_CtlSendSetup
                0x08004430       0x22 Middlewares/ST/STM32_USB_Host_Library/Core/Src/usbh_ioreq.o
                0x08004430                USBH_CtlSendSetup
 .text.USBH_CtlSendData
                0x08004452       0x2c Middlewares/ST/STM32_USB_Host_Library/Core/Src/usbh_ioreq.o
                0x08004452                USBH_CtlSendData
 .text.USBH_CtlReceiveData
                0x0800447e       0x20 Middlewares/ST/STM32_USB_Host_Library/Core/Src/usbh_ioreq.o
                0x0800447e                USBH_CtlReceiveData
 .text.USBH_BulkSendData
                0x0800449e       0x2c Middlewares/ST/STM32_USB_Host_Library/Core/Src/usbh_ioreq.o
                0x0800449e                USBH_BulkSendData
 .text.USBH_BulkReceiveData
                0x080044ca       0x20 Middlewares/ST/STM32_USB_Host_Library/Core/Src/usbh_ioreq.o
                0x080044ca                USBH_BulkReceiveData
 .text.USBH_GetFreePipe
                0x080044ea       0x26 Middlewares/ST/STM32_USB_Host_Library/Core/Src/usbh_pipes.o
 .text.USBH_OpenPipe
                0x08004510       0x20 Middlewares/ST/STM32_USB_Host_Library/Core/Src/usbh_pipes.o
                0x08004510                USBH_OpenPipe
 .text.USBH_ClosePipe
                0x08004530        0xa Middlewares/ST/STM32_USB_Host_Library/Core/Src/usbh_pipes.o
                0x08004530                USBH_ClosePipe
 .text.USBH_AllocPipe
                0x0800453a       0x26 Middlewares/ST/STM32_USB_Host_Library/Core/Src/usbh_pipes.o
                0x0800453a                USBH_AllocPipe
 .text.USBH_FreePipe
                0x08004560       0x16 Middlewares/ST/STM32_USB_Host_Library/Core/Src/usbh_pipes.o
                0x08004560                USBH_FreePipe
 *fill*         0x08004576        0x2 
 .text.USBH_UserProcess
                0x08004578       0x2c USB_HOST/App/usb_host.o
 .text.MX_USB_HOST_Init
                0x080045a4       0x40 USB_HOST/App/usb_host.o
                0x080045a4                MX_USB_HOST_Init
 .text.MX_USB_HOST_Process
                0x080045e4       0x10 USB_HOST/App/usb_host.o
                0x080045e4                MX_USB_HOST_Process
 .text.HAL_HCD_MspInit
                0x080045f4       0x98 USB_HOST/Target/usbh_conf.o
                0x080045f4                HAL_HCD_MspInit
 .text.HAL_HCD_SOF_Callback
                0x0800468c        0xc USB_HOST/Target/usbh_conf.o
                0x0800468c                HAL_HCD_SOF_Callback
 .text.HAL_HCD_Connect_Callback
                0x08004698        0xc USB_HOST/Target/usbh_conf.o
                0x08004698                HAL_HCD_Connect_Callback
 .text.HAL_HCD_Disconnect_Callback
                0x080046a4        0xc USB_HOST/Target/usbh_conf.o
                0x080046a4                HAL_HCD_Disconnect_Callback
 .text.HAL_HCD_HC_NotifyURBChange_Callback
                0x080046b0        0x2 USB_HOST/Target/usbh_conf.o
                0x080046b0                HAL_HCD_HC_NotifyURBChange_Callback
 .text.HAL_HCD_PortEnabled_Callback
                0x080046b2        0xc USB_HOST/Target/usbh_conf.o
                0x080046b2                HAL_HCD_PortEnabled_Callback
 .text.HAL_HCD_PortDisabled_Callback
                0x080046be        0xc USB_HOST/Target/usbh_conf.o
                0x080046be                HAL_HCD_PortDisabled_Callback
 *fill*         0x080046ca        0x2 
 .text.USBH_LL_Init
                0x080046cc       0x54 USB_HOST/Target/usbh_conf.o
                0x080046cc                USBH_LL_Init
 .text.USBH_LL_GetSpeed
                0x08004720       0x1c USB_HOST/Target/usbh_conf.o
                0x08004720                USBH_LL_GetSpeed
 .text.USBH_LL_GetLastXferSize
                0x0800473c        0xc USB_HOST/Target/usbh_conf.o
                0x0800473c                USBH_LL_GetLastXferSize
 .text.USBH_LL_GetURBState
                0x08004748        0xc USB_HOST/Target/usbh_conf.o
                0x08004748                USBH_LL_GetURBState
 .text.USBH_LL_DriverVBUS
                0x08004754       0x1c USB_HOST/Target/usbh_conf.o
                0x08004754                USBH_LL_DriverVBUS
 .text.USBH_LL_SetToggle
                0x08004770       0x32 USB_HOST/Target/usbh_conf.o
                0x08004770                USBH_LL_SetToggle
 .text.USBH_Delay
                0x080047a2        0x8 USB_HOST/Target/usbh_conf.o
                0x080047a2                USBH_Delay
 .text.USBH_Get_USB_Status
                0x080047aa       0x12 USB_HOST/Target/usbh_conf.o
                0x080047aa                USBH_Get_USB_Status
 .text.USBH_LL_Start
                0x080047bc       0x10 USB_HOST/Target/usbh_conf.o
                0x080047bc                USBH_LL_Start
 .text.USBH_LL_Stop
                0x080047cc       0x10 USB_HOST/Target/usbh_conf.o
                0x080047cc                USBH_LL_Stop
 .text.USBH_LL_ResetPort
                0x080047dc       0x10 USB_HOST/Target/usbh_conf.o
                0x080047dc                USBH_LL_ResetPort
 .text.USBH_LL_OpenPipe
                0x080047ec       0x26 USB_HOST/Target/usbh_conf.o
                0x080047ec                USBH_LL_OpenPipe
 .text.USBH_LL_ClosePipe
                0x08004812       0x10 USB_HOST/Target/usbh_conf.o
                0x08004812                USBH_LL_ClosePipe
 .text.USBH_LL_SubmitURB
                0x08004822       0x2a USB_HOST/Target/usbh_conf.o
                0x08004822                USBH_LL_SubmitURB
 .text.MX_DriverVbusFS
                0x0800484c       0x18 USB_HOST/Target/usbh_platform.o
                0x0800484c                MX_DriverVbusFS
 .text.Reset_Handler
                0x08004864       0x50 startup/startup_stm32f407xx.o
                0x08004864                Reset_Handler
 .text.Default_Handler
                0x080048b4        0x2 startup/startup_stm32f407xx.o
                0x080048b4                RTC_Alarm_IRQHandler
                0x080048b4                HASH_RNG_IRQHandler
                0x080048b4                EXTI2_IRQHandler
                0x080048b4                TIM8_CC_IRQHandler
                0x080048b4                TIM1_CC_IRQHandler
                0x080048b4                DMA2_Stream5_IRQHandler
                0x080048b4                DMA1_Stream5_IRQHandler
                0x080048b4                PVD_IRQHandler
                0x080048b4                SDIO_IRQHandler
                0x080048b4                TAMP_STAMP_IRQHandler
                0x080048b4                CAN2_RX1_IRQHandler
                0x080048b4                EXTI3_IRQHandler
                0x080048b4                TIM8_TRG_COM_TIM14_IRQHandler
                0x080048b4                TIM1_UP_TIM10_IRQHandler
                0x080048b4                TIM8_UP_TIM13_IRQHandler
                0x080048b4                I2C3_ER_IRQHandler
                0x080048b4                EXTI0_IRQHandler
                0x080048b4                I2C2_EV_IRQHandler
                0x080048b4                DMA1_Stream2_IRQHandler
                0x080048b4                CAN1_RX0_IRQHandler
                0x080048b4                FPU_IRQHandler
                0x080048b4                OTG_HS_WKUP_IRQHandler
                0x080048b4                CAN2_SCE_IRQHandler
                0x080048b4                DMA2_Stream2_IRQHandler
                0x080048b4                SPI1_IRQHandler
                0x080048b4                TIM6_DAC_IRQHandler
                0x080048b4                TIM1_BRK_TIM9_IRQHandler
                0x080048b4                DCMI_IRQHandler
                0x080048b4                CAN2_RX0_IRQHandler
                0x080048b4                DMA2_Stream3_IRQHandler
                0x080048b4                USART6_IRQHandler
                0x080048b4                USART3_IRQHandler
                0x080048b4                CAN1_RX1_IRQHandler
                0x080048b4                UART5_IRQHandler
                0x080048b4                DMA2_Stream0_IRQHandler
                0x080048b4                TIM4_IRQHandler
                0x080048b4                I2C1_EV_IRQHandler
                0x080048b4                DMA1_Stream6_IRQHandler
                0x080048b4                DMA1_Stream1_IRQHandler
                0x080048b4                UART4_IRQHandler
                0x080048b4                TIM3_IRQHandler
                0x080048b4                RCC_IRQHandler
                0x080048b4                TIM8_BRK_TIM12_IRQHandler
                0x080048b4                Default_Handler
                0x080048b4                EXTI15_10_IRQHandler
                0x080048b4                ADC_IRQHandler
                0x080048b4                DMA1_Stream7_IRQHandler
                0x080048b4                TIM7_IRQHandler
                0x080048b4                CAN2_TX_IRQHandler
                0x080048b4                TIM5_IRQHandler
                0x080048b4                DMA2_Stream7_IRQHandler
                0x080048b4                I2C3_EV_IRQHandler
                0x080048b4                EXTI9_5_IRQHandler
                0x080048b4                RTC_WKUP_IRQHandler
                0x080048b4                ETH_WKUP_IRQHandler
                0x080048b4                SPI2_IRQHandler
                0x080048b4                OTG_HS_EP1_IN_IRQHandler
                0x080048b4                DMA1_Stream0_IRQHandler
                0x080048b4                CAN1_TX_IRQHandler
                0x080048b4                EXTI4_IRQHandler
                0x080048b4                FSMC_IRQHandler
                0x080048b4                ETH_IRQHandler
                0x080048b4                OTG_HS_EP1_OUT_IRQHandler
                0x080048b4                WWDG_IRQHandler
                0x080048b4                TIM2_IRQHandler
                0x080048b4                OTG_FS_WKUP_IRQHandler
                0x080048b4                TIM1_TRG_COM_TIM11_IRQHandler
                0x080048b4                OTG_HS_IRQHandler
                0x080048b4                EXTI1_IRQHandler
                0x080048b4                USART2_IRQHandler
                0x080048b4                I2C2_ER_IRQHandler
                0x080048b4                DMA2_Stream1_IRQHandler
                0x080048b4                CAN1_SCE_IRQHandler
                0x080048b4                FLASH_IRQHandler
                0x080048b4                DMA2_Stream4_IRQHandler
                0x080048b4                USART1_IRQHandler
                0x080048b4                SPI3_IRQHandler
                0x080048b4                DMA1_Stream4_IRQHandler
                0x080048b4                I2C1_ER_IRQHandler
                0x080048b4                DMA2_Stream6_IRQHandler
                0x080048b4                DMA1_Stream3_IRQHandler
 *fill*         0x080048b6        0x2 
 .text.__errno  0x080048b8        0xc c:/ac6/systemworkbench/plugins/fr.ac6.mcu.externaltools.arm-none.win32_1.17.0.201812190825/tools/compiler/bin/../lib/gcc/arm-none-eabi/7.3.1/../../../../arm-none-eabi/lib/thumb/v7e-m/fpv4-sp/hard\libc_nano.a(lib_a-errno.o)
                0x080048b8                __errno
 .text.__libc_init_array
                0x080048c4       0x48 c:/ac6/systemworkbench/plugins/fr.ac6.mcu.externaltools.arm-none.win32_1.17.0.201812190825/tools/compiler/bin/../lib/gcc/arm-none-eabi/7.3.1/../../../../arm-none-eabi/lib/thumb/v7e-m/fpv4-sp/hard\libc_nano.a(lib_a-init.o)
                0x080048c4                __libc_init_array
 .text.malloc   0x0800490c       0x10 c:/ac6/systemworkbench/plugins/fr.ac6.mcu.externaltools.arm-none.win32_1.17.0.201812190825/tools/compiler/bin/../lib/gcc/arm-none-eabi/7.3.1/../../../../arm-none-eabi/lib/thumb/v7e-m/fpv4-sp/hard\libc_nano.a(lib_a-malloc.o)
                0x0800490c                malloc
 .text.free     0x0800491c       0x10 c:/ac6/systemworkbench/plugins/fr.ac6.mcu.externaltools.arm-none.win32_1.17.0.201812190825/tools/compiler/bin/../lib/gcc/arm-none-eabi/7.3.1/../../../../arm-none-eabi/lib/thumb/v7e-m/fpv4-sp/hard\libc_nano.a(lib_a-malloc.o)
                0x0800491c                free
 .text.memset   0x0800492c       0x10 c:/ac6/systemworkbench/plugins/fr.ac6.mcu.externaltools.arm-none.win32_1.17.0.201812190825/tools/compiler/bin/../lib/gcc/arm-none-eabi/7.3.1/../../../../arm-none-eabi/lib/thumb/v7e-m/fpv4-sp/hard\libc_nano.a(lib_a-memset.o)
                0x0800492c                memset
 .text._free_r  0x0800493c       0x9c c:/ac6/systemworkbench/plugins/fr.ac6.mcu.externaltools.arm-none.win32_1.17.0.201812190825/tools/compiler/bin/../lib/gcc/arm-none-eabi/7.3.1/../../../../arm-none-eabi/lib/thumb/v7e-m/fpv4-sp/hard\libc_nano.a(lib_a-nano-freer.o)
                0x0800493c                _free_r
 .text._malloc_r
                0x080049d8       0xb4 c:/ac6/systemworkbench/plugins/fr.ac6.mcu.externaltools.arm-none.win32_1.17.0.201812190825/tools/compiler/bin/../lib/gcc/arm-none-eabi/7.3.1/../../../../arm-none-eabi/lib/thumb/v7e-m/fpv4-sp/hard\libc_nano.a(lib_a-nano-mallocr.o)
                0x080049d8                _malloc_r
 .text._sbrk_r  0x08004a8c       0x20 c:/ac6/systemworkbench/plugins/fr.ac6.mcu.externaltools.arm-none.win32_1.17.0.201812190825/tools/compiler/bin/../lib/gcc/arm-none-eabi/7.3.1/../../../../arm-none-eabi/lib/thumb/v7e-m/fpv4-sp/hard\libc_nano.a(lib_a-sbrkr.o)
                0x08004a8c                _sbrk_r
 .text.__malloc_lock
                0x08004aac        0x2 c:/ac6/systemworkbench/plugins/fr.ac6.mcu.externaltools.arm-none.win32_1.17.0.201812190825/tools/compiler/bin/../lib/gcc/arm-none-eabi/7.3.1/../../../../arm-none-eabi/lib/thumb/v7e-m/fpv4-sp/hard\libc_nano.a(lib_a-mlock.o)
                0x08004aac                __malloc_lock
 .text.__malloc_unlock
                0x08004aae        0x2 c:/ac6/systemworkbench/plugins/fr.ac6.mcu.externaltools.arm-none.win32_1.17.0.201812190825/tools/compiler/bin/../lib/gcc/arm-none-eabi/7.3.1/../../../../arm-none-eabi/lib/thumb/v7e-m/fpv4-sp/hard\libc_nano.a(lib_a-mlock.o)
                0x08004aae                __malloc_unlock
 *(.glue_7)
 .glue_7        0x08004ab0        0x0 linker stubs
 *(.glue_7t)
 .glue_7t       0x08004ab0        0x0 linker stubs
 *(.eh_frame)
 .eh_frame      0x08004ab0        0x0 c:/ac6/systemworkbench/plugins/fr.ac6.mcu.externaltools.arm-none.win32_1.17.0.201812190825/tools/compiler/bin/../lib/gcc/arm-none-eabi/7.3.1/thumb/v7e-m/fpv4-sp/hard/crtbegin.o
 *(.init)
 .init          0x08004ab0        0x4 c:/ac6/systemworkbench/plugins/fr.ac6.mcu.externaltools.arm-none.win32_1.17.0.201812190825/tools/compiler/bin/../lib/gcc/arm-none-eabi/7.3.1/thumb/v7e-m/fpv4-sp/hard/crti.o
                0x08004ab0                _init
 .init          0x08004ab4        0x8 c:/ac6/systemworkbench/plugins/fr.ac6.mcu.externaltools.arm-none.win32_1.17.0.201812190825/tools/compiler/bin/../lib/gcc/arm-none-eabi/7.3.1/thumb/v7e-m/fpv4-sp/hard/crtn.o
 *(.fini)
 .fini          0x08004abc        0x4 c:/ac6/systemworkbench/plugins/fr.ac6.mcu.externaltools.arm-none.win32_1.17.0.201812190825/tools/compiler/bin/../lib/gcc/arm-none-eabi/7.3.1/thumb/v7e-m/fpv4-sp/hard/crti.o
                0x08004abc                _fini
 .fini          0x08004ac0        0x8 c:/ac6/systemworkbench/plugins/fr.ac6.mcu.externaltools.arm-none.win32_1.17.0.201812190825/tools/compiler/bin/../lib/gcc/arm-none-eabi/7.3.1/thumb/v7e-m/fpv4-sp/hard/crtn.o
                0x08004ac8                . = ALIGN (0x4)
                0x08004ac8                _etext = .

.vfp11_veneer   0x08004ac8        0x0
 .vfp11_veneer  0x08004ac8        0x0 linker stubs

.v4_bx          0x08004ac8        0x0
 .v4_bx         0x08004ac8        0x0 linker stubs

.iplt           0x08004ac8        0x0
 .iplt          0x08004ac8        0x0 c:/ac6/systemworkbench/plugins/fr.ac6.mcu.externaltools.arm-none.win32_1.17.0.201812190825/tools/compiler/bin/../lib/gcc/arm-none-eabi/7.3.1/thumb/v7e-m/fpv4-sp/hard/crtbegin.o

.rodata         0x08004ac8       0x1c
                0x08004ac8                . = ALIGN (0x4)
 *(.rodata)
 .rodata        0x08004ac8       0x18 Core/Src/system_stm32f4xx.o
                0x08004ac8                AHBPrescTable
                0x08004ad8                APBPrescTable
 *(.rodata*)
 .rodata.str1.4
                0x08004ae0        0x4 Middlewares/ST/STM32_USB_Host_Library/Class/CDC/Src/usbh_cdc.o
                0x08004ae4                . = ALIGN (0x4)

.ARM.extab
 *(.ARM.extab* .gnu.linkonce.armextab.*)

.ARM            0x08004ae4        0x8
                0x08004ae4                __exidx_start = .
 *(.ARM.exidx*)
 .ARM.exidx     0x08004ae4        0x8 c:/ac6/systemworkbench/plugins/fr.ac6.mcu.externaltools.arm-none.win32_1.17.0.201812190825/tools/compiler/bin/../lib/gcc/arm-none-eabi/7.3.1/thumb/v7e-m/fpv4-sp/hard\libgcc.a(_udivmoddi4.o)
                0x08004aec                __exidx_end = .

.rel.dyn        0x08004aec        0x0
 .rel.iplt      0x08004aec        0x0 c:/ac6/systemworkbench/plugins/fr.ac6.mcu.externaltools.arm-none.win32_1.17.0.201812190825/tools/compiler/bin/../lib/gcc/arm-none-eabi/7.3.1/thumb/v7e-m/fpv4-sp/hard/crtbegin.o

.preinit_array  0x08004aec        0x0
                0x08004aec                PROVIDE (__preinit_array_start = .)
 *(.preinit_array*)
                0x08004aec                PROVIDE (__preinit_array_end = .)

.init_array     0x08004aec        0x4
                0x08004aec                PROVIDE (__init_array_start = .)
 *(SORT_BY_NAME(.init_array.*))
 *(.init_array*)
 .init_array    0x08004aec        0x4 c:/ac6/systemworkbench/plugins/fr.ac6.mcu.externaltools.arm-none.win32_1.17.0.201812190825/tools/compiler/bin/../lib/gcc/arm-none-eabi/7.3.1/thumb/v7e-m/fpv4-sp/hard/crtbegin.o
                0x08004af0                PROVIDE (__init_array_end = .)

.fini_array     0x08004af0        0x4
                [!provide]                PROVIDE (__fini_array_start = .)
 *(SORT_BY_NAME(.fini_array.*))
 *(.fini_array*)
 .fini_array    0x08004af0        0x4 c:/ac6/systemworkbench/plugins/fr.ac6.mcu.externaltools.arm-none.win32_1.17.0.201812190825/tools/compiler/bin/../lib/gcc/arm-none-eabi/7.3.1/thumb/v7e-m/fpv4-sp/hard/crtbegin.o
                [!provide]                PROVIDE (__fini_array_end = .)
                0x08004af4                _sidata = LOADADDR (.data)

.data           0x20000000       0x90 load address 0x08004af4
                0x20000000                . = ALIGN (0x4)
                0x20000000                _sdata = .
 *(.data)
 .data          0x20000000        0x4 Core/Src/system_stm32f4xx.o
                0x20000000                SystemCoreClock
 .data          0x20000004        0x8 Drivers/STM32F4xx_HAL_Driver/Src/stm32f4xx_hal.o
                0x20000004                uwTickFreq
                0x20000008                uwTickPrio
 .data          0x2000000c       0x20 Middlewares/ST/STM32_USB_Host_Library/Class/CDC/Src/usbh_cdc.o
                0x2000000c                CDC_Class
 *(.data*)
 .data._impure_ptr
                0x2000002c        0x4 c:/ac6/systemworkbench/plugins/fr.ac6.mcu.externaltools.arm-none.win32_1.17.0.201812190825/tools/compiler/bin/../lib/gcc/arm-none-eabi/7.3.1/../../../../arm-none-eabi/lib/thumb/v7e-m/fpv4-sp/hard\libc_nano.a(lib_a-impure.o)
                0x2000002c                _impure_ptr
 .data.impure_data
                0x20000030       0x60 c:/ac6/systemworkbench/plugins/fr.ac6.mcu.externaltools.arm-none.win32_1.17.0.201812190825/tools/compiler/bin/../lib/gcc/arm-none-eabi/7.3.1/../../../../arm-none-eabi/lib/thumb/v7e-m/fpv4-sp/hard\libc_nano.a(lib_a-impure.o)
                0x20000090                . = ALIGN (0x4)
                0x20000090                _edata = .
                0x08004b84                _siccmram = LOADADDR (.ccmram)

.igot.plt       0x20000090        0x0 load address 0x08004b84
 .igot.plt      0x20000090        0x0 c:/ac6/systemworkbench/plugins/fr.ac6.mcu.externaltools.arm-none.win32_1.17.0.201812190825/tools/compiler/bin/../lib/gcc/arm-none-eabi/7.3.1/thumb/v7e-m/fpv4-sp/hard/crtbegin.o

.ccmram         0x10000000        0x0 load address 0x08004b84
                0x10000000                . = ALIGN (0x4)
                0x10000000                _sccmram = .
 *(.ccmram)
 *(.ccmram*)
                0x10000000                . = ALIGN (0x4)
                0x10000000                _eccmram = .
                0x10000000                . = ALIGN (0x4)

.bss            0x20000090      0x80c
                0x20000090                _sbss = .
                0x20000090                __bss_start__ = _sbss
 *(.bss)
 .bss           0x20000090       0x1c c:/ac6/systemworkbench/plugins/fr.ac6.mcu.externaltools.arm-none.win32_1.17.0.201812190825/tools/compiler/bin/../lib/gcc/arm-none-eabi/7.3.1/thumb/v7e-m/fpv4-sp/hard/crtbegin.o
 .bss           0x200000ac        0x8 Core/Src/syscalls.o
                0x200000b0                __env
 .bss           0x200000b4        0x4 Drivers/STM32F4xx_HAL_Driver/Src/stm32f4xx_ll_usb.o
 .bss           0x200000b8        0x1 USB_HOST/App/usb_host.o
                0x200000b8                Appli_state
 *(.bss*)
 *fill*         0x200000b9        0x3 
 .bss.__malloc_free_list
                0x200000bc        0x4 c:/ac6/systemworkbench/plugins/fr.ac6.mcu.externaltools.arm-none.win32_1.17.0.201812190825/tools/compiler/bin/../lib/gcc/arm-none-eabi/7.3.1/../../../../arm-none-eabi/lib/thumb/v7e-m/fpv4-sp/hard\libc_nano.a(lib_a-nano-mallocr.o)
                0x200000bc                __malloc_free_list
 .bss.__malloc_sbrk_start
                0x200000c0        0x4 c:/ac6/systemworkbench/plugins/fr.ac6.mcu.externaltools.arm-none.win32_1.17.0.201812190825/tools/compiler/bin/../lib/gcc/arm-none-eabi/7.3.1/../../../../arm-none-eabi/lib/thumb/v7e-m/fpv4-sp/hard\libc_nano.a(lib_a-nano-mallocr.o)
                0x200000c0                __malloc_sbrk_start
 *(COMMON)
 COMMON         0x200000c4      0x134 Core/Src/main.o
                0x200000c4                hi2c1
                0x20000118                hspi1
                0x20000170                huart2
                0x200001b0                hi2s3
 COMMON         0x200001f8        0x4 Drivers/STM32F4xx_HAL_Driver/Src/stm32f4xx_hal.o
                0x200001f8                uwTick
 COMMON         0x200001fc      0x3d8 USB_HOST/App/usb_host.o
                0x200001fc                hUsbHostFS
 COMMON         0x200005d4      0x2c4 USB_HOST/Target/usbh_conf.o
                0x200005d4                hhcd_USB_OTG_FS
 COMMON         0x20000898        0x4 c:/ac6/systemworkbench/plugins/fr.ac6.mcu.externaltools.arm-none.win32_1.17.0.201812190825/tools/compiler/bin/../lib/gcc/arm-none-eabi/7.3.1/../../../../arm-none-eabi/lib/thumb/v7e-m/fpv4-sp/hard\libc_nano.a(lib_a-reent.o)
                0x20000898                errno
                0x2000089c                . = ALIGN (0x4)
                0x2000089c                _ebss = .
                0x2000089c                __bss_end__ = _ebss

._user_heap_stack
                0x2000089c      0x604
                0x200008a0                . = ALIGN (0x8)
 *fill*         0x2000089c        0x4 
                0x200008a0                PROVIDE (end = .)
                [!provide]                PROVIDE (_end = .)
                0x20000aa0                . = (. + _Min_Heap_Size)
 *fill*         0x200008a0      0x200 
                0x20000ea0                . = (. + _Min_Stack_Size)
 *fill*         0x20000aa0      0x400 
                0x20000ea0                . = ALIGN (0x8)

/DISCARD/
 libc.a(*)
 libm.a(*)
 libgcc.a(*)

.ARM.attributes
                0x00000000       0x30
 *(.ARM.attributes)
 .ARM.attributes
                0x00000000       0x22 c:/ac6/systemworkbench/plugins/fr.ac6.mcu.externaltools.arm-none.win32_1.17.0.201812190825/tools/compiler/bin/../lib/gcc/arm-none-eabi/7.3.1/thumb/v7e-m/fpv4-sp/hard/crti.o
 .ARM.attributes
                0x00000022       0x34 c:/ac6/systemworkbench/plugins/fr.ac6.mcu.externaltools.arm-none.win32_1.17.0.201812190825/tools/compiler/bin/../lib/gcc/arm-none-eabi/7.3.1/thumb/v7e-m/fpv4-sp/hard/crtbegin.o
 .ARM.attributes
                0x00000056       0x39 Core/Src/main.o
 .ARM.attributes
                0x0000008f       0x39 Core/Src/stm32f4xx_hal_msp.o
 .ARM.attributes
                0x000000c8       0x39 Core/Src/stm32f4xx_it.o
 .ARM.attributes
                0x00000101       0x39 Core/Src/syscalls.o
 .ARM.attributes
                0x0000013a       0x39 Core/Src/system_stm32f4xx.o
 .ARM.attributes
                0x00000173       0x39 Drivers/STM32F4xx_HAL_Driver/Src/stm32f4xx_hal.o
 .ARM.attributes
                0x000001ac       0x39 Drivers/STM32F4xx_HAL_Driver/Src/stm32f4xx_hal_cortex.o
 .ARM.attributes
                0x000001e5       0x39 Drivers/STM32F4xx_HAL_Driver/Src/stm32f4xx_hal_gpio.o
 .ARM.attributes
                0x0000021e       0x39 Drivers/STM32F4xx_HAL_Driver/Src/stm32f4xx_hal_hcd.o
 .ARM.attributes
                0x00000257       0x39 Drivers/STM32F4xx_HAL_Driver/Src/stm32f4xx_hal_i2c.o
 .ARM.attributes
                0x00000290       0x39 Drivers/STM32F4xx_HAL_Driver/Src/stm32f4xx_hal_i2s.o
 .ARM.attributes
                0x000002c9       0x39 Drivers/STM32F4xx_HAL_Driver/Src/stm32f4xx_hal_i2s_ex.o
 .ARM.attributes
                0x00000302       0x39 Drivers/STM32F4xx_HAL_Driver/Src/stm32f4xx_hal_rcc.o
 .ARM.attributes
                0x0000033b       0x39 Drivers/STM32F4xx_HAL_Driver/Src/stm32f4xx_hal_rcc_ex.o
 .ARM.attributes
                0x00000374       0x39 Drivers/STM32F4xx_HAL_Driver/Src/stm32f4xx_hal_spi.o
 .ARM.attributes
                0x000003ad       0x39 Drivers/STM32F4xx_HAL_Driver/Src/stm32f4xx_hal_uart.o
 .ARM.attributes
                0x000003e6       0x39 Drivers/STM32F4xx_HAL_Driver/Src/stm32f4xx_ll_usb.o
 .ARM.attributes
                0x0000041f       0x39 Middlewares/ST/STM32_USB_Host_Library/Class/CDC/Src/usbh_cdc.o
 .ARM.attributes
                0x00000458       0x39 Middlewares/ST/STM32_USB_Host_Library/Core/Src/usbh_core.o
 .ARM.attributes
                0x00000491       0x39 Middlewares/ST/STM32_USB_Host_Library/Core/Src/usbh_ctlreq.o
 .ARM.attributes
                0x000004ca       0x39 Middlewares/ST/STM32_USB_Host_Library/Core/Src/usbh_ioreq.o
 .ARM.attributes
                0x00000503       0x39 Middlewares/ST/STM32_USB_Host_Library/Core/Src/usbh_pipes.o
 .ARM.attributes
                0x0000053c       0x39 USB_HOST/App/usb_host.o
 .ARM.attributes
                0x00000575       0x39 USB_HOST/Target/usbh_conf.o
 .ARM.attributes
                0x000005ae       0x39 USB_HOST/Target/usbh_platform.o
 .ARM.attributes
                0x000005e7       0x21 startup/startup_stm32f407xx.o
 .ARM.attributes
                0x00000608       0x22 c:/ac6/systemworkbench/plugins/fr.ac6.mcu.externaltools.arm-none.win32_1.17.0.201812190825/tools/compiler/bin/../lib/gcc/arm-none-eabi/7.3.1/thumb/v7e-m/fpv4-sp/hard\libgcc.a(_aeabi_uldivmod.o)
 .ARM.attributes
                0x0000062a       0x34 c:/ac6/systemworkbench/plugins/fr.ac6.mcu.externaltools.arm-none.win32_1.17.0.201812190825/tools/compiler/bin/../lib/gcc/arm-none-eabi/7.3.1/thumb/v7e-m/fpv4-sp/hard\libgcc.a(_udivmoddi4.o)
 .ARM.attributes
                0x0000065e       0x22 c:/ac6/systemworkbench/plugins/fr.ac6.mcu.externaltools.arm-none.win32_1.17.0.201812190825/tools/compiler/bin/../lib/gcc/arm-none-eabi/7.3.1/thumb/v7e-m/fpv4-sp/hard\libgcc.a(_dvmd_tls.o)
 .ARM.attributes
                0x00000680       0x34 c:/ac6/systemworkbench/plugins/fr.ac6.mcu.externaltools.arm-none.win32_1.17.0.201812190825/tools/compiler/bin/../lib/gcc/arm-none-eabi/7.3.1/../../../../arm-none-eabi/lib/thumb/v7e-m/fpv4-sp/hard\libc_nano.a(lib_a-errno.o)
 .ARM.attributes
                0x000006b4       0x34 c:/ac6/systemworkbench/plugins/fr.ac6.mcu.externaltools.arm-none.win32_1.17.0.201812190825/tools/compiler/bin/../lib/gcc/arm-none-eabi/7.3.1/../../../../arm-none-eabi/lib/thumb/v7e-m/fpv4-sp/hard\libc_nano.a(lib_a-impure.o)
 .ARM.attributes
                0x000006e8       0x34 c:/ac6/systemworkbench/plugins/fr.ac6.mcu.externaltools.arm-none.win32_1.17.0.201812190825/tools/compiler/bin/../lib/gcc/arm-none-eabi/7.3.1/../../../../arm-none-eabi/lib/thumb/v7e-m/fpv4-sp/hard\libc_nano.a(lib_a-init.o)
 .ARM.attributes
                0x0000071c       0x34 c:/ac6/systemworkbench/plugins/fr.ac6.mcu.externaltools.arm-none.win32_1.17.0.201812190825/tools/compiler/bin/../lib/gcc/arm-none-eabi/7.3.1/../../../../arm-none-eabi/lib/thumb/v7e-m/fpv4-sp/hard\libc_nano.a(lib_a-malloc.o)
 .ARM.attributes
                0x00000750       0x34 c:/ac6/systemworkbench/plugins/fr.ac6.mcu.externaltools.arm-none.win32_1.17.0.201812190825/tools/compiler/bin/../lib/gcc/arm-none-eabi/7.3.1/../../../../arm-none-eabi/lib/thumb/v7e-m/fpv4-sp/hard\libc_nano.a(lib_a-memset.o)
 .ARM.attributes
                0x00000784       0x34 c:/ac6/systemworkbench/plugins/fr.ac6.mcu.externaltools.arm-none.win32_1.17.0.201812190825/tools/compiler/bin/../lib/gcc/arm-none-eabi/7.3.1/../../../../arm-none-eabi/lib/thumb/v7e-m/fpv4-sp/hard\libc_nano.a(lib_a-nano-freer.o)
 .ARM.attributes
                0x000007b8       0x34 c:/ac6/systemworkbench/plugins/fr.ac6.mcu.externaltools.arm-none.win32_1.17.0.201812190825/tools/compiler/bin/../lib/gcc/arm-none-eabi/7.3.1/../../../../arm-none-eabi/lib/thumb/v7e-m/fpv4-sp/hard\libc_nano.a(lib_a-nano-mallocr.o)
 .ARM.attributes
                0x000007ec       0x34 c:/ac6/systemworkbench/plugins/fr.ac6.mcu.externaltools.arm-none.win32_1.17.0.201812190825/tools/compiler/bin/../lib/gcc/arm-none-eabi/7.3.1/../../../../arm-none-eabi/lib/thumb/v7e-m/fpv4-sp/hard\libc_nano.a(lib_a-sbrkr.o)
 .ARM.attributes
                0x00000820       0x34 c:/ac6/systemworkbench/plugins/fr.ac6.mcu.externaltools.arm-none.win32_1.17.0.201812190825/tools/compiler/bin/../lib/gcc/arm-none-eabi/7.3.1/../../../../arm-none-eabi/lib/thumb/v7e-m/fpv4-sp/hard\libc_nano.a(lib_a-mlock.o)
 .ARM.attributes
                0x00000854       0x34 c:/ac6/systemworkbench/plugins/fr.ac6.mcu.externaltools.arm-none.win32_1.17.0.201812190825/tools/compiler/bin/../lib/gcc/arm-none-eabi/7.3.1/../../../../arm-none-eabi/lib/thumb/v7e-m/fpv4-sp/hard\libc_nano.a(lib_a-reent.o)
 .ARM.attributes
                0x00000888       0x22 c:/ac6/systemworkbench/plugins/fr.ac6.mcu.externaltools.arm-none.win32_1.17.0.201812190825/tools/compiler/bin/../lib/gcc/arm-none-eabi/7.3.1/thumb/v7e-m/fpv4-sp/hard/crtn.o
OUTPUT(1.Start.elf elf32-littlearm)

.debug_info     0x00000000    0x1f0cc
 .debug_info    0x00000000     0x1e8f Core/Src/main.o
 .debug_info    0x00001e8f     0x12f6 Core/Src/stm32f4xx_hal_msp.o
 .debug_info    0x00003185      0x6e6 Core/Src/stm32f4xx_it.o
 .debug_info    0x0000386b      0xfd3 Core/Src/syscalls.o
 .debug_info    0x0000483e      0x559 Core/Src/system_stm32f4xx.o
 .debug_info    0x00004d97      0x9f1 Drivers/STM32F4xx_HAL_Driver/Src/stm32f4xx_hal.o
 .debug_info    0x00005788      0xf8c Drivers/STM32F4xx_HAL_Driver/Src/stm32f4xx_hal_cortex.o
 .debug_info    0x00006714      0x7c2 Drivers/STM32F4xx_HAL_Driver/Src/stm32f4xx_hal_gpio.o
 .debug_info    0x00006ed6     0x130a Drivers/STM32F4xx_HAL_Driver/Src/stm32f4xx_hal_hcd.o
 .debug_info    0x000081e0     0x33da Drivers/STM32F4xx_HAL_Driver/Src/stm32f4xx_hal_i2c.o
 .debug_info    0x0000b5ba     0x10d1 Drivers/STM32F4xx_HAL_Driver/Src/stm32f4xx_hal_i2s.o
 .debug_info    0x0000c68b      0xdeb Drivers/STM32F4xx_HAL_Driver/Src/stm32f4xx_hal_i2s_ex.o
 .debug_info    0x0000d476      0xa94 Drivers/STM32F4xx_HAL_Driver/Src/stm32f4xx_hal_rcc.o
 .debug_info    0x0000df0a      0x6b5 Drivers/STM32F4xx_HAL_Driver/Src/stm32f4xx_hal_rcc_ex.o
 .debug_info    0x0000e5bf     0x1bfb Drivers/STM32F4xx_HAL_Driver/Src/stm32f4xx_hal_spi.o
 .debug_info    0x000101ba     0x171d Drivers/STM32F4xx_HAL_Driver/Src/stm32f4xx_hal_uart.o
 .debug_info    0x000118d7     0x1b51 Drivers/STM32F4xx_HAL_Driver/Src/stm32f4xx_ll_usb.o
 .debug_info    0x00013428     0x1f09 Middlewares/ST/STM32_USB_Host_Library/Class/CDC/Src/usbh_cdc.o
 .debug_info    0x00015331     0x1ca6 Middlewares/ST/STM32_USB_Host_Library/Core/Src/usbh_core.o
 .debug_info    0x00016fd7     0x1ae8 Middlewares/ST/STM32_USB_Host_Library/Core/Src/usbh_ctlreq.o
 .debug_info    0x00018abf     0x16fb Middlewares/ST/STM32_USB_Host_Library/Core/Src/usbh_ioreq.o
 .debug_info    0x0001a1ba     0x13a3 Middlewares/ST/STM32_USB_Host_Library/Core/Src/usbh_pipes.o
 .debug_info    0x0001b55d     0x1345 USB_HOST/App/usb_host.o
 .debug_info    0x0001c8a2     0x2587 USB_HOST/Target/usbh_conf.o
 .debug_info    0x0001ee29      0x2a3 USB_HOST/Target/usbh_platform.o

.debug_abbrev   0x00000000     0x3d8a
 .debug_abbrev  0x00000000      0x2fe Core/Src/main.o
 .debug_abbrev  0x000002fe      0x1e9 Core/Src/stm32f4xx_hal_msp.o
 .debug_abbrev  0x000004e7      0x182 Core/Src/stm32f4xx_it.o
 .debug_abbrev  0x00000669      0x2d4 Core/Src/syscalls.o
 .debug_abbrev  0x0000093d      0x12b Core/Src/system_stm32f4xx.o
 .debug_abbrev  0x00000a68      0x1ed Drivers/STM32F4xx_HAL_Driver/Src/stm32f4xx_hal.o
 .debug_abbrev  0x00000c55      0x328 Drivers/STM32F4xx_HAL_Driver/Src/stm32f4xx_hal_cortex.o
 .debug_abbrev  0x00000f7d      0x1e7 Drivers/STM32F4xx_HAL_Driver/Src/stm32f4xx_hal_gpio.o
 .debug_abbrev  0x00001164      0x27f Drivers/STM32F4xx_HAL_Driver/Src/stm32f4xx_hal_hcd.o
 .debug_abbrev  0x000013e3      0x275 Drivers/STM32F4xx_HAL_Driver/Src/stm32f4xx_hal_i2c.o
 .debug_abbrev  0x00001658      0x243 Drivers/STM32F4xx_HAL_Driver/Src/stm32f4xx_hal_i2s.o
 .debug_abbrev  0x0000189b      0x281 Drivers/STM32F4xx_HAL_Driver/Src/stm32f4xx_hal_i2s_ex.o
 .debug_abbrev  0x00001b1c      0x273 Drivers/STM32F4xx_HAL_Driver/Src/stm32f4xx_hal_rcc.o
 .debug_abbrev  0x00001d8f      0x179 Drivers/STM32F4xx_HAL_Driver/Src/stm32f4xx_hal_rcc_ex.o
 .debug_abbrev  0x00001f08      0x249 Drivers/STM32F4xx_HAL_Driver/Src/stm32f4xx_hal_spi.o
 .debug_abbrev  0x00002151      0x288 Drivers/STM32F4xx_HAL_Driver/Src/stm32f4xx_hal_uart.o
 .debug_abbrev  0x000023d9      0x2a8 Drivers/STM32F4xx_HAL_Driver/Src/stm32f4xx_ll_usb.o
 .debug_abbrev  0x00002681      0x359 Middlewares/ST/STM32_USB_Host_Library/Class/CDC/Src/usbh_cdc.o
 .debug_abbrev  0x000029da      0x382 Middlewares/ST/STM32_USB_Host_Library/Core/Src/usbh_core.o
 .debug_abbrev  0x00002d5c      0x363 Middlewares/ST/STM32_USB_Host_Library/Core/Src/usbh_ctlreq.o
 .debug_abbrev  0x000030bf      0x292 Middlewares/ST/STM32_USB_Host_Library/Core/Src/usbh_ioreq.o
 .debug_abbrev  0x00003351      0x2cc Middlewares/ST/STM32_USB_Host_Library/Core/Src/usbh_pipes.o
 .debug_abbrev  0x0000361d      0x2b5 USB_HOST/App/usb_host.o
 .debug_abbrev  0x000038d2      0x38a USB_HOST/Target/usbh_conf.o
 .debug_abbrev  0x00003c5c      0x12e USB_HOST/Target/usbh_platform.o

.debug_aranges  0x00000000     0x12e8
 .debug_aranges
                0x00000000       0x58 Core/Src/main.o
 .debug_aranges
                0x00000058       0x60 Core/Src/stm32f4xx_hal_msp.o
 .debug_aranges
                0x000000b8       0x68 Core/Src/stm32f4xx_it.o
 .debug_aranges
                0x00000120       0xb0 Core/Src/syscalls.o
 .debug_aranges
                0x000001d0       0x28 Core/Src/system_stm32f4xx.o
 .debug_aranges
                0x000001f8       0xf0 Drivers/STM32F4xx_HAL_Driver/Src/stm32f4xx_hal.o
 .debug_aranges
                0x000002e8       0xa8 Drivers/STM32F4xx_HAL_Driver/Src/stm32f4xx_hal_cortex.o
 .debug_aranges
                0x00000390       0x58 Drivers/STM32F4xx_HAL_Driver/Src/stm32f4xx_hal_gpio.o
 .debug_aranges
                0x000003e8       0xf8 Drivers/STM32F4xx_HAL_Driver/Src/stm32f4xx_hal_hcd.o
 .debug_aranges
                0x000004e0      0x2a0 Drivers/STM32F4xx_HAL_Driver/Src/stm32f4xx_hal_i2c.o
 .debug_aranges
                0x00000780      0x108 Drivers/STM32F4xx_HAL_Driver/Src/stm32f4xx_hal_i2s.o
 .debug_aranges
                0x00000888       0x88 Drivers/STM32F4xx_HAL_Driver/Src/stm32f4xx_hal_i2s_ex.o
 .debug_aranges
                0x00000910       0x88 Drivers/STM32F4xx_HAL_Driver/Src/stm32f4xx_hal_rcc.o
 .debug_aranges
                0x00000998       0x48 Drivers/STM32F4xx_HAL_Driver/Src/stm32f4xx_hal_rcc_ex.o
 .debug_aranges
                0x000009e0      0x1d0 Drivers/STM32F4xx_HAL_Driver/Src/stm32f4xx_hal_spi.o
 .debug_aranges
                0x00000bb0      0x1d0 Drivers/STM32F4xx_HAL_Driver/Src/stm32f4xx_hal_uart.o
 .debug_aranges
                0x00000d80      0x198 Drivers/STM32F4xx_HAL_Driver/Src/stm32f4xx_ll_usb.o
 .debug_aranges
                0x00000f18       0xa8 Middlewares/ST/STM32_USB_Host_Library/Class/CDC/Src/usbh_cdc.o
 .debug_aranges
                0x00000fc0       0xc0 Middlewares/ST/STM32_USB_Host_Library/Core/Src/usbh_core.o
 .debug_aranges
                0x00001080       0xa0 Middlewares/ST/STM32_USB_Host_Library/Core/Src/usbh_ctlreq.o
 .debug_aranges
                0x00001120       0x60 Middlewares/ST/STM32_USB_Host_Library/Core/Src/usbh_ioreq.o
 .debug_aranges
                0x00001180       0x40 Middlewares/ST/STM32_USB_Host_Library/Core/Src/usbh_pipes.o
 .debug_aranges
                0x000011c0       0x30 USB_HOST/App/usb_host.o
 .debug_aranges
                0x000011f0       0xd8 USB_HOST/Target/usbh_conf.o
 .debug_aranges
                0x000012c8       0x20 USB_HOST/Target/usbh_platform.o

.debug_ranges   0x00000000     0x1238
 .debug_ranges  0x00000000       0x48 Core/Src/main.o
 .debug_ranges  0x00000048       0x50 Core/Src/stm32f4xx_hal_msp.o
 .debug_ranges  0x00000098       0x58 Core/Src/stm32f4xx_it.o
 .debug_ranges  0x000000f0       0xa0 Core/Src/syscalls.o
 .debug_ranges  0x00000190       0x18 Core/Src/system_stm32f4xx.o
 .debug_ranges  0x000001a8       0xe0 Drivers/STM32F4xx_HAL_Driver/Src/stm32f4xx_hal.o
 .debug_ranges  0x00000288       0xf8 Drivers/STM32F4xx_HAL_Driver/Src/stm32f4xx_hal_cortex.o
 .debug_ranges  0x00000380       0x48 Drivers/STM32F4xx_HAL_Driver/Src/stm32f4xx_hal_gpio.o
 .debug_ranges  0x000003c8       0xe8 Drivers/STM32F4xx_HAL_Driver/Src/stm32f4xx_hal_hcd.o
 .debug_ranges  0x000004b0      0x2b0 Drivers/STM32F4xx_HAL_Driver/Src/stm32f4xx_hal_i2c.o
 .debug_ranges  0x00000760      0x128 Drivers/STM32F4xx_HAL_Driver/Src/stm32f4xx_hal_i2s.o
 .debug_ranges  0x00000888       0x90 Drivers/STM32F4xx_HAL_Driver/Src/stm32f4xx_hal_i2s_ex.o
 .debug_ranges  0x00000918       0x90 Drivers/STM32F4xx_HAL_Driver/Src/stm32f4xx_hal_rcc.o
 .debug_ranges  0x000009a8       0x38 Drivers/STM32F4xx_HAL_Driver/Src/stm32f4xx_hal_rcc_ex.o
 .debug_ranges  0x000009e0      0x1c0 Drivers/STM32F4xx_HAL_Driver/Src/stm32f4xx_hal_spi.o
 .debug_ranges  0x00000ba0      0x1c0 Drivers/STM32F4xx_HAL_Driver/Src/stm32f4xx_hal_uart.o
 .debug_ranges  0x00000d60      0x188 Drivers/STM32F4xx_HAL_Driver/Src/stm32f4xx_ll_usb.o
 .debug_ranges  0x00000ee8       0x98 Middlewares/ST/STM32_USB_Host_Library/Class/CDC/Src/usbh_cdc.o
 .debug_ranges  0x00000f80       0xb0 Middlewares/ST/STM32_USB_Host_Library/Core/Src/usbh_core.o
 .debug_ranges  0x00001030       0x90 Middlewares/ST/STM32_USB_Host_Library/Core/Src/usbh_ctlreq.o
 .debug_ranges  0x000010c0       0x50 Middlewares/ST/STM32_USB_Host_Library/Core/Src/usbh_ioreq.o
 .debug_ranges  0x00001110       0x30 Middlewares/ST/STM32_USB_Host_Library/Core/Src/usbh_pipes.o
 .debug_ranges  0x00001140       0x20 USB_HOST/App/usb_host.o
 .debug_ranges  0x00001160       0xc8 USB_HOST/Target/usbh_conf.o
 .debug_ranges  0x00001228       0x10 USB_HOST/Target/usbh_platform.o

.debug_macro    0x00000000    0x24ff2
 .debug_macro   0x00000000      0x2e5 Core/Src/main.o
 .debug_macro   0x000002e5      0xa54 Core/Src/main.o
 .debug_macro   0x00000d39      0x2a6 Core/Src/main.o
 .debug_macro   0x00000fdf       0x2e Core/Src/main.o
 .debug_macro   0x0000100d       0x2f Core/Src/main.o
 .debug_macro   0x0000103c       0x22 Core/Src/main.o
 .debug_macro   0x0000105e       0x8e Core/Src/main.o
 .debug_macro   0x000010ec       0x51 Core/Src/main.o
 .debug_macro   0x0000113d       0xef Core/Src/main.o
 .debug_macro   0x0000122c       0x6a Core/Src/main.o
 .debug_macro   0x00001296      0x1df Core/Src/main.o
 .debug_macro   0x00001475       0x1c Core/Src/main.o
 .debug_macro   0x00001491       0x22 Core/Src/main.o
 .debug_macro   0x000014b3       0xdf Core/Src/main.o
 .debug_macro   0x00001592     0x102d Core/Src/main.o
 .debug_macro   0x000025bf      0x11f Core/Src/main.o
 .debug_macro   0x000026de    0x15e3c Core/Src/main.o
 .debug_macro   0x0001851a       0x43 Core/Src/main.o
 .debug_macro   0x0001855d     0x3659 Core/Src/main.o
 .debug_macro   0x0001bbb6      0x174 Core/Src/main.o
 .debug_macro   0x0001bd2a       0x5a Core/Src/main.o
 .debug_macro   0x0001bd84      0x96b Core/Src/main.o
 .debug_macro   0x0001c6ef      0x9fe Core/Src/main.o
 .debug_macro   0x0001d0ed      0x117 Core/Src/main.o
 .debug_macro   0x0001d204      0x13e Core/Src/main.o
 .debug_macro   0x0001d342       0x27 Core/Src/main.o
 .debug_macro   0x0001d369      0x174 Core/Src/main.o
 .debug_macro   0x0001d4dd      0x287 Core/Src/main.o
 .debug_macro   0x0001d764       0x5f Core/Src/main.o
 .debug_macro   0x0001d7c3      0x236 Core/Src/main.o
 .debug_macro   0x0001d9f9      0x12c Core/Src/main.o
 .debug_macro   0x0001db25      0x21e Core/Src/main.o
 .debug_macro   0x0001dd43       0x2e Core/Src/main.o
 .debug_macro   0x0001dd71      0x1b5 Core/Src/main.o
 .debug_macro   0x0001df26       0xd6 Core/Src/main.o
 .debug_macro   0x0001dffc      0x1a7 Core/Src/main.o
 .debug_macro   0x0001e1a3       0x46 Core/Src/main.o
 .debug_macro   0x0001e1e9       0x4a Core/Src/main.o
 .debug_macro   0x0001e233      0x11a Core/Src/main.o
 .debug_macro   0x0001e34d       0x7e Core/Src/main.o
 .debug_macro   0x0001e3cb       0x89 Core/Src/main.o
 .debug_macro   0x0001e454      0x225 Core/Src/main.o
 .debug_macro   0x0001e679      0x287 Core/Src/main.o
 .debug_macro   0x0001e900      0x21e Core/Src/main.o
 .debug_macro   0x0001eb1e       0x68 Core/Src/main.o
 .debug_macro   0x0001eb86      0x12d Core/Src/main.o
 .debug_macro   0x0001ecb3      0x190 Core/Src/main.o
 .debug_macro   0x0001ee43       0x5e Core/Src/main.o
 .debug_macro   0x0001eea1       0x18 Core/Src/main.o
 .debug_macro   0x0001eeb9       0x35 Core/Src/main.o
 .debug_macro   0x0001eeee       0x34 Core/Src/main.o
 .debug_macro   0x0001ef22       0x58 Core/Src/main.o
 .debug_macro   0x0001ef7a       0x1f Core/Src/main.o
 .debug_macro   0x0001ef99       0x43 Core/Src/main.o
 .debug_macro   0x0001efdc       0x20 Core/Src/main.o
 .debug_macro   0x0001effc      0x18e Core/Src/main.o
 .debug_macro   0x0001f18a      0x32a Core/Src/main.o
 .debug_macro   0x0001f4b4       0x10 Core/Src/main.o
 .debug_macro   0x0001f4c4       0x35 Core/Src/main.o
 .debug_macro   0x0001f4f9      0x21f Core/Src/stm32f4xx_hal_msp.o
 .debug_macro   0x0001f718      0x229 Core/Src/stm32f4xx_it.o
 .debug_macro   0x0001f941      0x243 Core/Src/syscalls.o
 .debug_macro   0x0001fb84       0x58 Core/Src/syscalls.o
 .debug_macro   0x0001fbdc       0x94 Core/Src/syscalls.o
 .debug_macro   0x0001fc70       0x57 Core/Src/syscalls.o
 .debug_macro   0x0001fcc7      0x330 Core/Src/syscalls.o
 .debug_macro   0x0001fff7       0x10 Core/Src/syscalls.o
 .debug_macro   0x00020007       0x10 Core/Src/syscalls.o
 .debug_macro   0x00020017       0x10 Core/Src/syscalls.o
 .debug_macro   0x00020027       0x10 Core/Src/syscalls.o
 .debug_macro   0x00020037       0x1c Core/Src/syscalls.o
 .debug_macro   0x00020053       0x52 Core/Src/syscalls.o
 .debug_macro   0x000200a5       0x40 Core/Src/syscalls.o
 .debug_macro   0x000200e5       0x10 Core/Src/syscalls.o
 .debug_macro   0x000200f5       0x40 Core/Src/syscalls.o
 .debug_macro   0x00020135       0xd7 Core/Src/syscalls.o
 .debug_macro   0x0002020c       0x1c Core/Src/syscalls.o
 .debug_macro   0x00020228       0x3d Core/Src/syscalls.o
 .debug_macro   0x00020265       0x35 Core/Src/syscalls.o
 .debug_macro   0x0002029a      0x122 Core/Src/syscalls.o
 .debug_macro   0x000203bc       0x16 Core/Src/syscalls.o
 .debug_macro   0x000203d2       0x16 Core/Src/syscalls.o
 .debug_macro   0x000203e8       0x29 Core/Src/syscalls.o
 .debug_macro   0x00020411       0x10 Core/Src/syscalls.o
 .debug_macro   0x00020421      0x241 Core/Src/syscalls.o
 .debug_macro   0x00020662       0x1c Core/Src/syscalls.o
 .debug_macro   0x0002067e       0x10 Core/Src/syscalls.o
 .debug_macro   0x0002068e       0x10 Core/Src/syscalls.o
 .debug_macro   0x0002069e       0x16 Core/Src/syscalls.o
 .debug_macro   0x000206b4      0x16f Core/Src/syscalls.o
 .debug_macro   0x00020823      0x189 Core/Src/syscalls.o
 .debug_macro   0x000209ac       0x16 Core/Src/syscalls.o
 .debug_macro   0x000209c2       0x88 Core/Src/syscalls.o
 .debug_macro   0x00020a4a      0x216 Core/Src/system_stm32f4xx.o
 .debug_macro   0x00020c60      0x270 Drivers/STM32F4xx_HAL_Driver/Src/stm32f4xx_hal.o
 .debug_macro   0x00020ed0      0x210 Drivers/STM32F4xx_HAL_Driver/Src/stm32f4xx_hal_cortex.o
 .debug_macro   0x000210e0      0x246 Drivers/STM32F4xx_HAL_Driver/Src/stm32f4xx_hal_gpio.o
 .debug_macro   0x00021326      0x210 Drivers/STM32F4xx_HAL_Driver/Src/stm32f4xx_hal_hcd.o
 .debug_macro   0x00021536      0x257 Drivers/STM32F4xx_HAL_Driver/Src/stm32f4xx_hal_i2c.o
 .debug_macro   0x0002178d      0x218 Drivers/STM32F4xx_HAL_Driver/Src/stm32f4xx_hal_i2s.o
 .debug_macro   0x000219a5      0x210 Drivers/STM32F4xx_HAL_Driver/Src/stm32f4xx_hal_i2s_ex.o
 .debug_macro   0x00021bb5      0x234 Drivers/STM32F4xx_HAL_Driver/Src/stm32f4xx_hal_rcc.o
 .debug_macro   0x00021de9      0x210 Drivers/STM32F4xx_HAL_Driver/Src/stm32f4xx_hal_rcc_ex.o
 .debug_macro   0x00021ff9      0x21f Drivers/STM32F4xx_HAL_Driver/Src/stm32f4xx_hal_spi.o
 .debug_macro   0x00022218      0x211 Drivers/STM32F4xx_HAL_Driver/Src/stm32f4xx_hal_uart.o
 .debug_macro   0x00022429      0x210 Drivers/STM32F4xx_HAL_Driver/Src/stm32f4xx_ll_usb.o
 .debug_macro   0x00022639      0x430 Middlewares/ST/STM32_USB_Host_Library/Class/CDC/Src/usbh_cdc.o
 .debug_macro   0x00022a69       0x16 Middlewares/ST/STM32_USB_Host_Library/Class/CDC/Src/usbh_cdc.o
 .debug_macro   0x00022a7f       0x97 Middlewares/ST/STM32_USB_Host_Library/Class/CDC/Src/usbh_cdc.o
 .debug_macro   0x00022b16       0xfd Middlewares/ST/STM32_USB_Host_Library/Class/CDC/Src/usbh_cdc.o
 .debug_macro   0x00022c13       0x16 Middlewares/ST/STM32_USB_Host_Library/Class/CDC/Src/usbh_cdc.o
 .debug_macro   0x00022c29       0xd9 Middlewares/ST/STM32_USB_Host_Library/Class/CDC/Src/usbh_cdc.o
 .debug_macro   0x00022d02       0x54 Middlewares/ST/STM32_USB_Host_Library/Class/CDC/Src/usbh_cdc.o
 .debug_macro   0x00022d56       0x73 Middlewares/ST/STM32_USB_Host_Library/Class/CDC/Src/usbh_cdc.o
 .debug_macro   0x00022dc9      0x218 Middlewares/ST/STM32_USB_Host_Library/Class/CDC/Src/usbh_cdc.o
 .debug_macro   0x00022fe1       0x2e Middlewares/ST/STM32_USB_Host_Library/Class/CDC/Src/usbh_cdc.o
 .debug_macro   0x0002300f       0x2e Middlewares/ST/STM32_USB_Host_Library/Class/CDC/Src/usbh_cdc.o
 .debug_macro   0x0002303d       0x28 Middlewares/ST/STM32_USB_Host_Library/Class/CDC/Src/usbh_cdc.o
 .debug_macro   0x00023065      0x15c Middlewares/ST/STM32_USB_Host_Library/Class/CDC/Src/usbh_cdc.o
 .debug_macro   0x000231c1      0x42d Middlewares/ST/STM32_USB_Host_Library/Core/Src/usbh_core.o
 .debug_macro   0x000235ee      0x425 Middlewares/ST/STM32_USB_Host_Library/Core/Src/usbh_ctlreq.o
 .debug_macro   0x00023a13       0x28 Middlewares/ST/STM32_USB_Host_Library/Core/Src/usbh_ctlreq.o
 .debug_macro   0x00023a3b      0x41f Middlewares/ST/STM32_USB_Host_Library/Core/Src/usbh_ioreq.o
 .debug_macro   0x00023e5a      0x41f Middlewares/ST/STM32_USB_Host_Library/Core/Src/usbh_pipes.o
 .debug_macro   0x00024279      0x42e USB_HOST/App/usb_host.o
 .debug_macro   0x000246a7      0x196 USB_HOST/App/usb_host.o
 .debug_macro   0x0002483d      0x162 USB_HOST/App/usb_host.o
 .debug_macro   0x0002499f      0x42f USB_HOST/Target/usbh_conf.o
 .debug_macro   0x00024dce      0x224 USB_HOST/Target/usbh_platform.o

.debug_line     0x00000000    0x11214
 .debug_line    0x00000000      0x899 Core/Src/main.o
 .debug_line    0x00000899      0x79f Core/Src/stm32f4xx_hal_msp.o
 .debug_line    0x00001038      0x75c Core/Src/stm32f4xx_it.o
 .debug_line    0x00001794      0x5d6 Core/Src/syscalls.o
 .debug_line    0x00001d6a      0x6dc Core/Src/system_stm32f4xx.o
 .debug_line    0x00002446      0x8b9 Drivers/STM32F4xx_HAL_Driver/Src/stm32f4xx_hal.o
 .debug_line    0x00002cff      0x90b Drivers/STM32F4xx_HAL_Driver/Src/stm32f4xx_hal_cortex.o
 .debug_line    0x0000360a      0x841 Drivers/STM32F4xx_HAL_Driver/Src/stm32f4xx_hal_gpio.o
 .debug_line    0x00003e4b      0xb02 Drivers/STM32F4xx_HAL_Driver/Src/stm32f4xx_hal_hcd.o
 .debug_line    0x0000494d     0x1cae Drivers/STM32F4xx_HAL_Driver/Src/stm32f4xx_hal_i2c.o
 .debug_line    0x000065fb      0xcea Drivers/STM32F4xx_HAL_Driver/Src/stm32f4xx_hal_i2s.o
 .debug_line    0x000072e5      0xc91 Drivers/STM32F4xx_HAL_Driver/Src/stm32f4xx_hal_i2s_ex.o
 .debug_line    0x00007f76      0x94c Drivers/STM32F4xx_HAL_Driver/Src/stm32f4xx_hal_rcc.o
 .debug_line    0x000088c2      0x7d1 Drivers/STM32F4xx_HAL_Driver/Src/stm32f4xx_hal_rcc_ex.o
 .debug_line    0x00009093     0x110d Drivers/STM32F4xx_HAL_Driver/Src/stm32f4xx_hal_spi.o
 .debug_line    0x0000a1a0     0x1008 Drivers/STM32F4xx_HAL_Driver/Src/stm32f4xx_hal_uart.o
 .debug_line    0x0000b1a8      0xd90 Drivers/STM32F4xx_HAL_Driver/Src/stm32f4xx_ll_usb.o
 .debug_line    0x0000bf38      0xbbf Middlewares/ST/STM32_USB_Host_Library/Class/CDC/Src/usbh_cdc.o
 .debug_line    0x0000caf7      0xcaf Middlewares/ST/STM32_USB_Host_Library/Core/Src/usbh_core.o
 .debug_line    0x0000d7a6      0xbe7 Middlewares/ST/STM32_USB_Host_Library/Core/Src/usbh_ctlreq.o
 .debug_line    0x0000e38d      0x9ab Middlewares/ST/STM32_USB_Host_Library/Core/Src/usbh_ioreq.o
 .debug_line    0x0000ed38      0x95f Middlewares/ST/STM32_USB_Host_Library/Core/Src/usbh_pipes.o
 .debug_line    0x0000f697      0x977 USB_HOST/App/usb_host.o
 .debug_line    0x0001000e      0xb11 USB_HOST/Target/usbh_conf.o
 .debug_line    0x00010b1f      0x6f5 USB_HOST/Target/usbh_platform.o

.debug_str      0x00000000    0xcda8d
 .debug_str     0x00000000    0xc4c31 Core/Src/main.o
                              0xc4fed (size before relaxing)
 .debug_str     0x000c4c31       0xf8 Core/Src/stm32f4xx_hal_msp.o
                              0xc221f (size before relaxing)
 .debug_str     0x000c4d29      0x45c Core/Src/stm32f4xx_it.o
                              0xc1b5b (size before relaxing)
 .debug_str     0x000c5185     0x2498 Core/Src/syscalls.o
                               0x8587 (size before relaxing)
 .debug_str     0x000c761d       0xc4 Core/Src/system_stm32f4xx.o
                              0xc11a8 (size before relaxing)
 .debug_str     0x000c76e1      0xa6c Drivers/STM32F4xx_HAL_Driver/Src/stm32f4xx_hal.o
                              0xc1cba (size before relaxing)
 .debug_str     0x000c814d      0x34d Drivers/STM32F4xx_HAL_Driver/Src/stm32f4xx_hal_cortex.o
                              0xc1a64 (size before relaxing)
 .debug_str     0x000c849a      0x1dc Drivers/STM32F4xx_HAL_Driver/Src/stm32f4xx_hal_gpio.o
                              0xc13e7 (size before relaxing)
 .debug_str     0x000c8676      0x4eb Drivers/STM32F4xx_HAL_Driver/Src/stm32f4xx_hal_hcd.o
                              0xc193e (size before relaxing)
 .debug_str     0x000c8b61      0xaf2 Drivers/STM32F4xx_HAL_Driver/Src/stm32f4xx_hal_i2c.o
                              0xc217a (size before relaxing)
 .debug_str     0x000c9653      0x298 Drivers/STM32F4xx_HAL_Driver/Src/stm32f4xx_hal_i2s.o
                              0xc17a2 (size before relaxing)
 .debug_str     0x000c98eb      0x1f1 Drivers/STM32F4xx_HAL_Driver/Src/stm32f4xx_hal_i2s_ex.o
                              0xc16cd (size before relaxing)
 .debug_str     0x000c9adc      0x213 Drivers/STM32F4xx_HAL_Driver/Src/stm32f4xx_hal_rcc.o
                              0xc15bc (size before relaxing)
 .debug_str     0x000c9cef       0xde Drivers/STM32F4xx_HAL_Driver/Src/stm32f4xx_hal_rcc_ex.o
                              0xc12f6 (size before relaxing)
 .debug_str     0x000c9dcd      0x513 Drivers/STM32F4xx_HAL_Driver/Src/stm32f4xx_hal_spi.o
                              0xc1a52 (size before relaxing)
 .debug_str     0x000ca2e0      0x4ff Drivers/STM32F4xx_HAL_Driver/Src/stm32f4xx_hal_uart.o
                              0xc1a6b (size before relaxing)
 .debug_str     0x000ca7df      0x502 Drivers/STM32F4xx_HAL_Driver/Src/stm32f4xx_ll_usb.o
                              0xc1a86 (size before relaxing)
 .debug_str     0x000cace1     0x261c Middlewares/ST/STM32_USB_Host_Library/Class/CDC/Src/usbh_cdc.o
                              0xc7c72 (size before relaxing)
 .debug_str     0x000cd2fd      0x304 Middlewares/ST/STM32_USB_Host_Library/Core/Src/usbh_core.o
                              0xc7167 (size before relaxing)
 .debug_str     0x000cd601      0x1db Middlewares/ST/STM32_USB_Host_Library/Core/Src/usbh_ctlreq.o
                              0xc70ee (size before relaxing)
 .debug_str     0x000cd7dc       0xb2 Middlewares/ST/STM32_USB_Host_Library/Core/Src/usbh_ioreq.o
                              0xc6f22 (size before relaxing)
 .debug_str     0x000cd88e       0x80 Middlewares/ST/STM32_USB_Host_Library/Core/Src/usbh_pipes.o
                              0xc6eb8 (size before relaxing)
 .debug_str     0x000cd90e       0xa2 USB_HOST/App/usb_host.o
                              0xc75c5 (size before relaxing)
 .debug_str     0x000cd9b0       0xba USB_HOST/Target/usbh_conf.o
                              0xc7d97 (size before relaxing)
 .debug_str     0x000cda6a       0x23 USB_HOST/Target/usbh_platform.o
                              0xc10ce (size before relaxing)

.comment        0x00000000       0x7f
 .comment       0x00000000       0x7f Core/Src/main.o
                                 0x80 (size before relaxing)
 .comment       0x0000007f       0x80 Core/Src/stm32f4xx_hal_msp.o
 .comment       0x0000007f       0x80 Core/Src/stm32f4xx_it.o
 .comment       0x0000007f       0x80 Core/Src/syscalls.o
 .comment       0x0000007f       0x80 Core/Src/system_stm32f4xx.o
 .comment       0x0000007f       0x80 Drivers/STM32F4xx_HAL_Driver/Src/stm32f4xx_hal.o
 .comment       0x0000007f       0x80 Drivers/STM32F4xx_HAL_Driver/Src/stm32f4xx_hal_cortex.o
 .comment       0x0000007f       0x80 Drivers/STM32F4xx_HAL_Driver/Src/stm32f4xx_hal_gpio.o
 .comment       0x0000007f       0x80 Drivers/STM32F4xx_HAL_Driver/Src/stm32f4xx_hal_hcd.o
 .comment       0x0000007f       0x80 Drivers/STM32F4xx_HAL_Driver/Src/stm32f4xx_hal_i2c.o
 .comment       0x0000007f       0x80 Drivers/STM32F4xx_HAL_Driver/Src/stm32f4xx_hal_i2s.o
 .comment       0x0000007f       0x80 Drivers/STM32F4xx_HAL_Driver/Src/stm32f4xx_hal_i2s_ex.o
 .comment       0x0000007f       0x80 Drivers/STM32F4xx_HAL_Driver/Src/stm32f4xx_hal_rcc.o
 .comment       0x0000007f       0x80 Drivers/STM32F4xx_HAL_Driver/Src/stm32f4xx_hal_rcc_ex.o
 .comment       0x0000007f       0x80 Drivers/STM32F4xx_HAL_Driver/Src/stm32f4xx_hal_spi.o
 .comment       0x0000007f       0x80 Drivers/STM32F4xx_HAL_Driver/Src/stm32f4xx_hal_uart.o
 .comment       0x0000007f       0x80 Drivers/STM32F4xx_HAL_Driver/Src/stm32f4xx_ll_usb.o
 .comment       0x0000007f       0x80 Middlewares/ST/STM32_USB_Host_Library/Class/CDC/Src/usbh_cdc.o
 .comment       0x0000007f       0x80 Middlewares/ST/STM32_USB_Host_Library/Core/Src/usbh_core.o
 .comment       0x0000007f       0x80 Middlewares/ST/STM32_USB_Host_Library/Core/Src/usbh_ctlreq.o
 .comment       0x0000007f       0x80 Middlewares/ST/STM32_USB_Host_Library/Core/Src/usbh_ioreq.o
 .comment       0x0000007f       0x80 Middlewares/ST/STM32_USB_Host_Library/Core/Src/usbh_pipes.o
 .comment       0x0000007f       0x80 USB_HOST/App/usb_host.o
 .comment       0x0000007f       0x80 USB_HOST/Target/usbh_conf.o
 .comment       0x0000007f       0x80 USB_HOST/Target/usbh_platform.o

.debug_frame    0x00000000     0x36d8
 .debug_frame   0x00000000       0xe4 Core/Src/main.o
 .debug_frame   0x000000e4      0x114 Core/Src/stm32f4xx_hal_msp.o
 .debug_frame   0x000001f8       0xc0 Core/Src/stm32f4xx_it.o
 .debug_frame   0x000002b8      0x1a8 Core/Src/syscalls.o
 .debug_frame   0x00000460       0x30 Core/Src/system_stm32f4xx.o
 .debug_frame   0x00000490      0x1ec Drivers/STM32F4xx_HAL_Driver/Src/stm32f4xx_hal.o
 .debug_frame   0x0000067c      0x15c Drivers/STM32F4xx_HAL_Driver/Src/stm32f4xx_hal_cortex.o
 .debug_frame   0x000007d8       0xd8 Drivers/STM32F4xx_HAL_Driver/Src/stm32f4xx_hal_gpio.o
 .debug_frame   0x000008b0      0x2b4 Drivers/STM32F4xx_HAL_Driver/Src/stm32f4xx_hal_hcd.o
 .debug_frame   0x00000b64      0x948 Drivers/STM32F4xx_HAL_Driver/Src/stm32f4xx_hal_i2c.o
 .debug_frame   0x000014ac      0x328 Drivers/STM32F4xx_HAL_Driver/Src/stm32f4xx_hal_i2s.o
 .debug_frame   0x000017d4      0x18c Drivers/STM32F4xx_HAL_Driver/Src/stm32f4xx_hal_i2s_ex.o
 .debug_frame   0x00001960      0x184 Drivers/STM32F4xx_HAL_Driver/Src/stm32f4xx_hal_rcc.o
 .debug_frame   0x00001ae4       0xa4 Drivers/STM32F4xx_HAL_Driver/Src/stm32f4xx_hal_rcc_ex.o
 .debug_frame   0x00001b88      0x594 Drivers/STM32F4xx_HAL_Driver/Src/stm32f4xx_hal_spi.o
 .debug_frame   0x0000211c      0x4f0 Drivers/STM32F4xx_HAL_Driver/Src/stm32f4xx_hal_uart.o
 .debug_frame   0x0000260c      0x488 Drivers/STM32F4xx_HAL_Driver/Src/stm32f4xx_ll_usb.o
 .debug_frame   0x00002a94      0x1bc Middlewares/ST/STM32_USB_Host_Library/Class/CDC/Src/usbh_cdc.o
 .debug_frame   0x00002c50      0x200 Middlewares/ST/STM32_USB_Host_Library/Core/Src/usbh_core.o
 .debug_frame   0x00002e50      0x1e8 Middlewares/ST/STM32_USB_Host_Library/Core/Src/usbh_ctlreq.o
 .debug_frame   0x00003038      0x130 Middlewares/ST/STM32_USB_Host_Library/Core/Src/usbh_ioreq.o
 .debug_frame   0x00003168       0x84 Middlewares/ST/STM32_USB_Host_Library/Core/Src/usbh_pipes.o
 .debug_frame   0x000031ec       0x50 USB_HOST/App/usb_host.o
 .debug_frame   0x0000323c      0x25c USB_HOST/Target/usbh_conf.o
 .debug_frame   0x00003498       0x28 USB_HOST/Target/usbh_platform.o
 .debug_frame   0x000034c0       0x2c c:/ac6/systemworkbench/plugins/fr.ac6.mcu.externaltools.arm-none.win32_1.17.0.201812190825/tools/compiler/bin/../lib/gcc/arm-none-eabi/7.3.1/thumb/v7e-m/fpv4-sp/hard\libgcc.a(_aeabi_uldivmod.o)
 .debug_frame   0x000034ec       0x34 c:/ac6/systemworkbench/plugins/fr.ac6.mcu.externaltools.arm-none.win32_1.17.0.201812190825/tools/compiler/bin/../lib/gcc/arm-none-eabi/7.3.1/thumb/v7e-m/fpv4-sp/hard\libgcc.a(_udivmoddi4.o)
 .debug_frame   0x00003520       0x20 c:/ac6/systemworkbench/plugins/fr.ac6.mcu.externaltools.arm-none.win32_1.17.0.201812190825/tools/compiler/bin/../lib/gcc/arm-none-eabi/7.3.1/../../../../arm-none-eabi/lib/thumb/v7e-m/fpv4-sp/hard\libc_nano.a(lib_a-errno.o)
 .debug_frame   0x00003540       0x2c c:/ac6/systemworkbench/plugins/fr.ac6.mcu.externaltools.arm-none.win32_1.17.0.201812190825/tools/compiler/bin/../lib/gcc/arm-none-eabi/7.3.1/../../../../arm-none-eabi/lib/thumb/v7e-m/fpv4-sp/hard\libc_nano.a(lib_a-init.o)
 .debug_frame   0x0000356c       0x30 c:/ac6/systemworkbench/plugins/fr.ac6.mcu.externaltools.arm-none.win32_1.17.0.201812190825/tools/compiler/bin/../lib/gcc/arm-none-eabi/7.3.1/../../../../arm-none-eabi/lib/thumb/v7e-m/fpv4-sp/hard\libc_nano.a(lib_a-malloc.o)
 .debug_frame   0x0000359c       0x20 c:/ac6/systemworkbench/plugins/fr.ac6.mcu.externaltools.arm-none.win32_1.17.0.201812190825/tools/compiler/bin/../lib/gcc/arm-none-eabi/7.3.1/../../../../arm-none-eabi/lib/thumb/v7e-m/fpv4-sp/hard\libc_nano.a(lib_a-memset.o)
 .debug_frame   0x000035bc       0x38 c:/ac6/systemworkbench/plugins/fr.ac6.mcu.externaltools.arm-none.win32_1.17.0.201812190825/tools/compiler/bin/../lib/gcc/arm-none-eabi/7.3.1/../../../../arm-none-eabi/lib/thumb/v7e-m/fpv4-sp/hard\libc_nano.a(lib_a-nano-freer.o)
 .debug_frame   0x000035f4       0x2c c:/ac6/systemworkbench/plugins/fr.ac6.mcu.externaltools.arm-none.win32_1.17.0.201812190825/tools/compiler/bin/../lib/gcc/arm-none-eabi/7.3.1/../../../../arm-none-eabi/lib/thumb/v7e-m/fpv4-sp/hard\libc_nano.a(lib_a-nano-mallocr.o)
 .debug_frame   0x00003620       0x2c c:/ac6/systemworkbench/plugins/fr.ac6.mcu.externaltools.arm-none.win32_1.17.0.201812190825/tools/compiler/bin/../lib/gcc/arm-none-eabi/7.3.1/../../../../arm-none-eabi/lib/thumb/v7e-m/fpv4-sp/hard\libc_nano.a(lib_a-sbrkr.o)
 .debug_frame   0x0000364c       0x30 c:/ac6/systemworkbench/plugins/fr.ac6.mcu.externaltools.arm-none.win32_1.17.0.201812190825/tools/compiler/bin/../lib/gcc/arm-none-eabi/7.3.1/../../../../arm-none-eabi/lib/thumb/v7e-m/fpv4-sp/hard\libc_nano.a(lib_a-mlock.o)
 .debug_frame   0x0000367c       0x5c c:/ac6/systemworkbench/plugins/fr.ac6.mcu.externaltools.arm-none.win32_1.17.0.201812190825/tools/compiler/bin/../lib/gcc/arm-none-eabi/7.3.1/../../../../arm-none-eabi/lib/thumb/v7e-m/fpv4-sp/hard\libc_nano.a(lib_a-reent.o)

.debug_loc      0x00000000     0xebbf
 .debug_loc     0x00000000      0x1b7 Core/Src/stm32f4xx_hal_msp.o
 .debug_loc     0x000001b7      0x3af Core/Src/syscalls.o
 .debug_loc     0x00000566      0x13e Core/Src/system_stm32f4xx.o
 .debug_loc     0x000006a4      0x11b Drivers/STM32F4xx_HAL_Driver/Src/stm32f4xx_hal.o
 .debug_loc     0x000007bf      0x5ce Drivers/STM32F4xx_HAL_Driver/Src/stm32f4xx_hal_cortex.o
 .debug_loc     0x00000d8d      0x476 Drivers/STM32F4xx_HAL_Driver/Src/stm32f4xx_hal_gpio.o
 .debug_loc     0x00001203      0xbf9 Drivers/STM32F4xx_HAL_Driver/Src/stm32f4xx_hal_hcd.o
 .debug_loc     0x00001dfc     0x37ae Drivers/STM32F4xx_HAL_Driver/Src/stm32f4xx_hal_i2c.o
 .debug_loc     0x000055aa      0xcf8 Drivers/STM32F4xx_HAL_Driver/Src/stm32f4xx_hal_i2s.o
 .debug_loc     0x000062a2      0xa81 Drivers/STM32F4xx_HAL_Driver/Src/stm32f4xx_hal_i2s_ex.o
 .debug_loc     0x00006d23      0x40f Drivers/STM32F4xx_HAL_Driver/Src/stm32f4xx_hal_rcc.o
 .debug_loc     0x00007132      0x2c7 Drivers/STM32F4xx_HAL_Driver/Src/stm32f4xx_hal_rcc_ex.o
 .debug_loc     0x000073f9     0x1a09 Drivers/STM32F4xx_HAL_Driver/Src/stm32f4xx_hal_spi.o
 .debug_loc     0x00008e02     0x1599 Drivers/STM32F4xx_HAL_Driver/Src/stm32f4xx_hal_uart.o
 .debug_loc     0x0000a39b     0x1eca Drivers/STM32F4xx_HAL_Driver/Src/stm32f4xx_ll_usb.o
 .debug_loc     0x0000c265      0x612 Middlewares/ST/STM32_USB_Host_Library/Class/CDC/Src/usbh_cdc.o
 .debug_loc     0x0000c877      0x84c Middlewares/ST/STM32_USB_Host_Library/Core/Src/usbh_core.o
 .debug_loc     0x0000d0c3      0xbc3 Middlewares/ST/STM32_USB_Host_Library/Core/Src/usbh_ctlreq.o
 .debug_loc     0x0000dc86      0x50f Middlewares/ST/STM32_USB_Host_Library/Core/Src/usbh_ioreq.o
 .debug_loc     0x0000e195      0x1be Middlewares/ST/STM32_USB_Host_Library/Core/Src/usbh_pipes.o
 .debug_loc     0x0000e353      0x817 USB_HOST/Target/usbh_conf.o
 .debug_loc     0x0000eb6a       0x55 USB_HOST/Target/usbh_platform.o
