19:45:06 **** Incremental Build of configuration Release for project 7.Timer_Output_PWM ****
make -j4 all 
Building file: ../startup/startup_stm32f407xx.s
Building file: ../Drivers/STM32F4xx_HAL_Driver/Src/stm32f4xx_hal.c
Building file: ../Drivers/STM32F4xx_HAL_Driver/Src/stm32f4xx_hal_cortex.c
Building file: ../Drivers/STM32F4xx_HAL_Driver/Src/stm32f4xx_hal_dma.c
Invoking: MCU GCC Assembler
Invoking: MCU GCC Compiler
Invoking: MCU GCC Compiler
Invoking: MCU GCC Compiler
C:\Users\huong\OneDrive\Documents\MCU2\7.Timer_Output_PWM\Release
C:\Users\huong\OneDrive\Documents\MCU2\7.Timer_Output_PWM\Release
C:\Users\huong\OneDrive\Documents\MCU2\7.Timer_Output_PWM\Release
C:\Users\huong\OneDrive\Documents\MCU2\7.Timer_Output_PWM\Release
arm-none-eabi-as -mcpu=cortex-m4 -mthumb -mfloat-abi=hard -mfpu=fpv4-sp-d16 -o "startup/startup_stm32f407xx.o" "../startup/startup_stm32f407xx.s"
arm-none-eabi-gcc -mcpu=cortex-m4 -mthumb -mfloat-abi=hard -mfpu=fpv4-sp-d16 -DUSE_HAL_DRIVER -DSTM32F407xx -I../USB_HOST/App -I../USB_HOST/Target -I"C:/Users/huong/OneDrive/Documents/MCU2/7.Timer_Output_PWM/Core/Inc" -I"C:/Users/huong/OneDrive/Documents/MCU2/7.Timer_Output_PWM/Drivers/STM32F4xx_HAL_Driver/Inc" -I"C:/Users/huong/OneDrive/Documents/MCU2/7.Timer_Output_PWM/Drivers/STM32F4xx_HAL_Driver/Inc/Legacy" -I../Middlewares/ST/STM32_USB_Host_Library/Core/Inc -I../Middlewares/ST/STM32_USB_Host_Library/Class/CDC/Inc -I"C:/Users/huong/OneDrive/Documents/MCU2/7.Timer_Output_PWM/Drivers/CMSIS/Device/ST/STM32F4xx/Include" -I"C:/Users/huong/OneDrive/Documents/MCU2/7.Timer_Output_PWM/Drivers/CMSIS/Include"  -Og -g3 -Wall -fmessage-length=0 -ffunction-sections -c -fmessage-length=0 -MMD -MP -MF"Drivers/STM32F4xx_HAL_Driver/Src/stm32f4xx_hal_cortex.d" -MT"Drivers/STM32F4xx_HAL_Driver/Src/stm32f4xx_hal_cortex.o" -o "Drivers/STM32F4xx_HAL_Driver/Src/stm32f4xx_hal_cortex.o" "../Drivers/STM32F4xx_HAL_Driver/Src/stm32f4xx_hal_cortex.c"
arm-none-eabi-gcc -mcpu=cortex-m4 -mthumb -mfloat-abi=hard -mfpu=fpv4-sp-d16 -DUSE_HAL_DRIVER -DSTM32F407xx -I../USB_HOST/App -I../USB_HOST/Target -I"C:/Users/huong/OneDrive/Documents/MCU2/7.Timer_Output_PWM/Core/Inc" -I"C:/Users/huong/OneDrive/Documents/MCU2/7.Timer_Output_PWM/Drivers/STM32F4xx_HAL_Driver/Inc" -I"C:/Users/huong/OneDrive/Documents/MCU2/7.Timer_Output_PWM/Drivers/STM32F4xx_HAL_Driver/Inc/Legacy" -I../Middlewares/ST/STM32_USB_Host_Library/Core/Inc -I../Middlewares/ST/STM32_USB_Host_Library/Class/CDC/Inc -I"C:/Users/huong/OneDrive/Documents/MCU2/7.Timer_Output_PWM/Drivers/CMSIS/Device/ST/STM32F4xx/Include" -I"C:/Users/huong/OneDrive/Documents/MCU2/7.Timer_Output_PWM/Drivers/CMSIS/Include"  -Og -g3 -Wall -fmessage-length=0 -ffunction-sections -c -fmessage-length=0 -MMD -MP -MF"Drivers/STM32F4xx_HAL_Driver/Src/stm32f4xx_hal.d" -MT"Drivers/STM32F4xx_HAL_Driver/Src/stm32f4xx_hal.o" -o "Drivers/STM32F4xx_HAL_Driver/Src/stm32f4xx_hal.o" "../Drivers/STM32F4xx_HAL_Driver/Src/stm32f4xx_hal.c"
arm-none-eabi-gcc -mcpu=cortex-m4 -mthumb -mfloat-abi=hard -mfpu=fpv4-sp-d16 -DUSE_HAL_DRIVER -DSTM32F407xx -I../USB_HOST/App -I../USB_HOST/Target -I"C:/Users/huong/OneDrive/Documents/MCU2/7.Timer_Output_PWM/Core/Inc" -I"C:/Users/huong/OneDrive/Documents/MCU2/7.Timer_Output_PWM/Drivers/STM32F4xx_HAL_Driver/Inc" -I"C:/Users/huong/OneDrive/Documents/MCU2/7.Timer_Output_PWM/Drivers/STM32F4xx_HAL_Driver/Inc/Legacy" -I../Middlewares/ST/STM32_USB_Host_Library/Core/Inc -I../Middlewares/ST/STM32_USB_Host_Library/Class/CDC/Inc -I"C:/Users/huong/OneDrive/Documents/MCU2/7.Timer_Output_PWM/Drivers/CMSIS/Device/ST/STM32F4xx/Include" -I"C:/Users/huong/OneDrive/Documents/MCU2/7.Timer_Output_PWM/Drivers/CMSIS/Include"  -Og -g3 -Wall -fmessage-length=0 -ffunction-sections -c -fmessage-length=0 -MMD -MP -MF"Drivers/STM32F4xx_HAL_Driver/Src/stm32f4xx_hal_dma.d" -MT"Drivers/STM32F4xx_HAL_Driver/Src/stm32f4xx_hal_dma.o" -o "Drivers/STM32F4xx_HAL_Driver/Src/stm32f4xx_hal_dma.o" "../Drivers/STM32F4xx_HAL_Driver/Src/stm32f4xx_hal_dma.c"
Finished building: ../startup/startup_stm32f407xx.s
 
Building file: ../Drivers/STM32F4xx_HAL_Driver/Src/stm32f4xx_hal_dma_ex.c
Invoking: MCU GCC Compiler
C:\Users\huong\OneDrive\Documents\MCU2\7.Timer_Output_PWM\Release
arm-none-eabi-gcc -mcpu=cortex-m4 -mthumb -mfloat-abi=hard -mfpu=fpv4-sp-d16 -DUSE_HAL_DRIVER -DSTM32F407xx -I../USB_HOST/App -I../USB_HOST/Target -I"C:/Users/huong/OneDrive/Documents/MCU2/7.Timer_Output_PWM/Core/Inc" -I"C:/Users/huong/OneDrive/Documents/MCU2/7.Timer_Output_PWM/Drivers/STM32F4xx_HAL_Driver/Inc" -I"C:/Users/huong/OneDrive/Documents/MCU2/7.Timer_Output_PWM/Drivers/STM32F4xx_HAL_Driver/Inc/Legacy" -I../Middlewares/ST/STM32_USB_Host_Library/Core/Inc -I../Middlewares/ST/STM32_USB_Host_Library/Class/CDC/Inc -I"C:/Users/huong/OneDrive/Documents/MCU2/7.Timer_Output_PWM/Drivers/CMSIS/Device/ST/STM32F4xx/Include" -I"C:/Users/huong/OneDrive/Documents/MCU2/7.Timer_Output_PWM/Drivers/CMSIS/Include"  -Og -g3 -Wall -fmessage-length=0 -ffunction-sections -c -fmessage-length=0 -MMD -MP -MF"Drivers/STM32F4xx_HAL_Driver/Src/stm32f4xx_hal_dma_ex.d" -MT"Drivers/STM32F4xx_HAL_Driver/Src/stm32f4xx_hal_dma_ex.o" -o "Drivers/STM32F4xx_HAL_Driver/Src/stm32f4xx_hal_dma_ex.o" "../Drivers/STM32F4xx_HAL_Driver/Src/stm32f4xx_hal_dma_ex.c"
Finished building: ../Drivers/STM32F4xx_HAL_Driver/Src/stm32f4xx_hal_cortex.c
Finished building: ../Drivers/STM32F4xx_HAL_Driver/Src/stm32f4xx_hal.c
 
 
Finished building: ../Drivers/STM32F4xx_HAL_Driver/Src/stm32f4xx_hal_dma.c
Building file: ../Drivers/STM32F4xx_HAL_Driver/Src/stm32f4xx_hal_exti.c
 
Building file: ../Drivers/STM32F4xx_HAL_Driver/Src/stm32f4xx_hal_flash.c
Invoking: MCU GCC Compiler
Invoking: MCU GCC Compiler
Building file: ../Drivers/STM32F4xx_HAL_Driver/Src/stm32f4xx_hal_flash_ex.c
C:\Users\huong\OneDrive\Documents\MCU2\7.Timer_Output_PWM\Release
C:\Users\huong\OneDrive\Documents\MCU2\7.Timer_Output_PWM\Release
Invoking: MCU GCC Compiler
arm-none-eabi-gcc -mcpu=cortex-m4 -mthumb -mfloat-abi=hard -mfpu=fpv4-sp-d16 -DUSE_HAL_DRIVER -DSTM32F407xx -I../USB_HOST/App -I../USB_HOST/Target -I"C:/Users/huong/OneDrive/Documents/MCU2/7.Timer_Output_PWM/Core/Inc" -I"C:/Users/huong/OneDrive/Documents/MCU2/7.Timer_Output_PWM/Drivers/STM32F4xx_HAL_Driver/Inc" -I"C:/Users/huong/OneDrive/Documents/MCU2/7.Timer_Output_PWM/Drivers/STM32F4xx_HAL_Driver/Inc/Legacy" -I../Middlewares/ST/STM32_USB_Host_Library/Core/Inc -I../Middlewares/ST/STM32_USB_Host_Library/Class/CDC/Inc -I"C:/Users/huong/OneDrive/Documents/MCU2/7.Timer_Output_PWM/Drivers/CMSIS/Device/ST/STM32F4xx/Include" -I"C:/Users/huong/OneDrive/Documents/MCU2/7.Timer_Output_PWM/Drivers/CMSIS/Include"  -Og -g3 -Wall -fmessage-length=0 -ffunction-sections -c -fmessage-length=0 -MMD -MP -MF"Drivers/STM32F4xx_HAL_Driver/Src/stm32f4xx_hal_exti.d" -MT"Drivers/STM32F4xx_HAL_Driver/Src/stm32f4xx_hal_exti.o" -o "Drivers/STM32F4xx_HAL_Driver/Src/stm32f4xx_hal_exti.o" "../Drivers/STM32F4xx_HAL_Driver/Src/stm32f4xx_hal_exti.c"
arm-none-eabi-gcc -mcpu=cortex-m4 -mthumb -mfloat-abi=hard -mfpu=fpv4-sp-d16 -DUSE_HAL_DRIVER -DSTM32F407xx -I../USB_HOST/App -I../USB_HOST/Target -I"C:/Users/huong/OneDrive/Documents/MCU2/7.Timer_Output_PWM/Core/Inc" -I"C:/Users/huong/OneDrive/Documents/MCU2/7.Timer_Output_PWM/Drivers/STM32F4xx_HAL_Driver/Inc" -I"C:/Users/huong/OneDrive/Documents/MCU2/7.Timer_Output_PWM/Drivers/STM32F4xx_HAL_Driver/Inc/Legacy" -I../Middlewares/ST/STM32_USB_Host_Library/Core/Inc -I../Middlewares/ST/STM32_USB_Host_Library/Class/CDC/Inc -I"C:/Users/huong/OneDrive/Documents/MCU2/7.Timer_Output_PWM/Drivers/CMSIS/Device/ST/STM32F4xx/Include" -I"C:/Users/huong/OneDrive/Documents/MCU2/7.Timer_Output_PWM/Drivers/CMSIS/Include"  -Og -g3 -Wall -fmessage-length=0 -ffunction-sections -c -fmessage-length=0 -MMD -MP -MF"Drivers/STM32F4xx_HAL_Driver/Src/stm32f4xx_hal_flash.d" -MT"Drivers/STM32F4xx_HAL_Driver/Src/stm32f4xx_hal_flash.o" -o "Drivers/STM32F4xx_HAL_Driver/Src/stm32f4xx_hal_flash.o" "../Drivers/STM32F4xx_HAL_Driver/Src/stm32f4xx_hal_flash.c"
C:\Users\huong\OneDrive\Documents\MCU2\7.Timer_Output_PWM\Release
arm-none-eabi-gcc -mcpu=cortex-m4 -mthumb -mfloat-abi=hard -mfpu=fpv4-sp-d16 -DUSE_HAL_DRIVER -DSTM32F407xx -I../USB_HOST/App -I../USB_HOST/Target -I"C:/Users/huong/OneDrive/Documents/MCU2/7.Timer_Output_PWM/Core/Inc" -I"C:/Users/huong/OneDrive/Documents/MCU2/7.Timer_Output_PWM/Drivers/STM32F4xx_HAL_Driver/Inc" -I"C:/Users/huong/OneDrive/Documents/MCU2/7.Timer_Output_PWM/Drivers/STM32F4xx_HAL_Driver/Inc/Legacy" -I../Middlewares/ST/STM32_USB_Host_Library/Core/Inc -I../Middlewares/ST/STM32_USB_Host_Library/Class/CDC/Inc -I"C:/Users/huong/OneDrive/Documents/MCU2/7.Timer_Output_PWM/Drivers/CMSIS/Device/ST/STM32F4xx/Include" -I"C:/Users/huong/OneDrive/Documents/MCU2/7.Timer_Output_PWM/Drivers/CMSIS/Include"  -Og -g3 -Wall -fmessage-length=0 -ffunction-sections -c -fmessage-length=0 -MMD -MP -MF"Drivers/STM32F4xx_HAL_Driver/Src/stm32f4xx_hal_flash_ex.d" -MT"Drivers/STM32F4xx_HAL_Driver/Src/stm32f4xx_hal_flash_ex.o" -o "Drivers/STM32F4xx_HAL_Driver/Src/stm32f4xx_hal_flash_ex.o" "../Drivers/STM32F4xx_HAL_Driver/Src/stm32f4xx_hal_flash_ex.c"
Finished building: ../Drivers/STM32F4xx_HAL_Driver/Src/stm32f4xx_hal_dma_ex.c
 
Building file: ../Drivers/STM32F4xx_HAL_Driver/Src/stm32f4xx_hal_flash_ramfunc.c
Invoking: MCU GCC Compiler
Finished building: ../Drivers/STM32F4xx_HAL_Driver/Src/stm32f4xx_hal_exti.c
C:\Users\huong\OneDrive\Documents\MCU2\7.Timer_Output_PWM\Release
arm-none-eabi-gcc -mcpu=cortex-m4 -mthumb -mfloat-abi=hard -mfpu=fpv4-sp-d16 -DUSE_HAL_DRIVER -DSTM32F407xx -I../USB_HOST/App -I../USB_HOST/Target -I"C:/Users/huong/OneDrive/Documents/MCU2/7.Timer_Output_PWM/Core/Inc" -I"C:/Users/huong/OneDrive/Documents/MCU2/7.Timer_Output_PWM/Drivers/STM32F4xx_HAL_Driver/Inc" -I"C:/Users/huong/OneDrive/Documents/MCU2/7.Timer_Output_PWM/Drivers/STM32F4xx_HAL_Driver/Inc/Legacy" -I../Middlewares/ST/STM32_USB_Host_Library/Core/Inc -I../Middlewares/ST/STM32_USB_Host_Library/Class/CDC/Inc -I"C:/Users/huong/OneDrive/Documents/MCU2/7.Timer_Output_PWM/Drivers/CMSIS/Device/ST/STM32F4xx/Include" -I"C:/Users/huong/OneDrive/Documents/MCU2/7.Timer_Output_PWM/Drivers/CMSIS/Include"  -Og -g3 -Wall -fmessage-length=0 -ffunction-sections -c -fmessage-length=0 -MMD -MP -MF"Drivers/STM32F4xx_HAL_Driver/Src/stm32f4xx_hal_flash_ramfunc.d" -MT"Drivers/STM32F4xx_HAL_Driver/Src/stm32f4xx_hal_flash_ramfunc.o" -o "Drivers/STM32F4xx_HAL_Driver/Src/stm32f4xx_hal_flash_ramfunc.o" "../Drivers/STM32F4xx_HAL_Driver/Src/stm32f4xx_hal_flash_ramfunc.c"
 
Finished building: ../Drivers/STM32F4xx_HAL_Driver/Src/stm32f4xx_hal_flash.c
Building file: ../Drivers/STM32F4xx_HAL_Driver/Src/stm32f4xx_hal_gpio.c
 
Invoking: MCU GCC Compiler
Finished building: ../Drivers/STM32F4xx_HAL_Driver/Src/stm32f4xx_hal_flash_ex.c
C:\Users\huong\OneDrive\Documents\MCU2\7.Timer_Output_PWM\Release
Building file: ../Drivers/STM32F4xx_HAL_Driver/Src/stm32f4xx_hal_hcd.c
arm-none-eabi-gcc -mcpu=cortex-m4 -mthumb -mfloat-abi=hard -mfpu=fpv4-sp-d16 -DUSE_HAL_DRIVER -DSTM32F407xx -I../USB_HOST/App -I../USB_HOST/Target -I"C:/Users/huong/OneDrive/Documents/MCU2/7.Timer_Output_PWM/Core/Inc" -I"C:/Users/huong/OneDrive/Documents/MCU2/7.Timer_Output_PWM/Drivers/STM32F4xx_HAL_Driver/Inc" -I"C:/Users/huong/OneDrive/Documents/MCU2/7.Timer_Output_PWM/Drivers/STM32F4xx_HAL_Driver/Inc/Legacy" -I../Middlewares/ST/STM32_USB_Host_Library/Core/Inc -I../Middlewares/ST/STM32_USB_Host_Library/Class/CDC/Inc -I"C:/Users/huong/OneDrive/Documents/MCU2/7.Timer_Output_PWM/Drivers/CMSIS/Device/ST/STM32F4xx/Include" -I"C:/Users/huong/OneDrive/Documents/MCU2/7.Timer_Output_PWM/Drivers/CMSIS/Include"  -Og -g3 -Wall -fmessage-length=0 -ffunction-sections -c -fmessage-length=0 -MMD -MP -MF"Drivers/STM32F4xx_HAL_Driver/Src/stm32f4xx_hal_gpio.d" -MT"Drivers/STM32F4xx_HAL_Driver/Src/stm32f4xx_hal_gpio.o" -o "Drivers/STM32F4xx_HAL_Driver/Src/stm32f4xx_hal_gpio.o" "../Drivers/STM32F4xx_HAL_Driver/Src/stm32f4xx_hal_gpio.c"
 
Invoking: MCU GCC Compiler
Building file: ../Drivers/STM32F4xx_HAL_Driver/Src/stm32f4xx_hal_i2c.c
C:\Users\huong\OneDrive\Documents\MCU2\7.Timer_Output_PWM\Release
arm-none-eabi-gcc -mcpu=cortex-m4 -mthumb -mfloat-abi=hard -mfpu=fpv4-sp-d16 -DUSE_HAL_DRIVER -DSTM32F407xx -I../USB_HOST/App -I../USB_HOST/Target -I"C:/Users/huong/OneDrive/Documents/MCU2/7.Timer_Output_PWM/Core/Inc" -I"C:/Users/huong/OneDrive/Documents/MCU2/7.Timer_Output_PWM/Drivers/STM32F4xx_HAL_Driver/Inc" -I"C:/Users/huong/OneDrive/Documents/MCU2/7.Timer_Output_PWM/Drivers/STM32F4xx_HAL_Driver/Inc/Legacy" -I../Middlewares/ST/STM32_USB_Host_Library/Core/Inc -I../Middlewares/ST/STM32_USB_Host_Library/Class/CDC/Inc -I"C:/Users/huong/OneDrive/Documents/MCU2/7.Timer_Output_PWM/Drivers/CMSIS/Device/ST/STM32F4xx/Include" -I"C:/Users/huong/OneDrive/Documents/MCU2/7.Timer_Output_PWM/Drivers/CMSIS/Include"  -Og -g3 -Wall -fmessage-length=0 -ffunction-sections -c -fmessage-length=0 -MMD -MP -MF"Drivers/STM32F4xx_HAL_Driver/Src/stm32f4xx_hal_hcd.d" -MT"Drivers/STM32F4xx_HAL_Driver/Src/stm32f4xx_hal_hcd.o" -o "Drivers/STM32F4xx_HAL_Driver/Src/stm32f4xx_hal_hcd.o" "../Drivers/STM32F4xx_HAL_Driver/Src/stm32f4xx_hal_hcd.c"
Invoking: MCU GCC Compiler
C:\Users\huong\OneDrive\Documents\MCU2\7.Timer_Output_PWM\Release
arm-none-eabi-gcc -mcpu=cortex-m4 -mthumb -mfloat-abi=hard -mfpu=fpv4-sp-d16 -DUSE_HAL_DRIVER -DSTM32F407xx -I../USB_HOST/App -I../USB_HOST/Target -I"C:/Users/huong/OneDrive/Documents/MCU2/7.Timer_Output_PWM/Core/Inc" -I"C:/Users/huong/OneDrive/Documents/MCU2/7.Timer_Output_PWM/Drivers/STM32F4xx_HAL_Driver/Inc" -I"C:/Users/huong/OneDrive/Documents/MCU2/7.Timer_Output_PWM/Drivers/STM32F4xx_HAL_Driver/Inc/Legacy" -I../Middlewares/ST/STM32_USB_Host_Library/Core/Inc -I../Middlewares/ST/STM32_USB_Host_Library/Class/CDC/Inc -I"C:/Users/huong/OneDrive/Documents/MCU2/7.Timer_Output_PWM/Drivers/CMSIS/Device/ST/STM32F4xx/Include" -I"C:/Users/huong/OneDrive/Documents/MCU2/7.Timer_Output_PWM/Drivers/CMSIS/Include"  -Og -g3 -Wall -fmessage-length=0 -ffunction-sections -c -fmessage-length=0 -MMD -MP -MF"Drivers/STM32F4xx_HAL_Driver/Src/stm32f4xx_hal_i2c.d" -MT"Drivers/STM32F4xx_HAL_Driver/Src/stm32f4xx_hal_i2c.o" -o "Drivers/STM32F4xx_HAL_Driver/Src/stm32f4xx_hal_i2c.o" "../Drivers/STM32F4xx_HAL_Driver/Src/stm32f4xx_hal_i2c.c"
Finished building: ../Drivers/STM32F4xx_HAL_Driver/Src/stm32f4xx_hal_flash_ramfunc.c
 
Building file: ../Drivers/STM32F4xx_HAL_Driver/Src/stm32f4xx_hal_i2c_ex.c
Invoking: MCU GCC Compiler
C:\Users\huong\OneDrive\Documents\MCU2\7.Timer_Output_PWM\Release
arm-none-eabi-gcc -mcpu=cortex-m4 -mthumb -mfloat-abi=hard -mfpu=fpv4-sp-d16 -DUSE_HAL_DRIVER -DSTM32F407xx -I../USB_HOST/App -I../USB_HOST/Target -I"C:/Users/huong/OneDrive/Documents/MCU2/7.Timer_Output_PWM/Core/Inc" -I"C:/Users/huong/OneDrive/Documents/MCU2/7.Timer_Output_PWM/Drivers/STM32F4xx_HAL_Driver/Inc" -I"C:/Users/huong/OneDrive/Documents/MCU2/7.Timer_Output_PWM/Drivers/STM32F4xx_HAL_Driver/Inc/Legacy" -I../Middlewares/ST/STM32_USB_Host_Library/Core/Inc -I../Middlewares/ST/STM32_USB_Host_Library/Class/CDC/Inc -I"C:/Users/huong/OneDrive/Documents/MCU2/7.Timer_Output_PWM/Drivers/CMSIS/Device/ST/STM32F4xx/Include" -I"C:/Users/huong/OneDrive/Documents/MCU2/7.Timer_Output_PWM/Drivers/CMSIS/Include"  -Og -g3 -Wall -fmessage-length=0 -ffunction-sections -c -fmessage-length=0 -MMD -MP -MF"Drivers/STM32F4xx_HAL_Driver/Src/stm32f4xx_hal_i2c_ex.d" -MT"Drivers/STM32F4xx_HAL_Driver/Src/stm32f4xx_hal_i2c_ex.o" -o "Drivers/STM32F4xx_HAL_Driver/Src/stm32f4xx_hal_i2c_ex.o" "../Drivers/STM32F4xx_HAL_Driver/Src/stm32f4xx_hal_i2c_ex.c"
Finished building: ../Drivers/STM32F4xx_HAL_Driver/Src/stm32f4xx_hal_hcd.c
 
Building file: ../Drivers/STM32F4xx_HAL_Driver/Src/stm32f4xx_hal_i2s.c
Invoking: MCU GCC Compiler
C:\Users\huong\OneDrive\Documents\MCU2\7.Timer_Output_PWM\Release
arm-none-eabi-gcc -mcpu=cortex-m4 -mthumb -mfloat-abi=hard -mfpu=fpv4-sp-d16 -DUSE_HAL_DRIVER -DSTM32F407xx -I../USB_HOST/App -I../USB_HOST/Target -I"C:/Users/huong/OneDrive/Documents/MCU2/7.Timer_Output_PWM/Core/Inc" -I"C:/Users/huong/OneDrive/Documents/MCU2/7.Timer_Output_PWM/Drivers/STM32F4xx_HAL_Driver/Inc" -I"C:/Users/huong/OneDrive/Documents/MCU2/7.Timer_Output_PWM/Drivers/STM32F4xx_HAL_Driver/Inc/Legacy" -I../Middlewares/ST/STM32_USB_Host_Library/Core/Inc -I../Middlewares/ST/STM32_USB_Host_Library/Class/CDC/Inc -I"C:/Users/huong/OneDrive/Documents/MCU2/7.Timer_Output_PWM/Drivers/CMSIS/Device/ST/STM32F4xx/Include" -I"C:/Users/huong/OneDrive/Documents/MCU2/7.Timer_Output_PWM/Drivers/CMSIS/Include"  -Og -g3 -Wall -fmessage-length=0 -ffunction-sections -c -fmessage-length=0 -MMD -MP -MF"Drivers/STM32F4xx_HAL_Driver/Src/stm32f4xx_hal_i2s.d" -MT"Drivers/STM32F4xx_HAL_Driver/Src/stm32f4xx_hal_i2s.o" -o "Drivers/STM32F4xx_HAL_Driver/Src/stm32f4xx_hal_i2s.o" "../Drivers/STM32F4xx_HAL_Driver/Src/stm32f4xx_hal_i2s.c"
Finished building: ../Drivers/STM32F4xx_HAL_Driver/Src/stm32f4xx_hal_gpio.c
 
Finished building: ../Drivers/STM32F4xx_HAL_Driver/Src/stm32f4xx_hal_i2c_ex.c
Building file: ../Drivers/STM32F4xx_HAL_Driver/Src/stm32f4xx_hal_i2s_ex.c
 
Invoking: MCU GCC Compiler
Building file: ../Drivers/STM32F4xx_HAL_Driver/Src/stm32f4xx_hal_pwr.c
C:\Users\huong\OneDrive\Documents\MCU2\7.Timer_Output_PWM\Release
Invoking: MCU GCC Compiler
arm-none-eabi-gcc -mcpu=cortex-m4 -mthumb -mfloat-abi=hard -mfpu=fpv4-sp-d16 -DUSE_HAL_DRIVER -DSTM32F407xx -I../USB_HOST/App -I../USB_HOST/Target -I"C:/Users/huong/OneDrive/Documents/MCU2/7.Timer_Output_PWM/Core/Inc" -I"C:/Users/huong/OneDrive/Documents/MCU2/7.Timer_Output_PWM/Drivers/STM32F4xx_HAL_Driver/Inc" -I"C:/Users/huong/OneDrive/Documents/MCU2/7.Timer_Output_PWM/Drivers/STM32F4xx_HAL_Driver/Inc/Legacy" -I../Middlewares/ST/STM32_USB_Host_Library/Core/Inc -I../Middlewares/ST/STM32_USB_Host_Library/Class/CDC/Inc -I"C:/Users/huong/OneDrive/Documents/MCU2/7.Timer_Output_PWM/Drivers/CMSIS/Device/ST/STM32F4xx/Include" -I"C:/Users/huong/OneDrive/Documents/MCU2/7.Timer_Output_PWM/Drivers/CMSIS/Include"  -Og -g3 -Wall -fmessage-length=0 -ffunction-sections -c -fmessage-length=0 -MMD -MP -MF"Drivers/STM32F4xx_HAL_Driver/Src/stm32f4xx_hal_i2s_ex.d" -MT"Drivers/STM32F4xx_HAL_Driver/Src/stm32f4xx_hal_i2s_ex.o" -o "Drivers/STM32F4xx_HAL_Driver/Src/stm32f4xx_hal_i2s_ex.o" "../Drivers/STM32F4xx_HAL_Driver/Src/stm32f4xx_hal_i2s_ex.c"
C:\Users\huong\OneDrive\Documents\MCU2\7.Timer_Output_PWM\Release
arm-none-eabi-gcc -mcpu=cortex-m4 -mthumb -mfloat-abi=hard -mfpu=fpv4-sp-d16 -DUSE_HAL_DRIVER -DSTM32F407xx -I../USB_HOST/App -I../USB_HOST/Target -I"C:/Users/huong/OneDrive/Documents/MCU2/7.Timer_Output_PWM/Core/Inc" -I"C:/Users/huong/OneDrive/Documents/MCU2/7.Timer_Output_PWM/Drivers/STM32F4xx_HAL_Driver/Inc" -I"C:/Users/huong/OneDrive/Documents/MCU2/7.Timer_Output_PWM/Drivers/STM32F4xx_HAL_Driver/Inc/Legacy" -I../Middlewares/ST/STM32_USB_Host_Library/Core/Inc -I../Middlewares/ST/STM32_USB_Host_Library/Class/CDC/Inc -I"C:/Users/huong/OneDrive/Documents/MCU2/7.Timer_Output_PWM/Drivers/CMSIS/Device/ST/STM32F4xx/Include" -I"C:/Users/huong/OneDrive/Documents/MCU2/7.Timer_Output_PWM/Drivers/CMSIS/Include"  -Og -g3 -Wall -fmessage-length=0 -ffunction-sections -c -fmessage-length=0 -MMD -MP -MF"Drivers/STM32F4xx_HAL_Driver/Src/stm32f4xx_hal_pwr.d" -MT"Drivers/STM32F4xx_HAL_Driver/Src/stm32f4xx_hal_pwr.o" -o "Drivers/STM32F4xx_HAL_Driver/Src/stm32f4xx_hal_pwr.o" "../Drivers/STM32F4xx_HAL_Driver/Src/stm32f4xx_hal_pwr.c"
Finished building: ../Drivers/STM32F4xx_HAL_Driver/Src/stm32f4xx_hal_i2c.c
 
Building file: ../Drivers/STM32F4xx_HAL_Driver/Src/stm32f4xx_hal_pwr_ex.c
Invoking: MCU GCC Compiler
C:\Users\huong\OneDrive\Documents\MCU2\7.Timer_Output_PWM\Release
arm-none-eabi-gcc -mcpu=cortex-m4 -mthumb -mfloat-abi=hard -mfpu=fpv4-sp-d16 -DUSE_HAL_DRIVER -DSTM32F407xx -I../USB_HOST/App -I../USB_HOST/Target -I"C:/Users/huong/OneDrive/Documents/MCU2/7.Timer_Output_PWM/Core/Inc" -I"C:/Users/huong/OneDrive/Documents/MCU2/7.Timer_Output_PWM/Drivers/STM32F4xx_HAL_Driver/Inc" -I"C:/Users/huong/OneDrive/Documents/MCU2/7.Timer_Output_PWM/Drivers/STM32F4xx_HAL_Driver/Inc/Legacy" -I../Middlewares/ST/STM32_USB_Host_Library/Core/Inc -I../Middlewares/ST/STM32_USB_Host_Library/Class/CDC/Inc -I"C:/Users/huong/OneDrive/Documents/MCU2/7.Timer_Output_PWM/Drivers/CMSIS/Device/ST/STM32F4xx/Include" -I"C:/Users/huong/OneDrive/Documents/MCU2/7.Timer_Output_PWM/Drivers/CMSIS/Include"  -Og -g3 -Wall -fmessage-length=0 -ffunction-sections -c -fmessage-length=0 -MMD -MP -MF"Drivers/STM32F4xx_HAL_Driver/Src/stm32f4xx_hal_pwr_ex.d" -MT"Drivers/STM32F4xx_HAL_Driver/Src/stm32f4xx_hal_pwr_ex.o" -o "Drivers/STM32F4xx_HAL_Driver/Src/stm32f4xx_hal_pwr_ex.o" "../Drivers/STM32F4xx_HAL_Driver/Src/stm32f4xx_hal_pwr_ex.c"
Finished building: ../Drivers/STM32F4xx_HAL_Driver/Src/stm32f4xx_hal_i2s.c
 
Building file: ../Drivers/STM32F4xx_HAL_Driver/Src/stm32f4xx_hal_rcc.c
Invoking: MCU GCC Compiler
Finished building: ../Drivers/STM32F4xx_HAL_Driver/Src/stm32f4xx_hal_pwr.c
C:\Users\huong\OneDrive\Documents\MCU2\7.Timer_Output_PWM\Release
arm-none-eabi-gcc -mcpu=cortex-m4 -mthumb -mfloat-abi=hard -mfpu=fpv4-sp-d16 -DUSE_HAL_DRIVER -DSTM32F407xx -I../USB_HOST/App -I../USB_HOST/Target -I"C:/Users/huong/OneDrive/Documents/MCU2/7.Timer_Output_PWM/Core/Inc" -I"C:/Users/huong/OneDrive/Documents/MCU2/7.Timer_Output_PWM/Drivers/STM32F4xx_HAL_Driver/Inc" -I"C:/Users/huong/OneDrive/Documents/MCU2/7.Timer_Output_PWM/Drivers/STM32F4xx_HAL_Driver/Inc/Legacy" -I../Middlewares/ST/STM32_USB_Host_Library/Core/Inc -I../Middlewares/ST/STM32_USB_Host_Library/Class/CDC/Inc -I"C:/Users/huong/OneDrive/Documents/MCU2/7.Timer_Output_PWM/Drivers/CMSIS/Device/ST/STM32F4xx/Include" -I"C:/Users/huong/OneDrive/Documents/MCU2/7.Timer_Output_PWM/Drivers/CMSIS/Include"  -Og -g3 -Wall -fmessage-length=0 -ffunction-sections -c -fmessage-length=0 -MMD -MP -MF"Drivers/STM32F4xx_HAL_Driver/Src/stm32f4xx_hal_rcc.d" -MT"Drivers/STM32F4xx_HAL_Driver/Src/stm32f4xx_hal_rcc.o" -o "Drivers/STM32F4xx_HAL_Driver/Src/stm32f4xx_hal_rcc.o" "../Drivers/STM32F4xx_HAL_Driver/Src/stm32f4xx_hal_rcc.c"
 
Finished building: ../Drivers/STM32F4xx_HAL_Driver/Src/stm32f4xx_hal_i2s_ex.c
Building file: ../Drivers/STM32F4xx_HAL_Driver/Src/stm32f4xx_hal_rcc_ex.c
Invoking: MCU GCC Compiler
 
C:\Users\huong\OneDrive\Documents\MCU2\7.Timer_Output_PWM\Release
Building file: ../Drivers/STM32F4xx_HAL_Driver/Src/stm32f4xx_hal_spi.c
arm-none-eabi-gcc -mcpu=cortex-m4 -mthumb -mfloat-abi=hard -mfpu=fpv4-sp-d16 -DUSE_HAL_DRIVER -DSTM32F407xx -I../USB_HOST/App -I../USB_HOST/Target -I"C:/Users/huong/OneDrive/Documents/MCU2/7.Timer_Output_PWM/Core/Inc" -I"C:/Users/huong/OneDrive/Documents/MCU2/7.Timer_Output_PWM/Drivers/STM32F4xx_HAL_Driver/Inc" -I"C:/Users/huong/OneDrive/Documents/MCU2/7.Timer_Output_PWM/Drivers/STM32F4xx_HAL_Driver/Inc/Legacy" -I../Middlewares/ST/STM32_USB_Host_Library/Core/Inc -I../Middlewares/ST/STM32_USB_Host_Library/Class/CDC/Inc -I"C:/Users/huong/OneDrive/Documents/MCU2/7.Timer_Output_PWM/Drivers/CMSIS/Device/ST/STM32F4xx/Include" -I"C:/Users/huong/OneDrive/Documents/MCU2/7.Timer_Output_PWM/Drivers/CMSIS/Include"  -Og -g3 -Wall -fmessage-length=0 -ffunction-sections -c -fmessage-length=0 -MMD -MP -MF"Drivers/STM32F4xx_HAL_Driver/Src/stm32f4xx_hal_rcc_ex.d" -MT"Drivers/STM32F4xx_HAL_Driver/Src/stm32f4xx_hal_rcc_ex.o" -o "Drivers/STM32F4xx_HAL_Driver/Src/stm32f4xx_hal_rcc_ex.o" "../Drivers/STM32F4xx_HAL_Driver/Src/stm32f4xx_hal_rcc_ex.c"
Invoking: MCU GCC Compiler
C:\Users\huong\OneDrive\Documents\MCU2\7.Timer_Output_PWM\Release
arm-none-eabi-gcc -mcpu=cortex-m4 -mthumb -mfloat-abi=hard -mfpu=fpv4-sp-d16 -DUSE_HAL_DRIVER -DSTM32F407xx -I../USB_HOST/App -I../USB_HOST/Target -I"C:/Users/huong/OneDrive/Documents/MCU2/7.Timer_Output_PWM/Core/Inc" -I"C:/Users/huong/OneDrive/Documents/MCU2/7.Timer_Output_PWM/Drivers/STM32F4xx_HAL_Driver/Inc" -I"C:/Users/huong/OneDrive/Documents/MCU2/7.Timer_Output_PWM/Drivers/STM32F4xx_HAL_Driver/Inc/Legacy" -I../Middlewares/ST/STM32_USB_Host_Library/Core/Inc -I../Middlewares/ST/STM32_USB_Host_Library/Class/CDC/Inc -I"C:/Users/huong/OneDrive/Documents/MCU2/7.Timer_Output_PWM/Drivers/CMSIS/Device/ST/STM32F4xx/Include" -I"C:/Users/huong/OneDrive/Documents/MCU2/7.Timer_Output_PWM/Drivers/CMSIS/Include"  -Og -g3 -Wall -fmessage-length=0 -ffunction-sections -c -fmessage-length=0 -MMD -MP -MF"Drivers/STM32F4xx_HAL_Driver/Src/stm32f4xx_hal_spi.d" -MT"Drivers/STM32F4xx_HAL_Driver/Src/stm32f4xx_hal_spi.o" -o "Drivers/STM32F4xx_HAL_Driver/Src/stm32f4xx_hal_spi.o" "../Drivers/STM32F4xx_HAL_Driver/Src/stm32f4xx_hal_spi.c"
Finished building: ../Drivers/STM32F4xx_HAL_Driver/Src/stm32f4xx_hal_pwr_ex.c
 
Building file: ../Drivers/STM32F4xx_HAL_Driver/Src/stm32f4xx_hal_tim.c
Invoking: MCU GCC Compiler
C:\Users\huong\OneDrive\Documents\MCU2\7.Timer_Output_PWM\Release
arm-none-eabi-gcc -mcpu=cortex-m4 -mthumb -mfloat-abi=hard -mfpu=fpv4-sp-d16 -DUSE_HAL_DRIVER -DSTM32F407xx -I../USB_HOST/App -I../USB_HOST/Target -I"C:/Users/huong/OneDrive/Documents/MCU2/7.Timer_Output_PWM/Core/Inc" -I"C:/Users/huong/OneDrive/Documents/MCU2/7.Timer_Output_PWM/Drivers/STM32F4xx_HAL_Driver/Inc" -I"C:/Users/huong/OneDrive/Documents/MCU2/7.Timer_Output_PWM/Drivers/STM32F4xx_HAL_Driver/Inc/Legacy" -I../Middlewares/ST/STM32_USB_Host_Library/Core/Inc -I../Middlewares/ST/STM32_USB_Host_Library/Class/CDC/Inc -I"C:/Users/huong/OneDrive/Documents/MCU2/7.Timer_Output_PWM/Drivers/CMSIS/Device/ST/STM32F4xx/Include" -I"C:/Users/huong/OneDrive/Documents/MCU2/7.Timer_Output_PWM/Drivers/CMSIS/Include"  -Og -g3 -Wall -fmessage-length=0 -ffunction-sections -c -fmessage-length=0 -MMD -MP -MF"Drivers/STM32F4xx_HAL_Driver/Src/stm32f4xx_hal_tim.d" -MT"Drivers/STM32F4xx_HAL_Driver/Src/stm32f4xx_hal_tim.o" -o "Drivers/STM32F4xx_HAL_Driver/Src/stm32f4xx_hal_tim.o" "../Drivers/STM32F4xx_HAL_Driver/Src/stm32f4xx_hal_tim.c"
Finished building: ../Drivers/STM32F4xx_HAL_Driver/Src/stm32f4xx_hal_rcc.c
Finished building: ../Drivers/STM32F4xx_HAL_Driver/Src/stm32f4xx_hal_rcc_ex.c
 
 
Building file: ../Drivers/STM32F4xx_HAL_Driver/Src/stm32f4xx_hal_tim_ex.c
Building file: ../Drivers/STM32F4xx_HAL_Driver/Src/stm32f4xx_hal_uart.c
Invoking: MCU GCC Compiler
Invoking: MCU GCC Compiler
C:\Users\huong\OneDrive\Documents\MCU2\7.Timer_Output_PWM\Release
C:\Users\huong\OneDrive\Documents\MCU2\7.Timer_Output_PWM\Release
arm-none-eabi-gcc -mcpu=cortex-m4 -mthumb -mfloat-abi=hard -mfpu=fpv4-sp-d16 -DUSE_HAL_DRIVER -DSTM32F407xx -I../USB_HOST/App -I../USB_HOST/Target -I"C:/Users/huong/OneDrive/Documents/MCU2/7.Timer_Output_PWM/Core/Inc" -I"C:/Users/huong/OneDrive/Documents/MCU2/7.Timer_Output_PWM/Drivers/STM32F4xx_HAL_Driver/Inc" -I"C:/Users/huong/OneDrive/Documents/MCU2/7.Timer_Output_PWM/Drivers/STM32F4xx_HAL_Driver/Inc/Legacy" -I../Middlewares/ST/STM32_USB_Host_Library/Core/Inc -I../Middlewares/ST/STM32_USB_Host_Library/Class/CDC/Inc -I"C:/Users/huong/OneDrive/Documents/MCU2/7.Timer_Output_PWM/Drivers/CMSIS/Device/ST/STM32F4xx/Include" -I"C:/Users/huong/OneDrive/Documents/MCU2/7.Timer_Output_PWM/Drivers/CMSIS/Include"  -Og -g3 -Wall -fmessage-length=0 -ffunction-sections -c -fmessage-length=0 -MMD -MP -MF"Drivers/STM32F4xx_HAL_Driver/Src/stm32f4xx_hal_tim_ex.d" -MT"Drivers/STM32F4xx_HAL_Driver/Src/stm32f4xx_hal_tim_ex.o" -o "Drivers/STM32F4xx_HAL_Driver/Src/stm32f4xx_hal_tim_ex.o" "../Drivers/STM32F4xx_HAL_Driver/Src/stm32f4xx_hal_tim_ex.c"
arm-none-eabi-gcc -mcpu=cortex-m4 -mthumb -mfloat-abi=hard -mfpu=fpv4-sp-d16 -DUSE_HAL_DRIVER -DSTM32F407xx -I../USB_HOST/App -I../USB_HOST/Target -I"C:/Users/huong/OneDrive/Documents/MCU2/7.Timer_Output_PWM/Core/Inc" -I"C:/Users/huong/OneDrive/Documents/MCU2/7.Timer_Output_PWM/Drivers/STM32F4xx_HAL_Driver/Inc" -I"C:/Users/huong/OneDrive/Documents/MCU2/7.Timer_Output_PWM/Drivers/STM32F4xx_HAL_Driver/Inc/Legacy" -I../Middlewares/ST/STM32_USB_Host_Library/Core/Inc -I../Middlewares/ST/STM32_USB_Host_Library/Class/CDC/Inc -I"C:/Users/huong/OneDrive/Documents/MCU2/7.Timer_Output_PWM/Drivers/CMSIS/Device/ST/STM32F4xx/Include" -I"C:/Users/huong/OneDrive/Documents/MCU2/7.Timer_Output_PWM/Drivers/CMSIS/Include"  -Og -g3 -Wall -fmessage-length=0 -ffunction-sections -c -fmessage-length=0 -MMD -MP -MF"Drivers/STM32F4xx_HAL_Driver/Src/stm32f4xx_hal_uart.d" -MT"Drivers/STM32F4xx_HAL_Driver/Src/stm32f4xx_hal_uart.o" -o "Drivers/STM32F4xx_HAL_Driver/Src/stm32f4xx_hal_uart.o" "../Drivers/STM32F4xx_HAL_Driver/Src/stm32f4xx_hal_uart.c"
Finished building: ../Drivers/STM32F4xx_HAL_Driver/Src/stm32f4xx_hal_spi.c
 
Building file: ../Drivers/STM32F4xx_HAL_Driver/Src/stm32f4xx_ll_usb.c
Invoking: MCU GCC Compiler
C:\Users\huong\OneDrive\Documents\MCU2\7.Timer_Output_PWM\Release
arm-none-eabi-gcc -mcpu=cortex-m4 -mthumb -mfloat-abi=hard -mfpu=fpv4-sp-d16 -DUSE_HAL_DRIVER -DSTM32F407xx -I../USB_HOST/App -I../USB_HOST/Target -I"C:/Users/huong/OneDrive/Documents/MCU2/7.Timer_Output_PWM/Core/Inc" -I"C:/Users/huong/OneDrive/Documents/MCU2/7.Timer_Output_PWM/Drivers/STM32F4xx_HAL_Driver/Inc" -I"C:/Users/huong/OneDrive/Documents/MCU2/7.Timer_Output_PWM/Drivers/STM32F4xx_HAL_Driver/Inc/Legacy" -I../Middlewares/ST/STM32_USB_Host_Library/Core/Inc -I../Middlewares/ST/STM32_USB_Host_Library/Class/CDC/Inc -I"C:/Users/huong/OneDrive/Documents/MCU2/7.Timer_Output_PWM/Drivers/CMSIS/Device/ST/STM32F4xx/Include" -I"C:/Users/huong/OneDrive/Documents/MCU2/7.Timer_Output_PWM/Drivers/CMSIS/Include"  -Og -g3 -Wall -fmessage-length=0 -ffunction-sections -c -fmessage-length=0 -MMD -MP -MF"Drivers/STM32F4xx_HAL_Driver/Src/stm32f4xx_ll_usb.d" -MT"Drivers/STM32F4xx_HAL_Driver/Src/stm32f4xx_ll_usb.o" -o "Drivers/STM32F4xx_HAL_Driver/Src/stm32f4xx_ll_usb.o" "../Drivers/STM32F4xx_HAL_Driver/Src/stm32f4xx_ll_usb.c"
Finished building: ../Drivers/STM32F4xx_HAL_Driver/Src/stm32f4xx_hal_tim_ex.c
Finished building: ../Drivers/STM32F4xx_HAL_Driver/Src/stm32f4xx_hal_tim.c
 
 
Finished building: ../Drivers/STM32F4xx_HAL_Driver/Src/stm32f4xx_hal_uart.c
Building file: ../Core/Src/it.c
 
Building file: ../Core/Src/main.c
Invoking: MCU GCC Compiler
Invoking: MCU GCC Compiler
C:\Users\huong\OneDrive\Documents\MCU2\7.Timer_Output_PWM\Release
Building file: ../Core/Src/msp.c
arm-none-eabi-gcc -mcpu=cortex-m4 -mthumb -mfloat-abi=hard -mfpu=fpv4-sp-d16 -DUSE_HAL_DRIVER -DSTM32F407xx -I../USB_HOST/App -I../USB_HOST/Target -I"C:/Users/huong/OneDrive/Documents/MCU2/7.Timer_Output_PWM/Core/Inc" -I"C:/Users/huong/OneDrive/Documents/MCU2/7.Timer_Output_PWM/Drivers/STM32F4xx_HAL_Driver/Inc" -I"C:/Users/huong/OneDrive/Documents/MCU2/7.Timer_Output_PWM/Drivers/STM32F4xx_HAL_Driver/Inc/Legacy" -I../Middlewares/ST/STM32_USB_Host_Library/Core/Inc -I../Middlewares/ST/STM32_USB_Host_Library/Class/CDC/Inc -I"C:/Users/huong/OneDrive/Documents/MCU2/7.Timer_Output_PWM/Drivers/CMSIS/Device/ST/STM32F4xx/Include" -I"C:/Users/huong/OneDrive/Documents/MCU2/7.Timer_Output_PWM/Drivers/CMSIS/Include"  -Og -g3 -Wall -fmessage-length=0 -ffunction-sections -c -fmessage-length=0 -MMD -MP -MF"Core/Src/it.d" -MT"Core/Src/it.o" -o "Core/Src/it.o" "../Core/Src/it.c"
C:\Users\huong\OneDrive\Documents\MCU2\7.Timer_Output_PWM\Release
Invoking: MCU GCC Compiler
arm-none-eabi-gcc -mcpu=cortex-m4 -mthumb -mfloat-abi=hard -mfpu=fpv4-sp-d16 -DUSE_HAL_DRIVER -DSTM32F407xx -I../USB_HOST/App -I../USB_HOST/Target -I"C:/Users/huong/OneDrive/Documents/MCU2/7.Timer_Output_PWM/Core/Inc" -I"C:/Users/huong/OneDrive/Documents/MCU2/7.Timer_Output_PWM/Drivers/STM32F4xx_HAL_Driver/Inc" -I"C:/Users/huong/OneDrive/Documents/MCU2/7.Timer_Output_PWM/Drivers/STM32F4xx_HAL_Driver/Inc/Legacy" -I../Middlewares/ST/STM32_USB_Host_Library/Core/Inc -I../Middlewares/ST/STM32_USB_Host_Library/Class/CDC/Inc -I"C:/Users/huong/OneDrive/Documents/MCU2/7.Timer_Output_PWM/Drivers/CMSIS/Device/ST/STM32F4xx/Include" -I"C:/Users/huong/OneDrive/Documents/MCU2/7.Timer_Output_PWM/Drivers/CMSIS/Include"  -Og -g3 -Wall -fmessage-length=0 -ffunction-sections -c -fmessage-length=0 -MMD -MP -MF"Core/Src/main.d" -MT"Core/Src/main.o" -o "Core/Src/main.o" "../Core/Src/main.c"
C:\Users\huong\OneDrive\Documents\MCU2\7.Timer_Output_PWM\Release
arm-none-eabi-gcc -mcpu=cortex-m4 -mthumb -mfloat-abi=hard -mfpu=fpv4-sp-d16 -DUSE_HAL_DRIVER -DSTM32F407xx -I../USB_HOST/App -I../USB_HOST/Target -I"C:/Users/huong/OneDrive/Documents/MCU2/7.Timer_Output_PWM/Core/Inc" -I"C:/Users/huong/OneDrive/Documents/MCU2/7.Timer_Output_PWM/Drivers/STM32F4xx_HAL_Driver/Inc" -I"C:/Users/huong/OneDrive/Documents/MCU2/7.Timer_Output_PWM/Drivers/STM32F4xx_HAL_Driver/Inc/Legacy" -I../Middlewares/ST/STM32_USB_Host_Library/Core/Inc -I../Middlewares/ST/STM32_USB_Host_Library/Class/CDC/Inc -I"C:/Users/huong/OneDrive/Documents/MCU2/7.Timer_Output_PWM/Drivers/CMSIS/Device/ST/STM32F4xx/Include" -I"C:/Users/huong/OneDrive/Documents/MCU2/7.Timer_Output_PWM/Drivers/CMSIS/Include"  -Og -g3 -Wall -fmessage-length=0 -ffunction-sections -c -fmessage-length=0 -MMD -MP -MF"Core/Src/msp.d" -MT"Core/Src/msp.o" -o "Core/Src/msp.o" "../Core/Src/msp.c"
Finished building: ../Drivers/STM32F4xx_HAL_Driver/Src/stm32f4xx_ll_usb.c
 
Building file: ../Core/Src/syscalls.c
Invoking: MCU GCC Compiler
Finished building: ../Core/Src/it.c
C:\Users\huong\OneDrive\Documents\MCU2\7.Timer_Output_PWM\Release
arm-none-eabi-gcc -mcpu=cortex-m4 -mthumb -mfloat-abi=hard -mfpu=fpv4-sp-d16 -DUSE_HAL_DRIVER -DSTM32F407xx -I../USB_HOST/App -I../USB_HOST/Target -I"C:/Users/huong/OneDrive/Documents/MCU2/7.Timer_Output_PWM/Core/Inc" -I"C:/Users/huong/OneDrive/Documents/MCU2/7.Timer_Output_PWM/Drivers/STM32F4xx_HAL_Driver/Inc" -I"C:/Users/huong/OneDrive/Documents/MCU2/7.Timer_Output_PWM/Drivers/STM32F4xx_HAL_Driver/Inc/Legacy" -I../Middlewares/ST/STM32_USB_Host_Library/Core/Inc -I../Middlewares/ST/STM32_USB_Host_Library/Class/CDC/Inc -I"C:/Users/huong/OneDrive/Documents/MCU2/7.Timer_Output_PWM/Drivers/CMSIS/Device/ST/STM32F4xx/Include" -I"C:/Users/huong/OneDrive/Documents/MCU2/7.Timer_Output_PWM/Drivers/CMSIS/Include"  -Og -g3 -Wall -fmessage-length=0 -ffunction-sections -c -fmessage-length=0 -MMD -MP -MF"Core/Src/syscalls.d" -MT"Core/Src/syscalls.o" -o "Core/Src/syscalls.o" "../Core/Src/syscalls.c"
 
Building file: ../Core/Src/system_stm32f4xx.c
Finished building: ../Core/Src/msp.c
Invoking: MCU GCC Compiler
Finished building: ../Core/Src/main.c
 
C:\Users\huong\OneDrive\Documents\MCU2\7.Timer_Output_PWM\Release
 
arm-none-eabi-gcc -mcpu=cortex-m4 -mthumb -mfloat-abi=hard -mfpu=fpv4-sp-d16 -DUSE_HAL_DRIVER -DSTM32F407xx -I../USB_HOST/App -I../USB_HOST/Target -I"C:/Users/huong/OneDrive/Documents/MCU2/7.Timer_Output_PWM/Core/Inc" -I"C:/Users/huong/OneDrive/Documents/MCU2/7.Timer_Output_PWM/Drivers/STM32F4xx_HAL_Driver/Inc" -I"C:/Users/huong/OneDrive/Documents/MCU2/7.Timer_Output_PWM/Drivers/STM32F4xx_HAL_Driver/Inc/Legacy" -I../Middlewares/ST/STM32_USB_Host_Library/Core/Inc -I../Middlewares/ST/STM32_USB_Host_Library/Class/CDC/Inc -I"C:/Users/huong/OneDrive/Documents/MCU2/7.Timer_Output_PWM/Drivers/CMSIS/Device/ST/STM32F4xx/Include" -I"C:/Users/huong/OneDrive/Documents/MCU2/7.Timer_Output_PWM/Drivers/CMSIS/Include"  -Og -g3 -Wall -fmessage-length=0 -ffunction-sections -c -fmessage-length=0 -MMD -MP -MF"Core/Src/system_stm32f4xx.d" -MT"Core/Src/system_stm32f4xx.o" -o "Core/Src/system_stm32f4xx.o" "../Core/Src/system_stm32f4xx.c"
Finished building: ../Core/Src/syscalls.c
 
Finished building: ../Core/Src/system_stm32f4xx.c
 
Building target: 7.Timer_Output_PWM.elf
Invoking: MCU GCC Linker
arm-none-eabi-gcc -mcpu=cortex-m4 -mthumb -mfloat-abi=hard -mfpu=fpv4-sp-d16 -specs=nosys.specs -specs=nano.specs -T"../STM32F407VGTx_FLASH.ld" -Wl,-Map=output.map -Wl,--gc-sections -o "7.Timer_Output_PWM.elf" @"objects.list"   -lm
Finished building target: 7.Timer_Output_PWM.elf
 
make --no-print-directory post-build
Generating hex and Printing size information:
arm-none-eabi-objcopy -O ihex "7.Timer_Output_PWM.elf" "7.Timer_Output_PWM.hex"
arm-none-eabi-size "7.Timer_Output_PWM.elf"
   text	   data	    bss	    dec	    hex	filename
   8072	     24	   1824	   9920	   26c0	7.Timer_Output_PWM.elf
 

19:45:23 Build Finished (took 16s.999ms)

